# pipeline profile — started 2026-07-21 09:11:14
[PROF 09:11:14]   1 frames   31.93 ms/frame  ->  31.3 FPS
   capture           3.12 ms    9.8%
   track            19.07 ms   59.7%
   ctrl+mav          0.57 ms    1.8%
   hud               3.59 ms   11.2%
   display           5.58 ms   17.5%
     detect          0.00 ms  (sub)
     tracker         0.00 ms  (sub)
[PROF 09:11:16]  51 frames   34.11 ms/frame  ->  29.3 FPS
   capture           4.16 ms   12.2%
   track            18.84 ms   55.2%
   ctrl+mav          0.52 ms    1.5%
   hud               3.75 ms   11.0%
   display           6.84 ms   20.1%
     detect          0.00 ms  (sub)
     tracker         0.00 ms  (sub)
[PROF 09:11:18]  46 frames   36.81 ms/frame  ->  27.2 FPS
   capture           3.68 ms   10.0%
   track            19.40 ms   52.7%
   ctrl+mav          3.37 ms    9.2%
   hud               3.83 ms   10.4%
   display           6.52 ms   17.7%
     detect          0.00 ms  (sub)
     tracker         0.00 ms  (sub)
[PROF 09:11:20]  48 frames   33.06 ms/frame  ->  30.2 FPS
   capture           3.85 ms   11.7%
   track            18.81 ms   56.9%
   ctrl+mav          0.53 ms    1.6%
   hud               3.56 ms   10.8%
   display           6.31 ms   19.1%
     detect          0.00 ms  (sub)
     tracker         0.00 ms  (sub)
[PROF 09:11:22]  49 frames   34.11 ms/frame  ->  29.3 FPS
   capture           3.91 ms   11.5%
   track            19.21 ms   56.3%
   ctrl+mav          0.54 ms    1.6%
   hud               3.71 ms   10.9%
   display           6.74 ms   19.8%
     detect          0.00 ms  (sub)
     tracker         0.00 ms  (sub)
[PROF 09:11:24]  23 frames   87.75 ms/frame  ->  11.4 FPS
   capture           3.77 ms    4.3%
   track            72.93 ms   83.1%
   ctrl+mav          0.83 ms    0.9%
   hud               3.88 ms    4.4%
   display           6.34 ms    7.2%
     detect          0.00 ms  (sub)
     tracker        68.86 ms  (sub)
[PROF 09:11:26]  41 frames   46.80 ms/frame  ->  21.4 FPS
   capture           3.69 ms    7.9%
   track            31.79 ms   67.9%
   ctrl+mav          0.58 ms    1.2%
   hud               3.96 ms    8.5%
   display           6.79 ms   14.5%
     detect          0.00 ms  (sub)
     tracker        16.35 ms  (sub)
[PROF 09:11:28]  27 frames   75.44 ms/frame  ->  13.3 FPS
   capture           3.10 ms    4.1%
   track            61.67 ms   81.7%
   ctrl+mav          0.81 ms    1.1%
   hud               3.91 ms    5.2%
   display           5.94 ms    7.9%
     detect          0.00 ms  (sub)
     tracker        57.49 ms  (sub)
[PROF 09:11:30]  45 frames   43.86 ms/frame  ->  22.8 FPS
   capture           3.82 ms    8.7%
   track            27.96 ms   63.8%
   ctrl+mav          0.60 ms    1.4%
   hud               4.10 ms    9.3%
   display           7.38 ms   16.8%
     detect          0.00 ms  (sub)
     tracker        10.40 ms  (sub)
[PROF 09:11:32]  49 frames   34.80 ms/frame  ->  28.7 FPS
   capture           3.79 ms   10.9%
   track            19.84 ms   57.0%
   ctrl+mav          0.54 ms    1.6%
   hud               3.84 ms   11.0%
   display           6.78 ms   19.5%
     detect          0.00 ms  (sub)
     tracker         0.00 ms  (sub)
[PROF 09:11:34]  54 frames   34.06 ms/frame  ->  29.4 FPS
   capture           4.07 ms   11.9%
   track            19.16 ms   56.2%
   ctrl+mav          0.54 ms    1.6%
   hud               3.75 ms   11.0%
   display           6.54 ms   19.2%
     detect          0.00 ms  (sub)
     tracker         0.00 ms  (sub)
[PROF 09:11:36]  50 frames   35.93 ms/frame  ->  27.8 FPS
   capture           4.26 ms   11.9%
   track            20.21 ms   56.2%
   ctrl+mav          0.64 ms    1.8%
   hud               4.00 ms   11.1%
   display           6.83 ms   19.0%
     detect          0.00 ms  (sub)
     tracker         0.00 ms  (sub)
[PROF 09:11:38]  49 frames   35.02 ms/frame  ->  28.6 FPS
   capture           3.94 ms   11.3%
   track            19.95 ms   57.0%
   ctrl+mav          0.54 ms    1.6%
   hud               3.95 ms   11.3%
   display           6.64 ms   19.0%
     detect          0.00 ms  (sub)
     tracker         0.00 ms  (sub)
[PROF 09:11:40]  48 frames   35.91 ms/frame  ->  27.8 FPS
   capture           3.95 ms   11.0%
   track            20.72 ms   57.7%
   ctrl+mav          0.59 ms    1.6%
   hud               4.04 ms   11.3%
   display           6.61 ms   18.4%
     detect          0.00 ms  (sub)
     tracker         0.00 ms  (sub)
[PROF 09:11:42]  51 frames   35.04 ms/frame  ->  28.5 FPS
   capture           3.84 ms   11.0%
   track            20.04 ms   57.2%
   ctrl+mav          0.56 ms    1.6%
   hud               3.76 ms   10.7%
   display           6.83 ms   19.5%
     detect          0.00 ms  (sub)
     tracker         0.00 ms  (sub)
[PROF 09:11:44]  48 frames   33.42 ms/frame  ->  29.9 FPS
   capture           3.31 ms    9.9%
   track            19.06 ms   57.0%
   ctrl+mav          0.58 ms    1.7%
   hud               3.70 ms   11.1%
   display           6.78 ms   20.3%
     detect          0.00 ms  (sub)
     tracker         0.00 ms  (sub)
[PROF 09:11:46]  46 frames   35.13 ms/frame  ->  28.5 FPS
   capture           4.00 ms   11.4%
   track            20.18 ms   57.5%
   ctrl+mav          0.57 ms    1.6%
   hud               3.73 ms   10.6%
   display           6.65 ms   18.9%
     detect          0.00 ms  (sub)
     tracker         0.00 ms  (sub)
[PROF 09:11:49]  41 frames   44.87 ms/frame  ->  22.3 FPS
   capture           3.72 ms    8.3%
   track            29.60 ms   66.0%
   ctrl+mav          0.59 ms    1.3%
   hud               4.30 ms    9.6%
   display           6.65 ms   14.8%
     detect          0.00 ms  (sub)
     tracker        13.91 ms  (sub)
[PROF 09:11:51]  22 frames   93.53 ms/frame  ->  10.7 FPS
   capture           3.21 ms    3.4%
   track            78.85 ms   84.3%
   ctrl+mav          0.90 ms    1.0%
   hud               4.12 ms    4.4%
   display           6.45 ms    6.9%
     detect          0.00 ms  (sub)
     tracker        76.47 ms  (sub)
[PROF 09:11:53]  25 frames   79.20 ms/frame  ->  12.6 FPS
   capture           3.23 ms    4.1%
   track            65.17 ms   82.3%
   ctrl+mav          0.74 ms    0.9%
   hud               3.81 ms    4.8%
   display           6.25 ms    7.9%
     detect          0.00 ms  (sub)
     tracker        58.36 ms  (sub)
[PROF 09:11:55]  48 frames   34.84 ms/frame  ->  28.7 FPS
   capture           3.82 ms   11.0%
   track            19.93 ms   57.2%
   ctrl+mav          0.62 ms    1.8%
   hud               3.85 ms   11.0%
   display           6.62 ms   19.0%
     detect          0.00 ms  (sub)
     tracker         0.00 ms  (sub)
[PROF 09:11:57]  46 frames   35.49 ms/frame  ->  28.2 FPS
   capture           3.97 ms   11.2%
   track            19.96 ms   56.2%
   ctrl+mav          0.62 ms    1.7%
   hud               3.95 ms   11.1%
   display           6.99 ms   19.7%
     detect          0.00 ms  (sub)
     tracker         0.00 ms  (sub)
[PROF 09:11:59]  47 frames   36.20 ms/frame  ->  27.6 FPS
   capture           3.80 ms   10.5%
   track            20.87 ms   57.6%
   ctrl+mav          0.59 ms    1.6%
   hud               4.02 ms   11.1%
   display           6.93 ms   19.1%
     detect          0.00 ms  (sub)
     tracker         0.00 ms  (sub)
[PROF 09:12:01]  50 frames   34.00 ms/frame  ->  29.4 FPS
   capture           3.58 ms   10.5%
   track            19.42 ms   57.1%
   ctrl+mav          0.60 ms    1.8%
   hud               3.68 ms   10.8%
   display           6.72 ms   19.8%
     detect          0.00 ms  (sub)
     tracker         0.00 ms  (sub)
[PROF 09:12:03]  49 frames   34.78 ms/frame  ->  28.8 FPS
   capture           4.13 ms   11.9%
   track            19.55 ms   56.2%
   ctrl+mav          0.55 ms    1.6%
   hud               3.84 ms   11.0%
   display           6.72 ms   19.3%
     detect          0.00 ms  (sub)
     tracker         0.00 ms  (sub)
[PROF 09:12:05]  52 frames   34.22 ms/frame  ->  29.2 FPS
   capture           3.82 ms   11.2%
   track            19.27 ms   56.3%
   ctrl+mav          0.51 ms    1.5%
   hud               3.93 ms   11.5%
   display           6.70 ms   19.6%
     detect          0.00 ms  (sub)
     tracker         0.00 ms  (sub)
[PROF 09:12:07]  45 frames   36.67 ms/frame  ->  27.3 FPS
   capture           4.03 ms   11.0%
   track            21.03 ms   57.3%
   ctrl+mav          0.62 ms    1.7%
   hud               3.96 ms   10.8%
   display           7.04 ms   19.2%
     detect          0.00 ms  (sub)
     tracker         0.00 ms  (sub)
[PROF 09:12:09]  48 frames   35.07 ms/frame  ->  28.5 FPS
   capture           3.81 ms   10.9%
   track            19.89 ms   56.7%
   ctrl+mav          0.71 ms    2.0%
   hud               3.97 ms   11.3%
   display           6.70 ms   19.1%
     detect          0.00 ms  (sub)
     tracker         0.00 ms  (sub)
[PROF 09:12:11]  46 frames   34.75 ms/frame  ->  28.8 FPS
   capture           3.79 ms   10.9%
   track            19.97 ms   57.5%
   ctrl+mav          0.58 ms    1.7%
   hud               3.95 ms   11.4%
   display           6.46 ms   18.6%
     detect          0.00 ms  (sub)
     tracker         0.00 ms  (sub)
[PROF 09:12:13]  50 frames   35.22 ms/frame  ->  28.4 FPS
   capture           3.82 ms   10.8%
   track            19.89 ms   56.5%
   ctrl+mav          0.69 ms    2.0%
   hud               3.86 ms   11.0%
   display           6.96 ms   19.8%
     detect          0.00 ms  (sub)
     tracker         0.00 ms  (sub)
[PROF 09:12:15]  43 frames   42.63 ms/frame  ->  23.5 FPS
   capture           3.55 ms    8.3%
   track            27.26 ms   64.0%
   ctrl+mav          0.59 ms    1.4%
   hud               4.01 ms    9.4%
   display           7.21 ms   16.9%
     detect          0.00 ms  (sub)
     tracker         8.55 ms  (sub)
[PROF 09:12:17]  22 frames   92.03 ms/frame  ->  10.9 FPS
   capture           3.73 ms    4.1%
   track            77.38 ms   84.1%
   ctrl+mav          0.78 ms    0.8%
   hud               4.04 ms    4.4%
   display           6.10 ms    6.6%
     detect          0.00 ms  (sub)
     tracker        72.68 ms  (sub)
[PROF 09:12:19]  49 frames   34.76 ms/frame  ->  28.8 FPS
   capture           3.98 ms   11.5%
   track            19.79 ms   56.9%
   ctrl+mav          0.51 ms    1.5%
   hud               3.74 ms   10.8%
   display           6.73 ms   19.4%
     detect          0.00 ms  (sub)
     tracker         0.00 ms  (sub)
[PROF 09:12:21]  48 frames   34.03 ms/frame  ->  29.4 FPS
   capture           3.45 ms   10.1%
   track            19.75 ms   58.0%
   ctrl+mav          0.53 ms    1.6%
   hud               3.76 ms   11.0%
   display           6.54 ms   19.2%
     detect          0.00 ms  (sub)
     tracker         0.00 ms  (sub)
[PROF 09:12:23]  48 frames   35.79 ms/frame  ->  27.9 FPS
   capture           3.78 ms   10.6%
   track            20.34 ms   56.8%
   ctrl+mav          0.63 ms    1.8%
   hud               3.84 ms   10.7%
   display           7.20 ms   20.1%
     detect          0.00 ms  (sub)
     tracker         0.00 ms  (sub)
[PROF 09:12:25]  48 frames   35.24 ms/frame  ->  28.4 FPS
   capture           3.92 ms   11.1%
   track            20.11 ms   57.1%
   ctrl+mav          0.57 ms    1.6%
   hud               4.04 ms   11.5%
   display           6.59 ms   18.7%
     detect          0.00 ms  (sub)
     tracker         0.00 ms  (sub)
[PROF 09:12:27]  51 frames   33.97 ms/frame  ->  29.4 FPS
   capture           3.71 ms   10.9%
   track            19.00 ms   55.9%
   ctrl+mav          0.54 ms    1.6%
   hud               4.08 ms   12.0%
   display           6.65 ms   19.6%
     detect          0.00 ms  (sub)
     tracker         0.00 ms  (sub)
[PROF 09:12:29]  52 frames   34.68 ms/frame  ->  28.8 FPS
   capture           3.90 ms   11.3%
   track            19.53 ms   56.3%
   ctrl+mav          0.54 ms    1.5%
   hud               3.96 ms   11.4%
   display           6.74 ms   19.4%
     detect          0.00 ms  (sub)
     tracker         0.00 ms  (sub)
[PROF 09:12:31]  29 frames   67.41 ms/frame  ->  14.8 FPS
   capture           3.55 ms    5.3%
   track            52.66 ms   78.1%
   ctrl+mav          0.66 ms    1.0%
   hud               4.10 ms    6.1%
   display           6.44 ms    9.6%
     detect          0.00 ms  (sub)
     tracker        44.55 ms  (sub)
[PROF 09:12:33]  20 frames  101.90 ms/frame  ->   9.8 FPS
   capture           3.98 ms    3.9%
   track            75.34 ms   73.9%
   ctrl+mav          4.33 ms    4.2%
   hud               4.00 ms    3.9%
   display          14.25 ms   14.0%
     detect          0.00 ms  (sub)
     tracker        72.99 ms  (sub)
[PROF 09:12:35]  20 frames  101.48 ms/frame  ->   9.9 FPS
   capture           4.49 ms    4.4%
   track            78.82 ms   77.7%
   ctrl+mav          1.06 ms    1.0%
   hud               4.47 ms    4.4%
   display          12.64 ms   12.5%
     detect          0.00 ms  (sub)
     tracker        76.04 ms  (sub)
[PROF 09:12:37]  21 frames   98.52 ms/frame  ->  10.2 FPS
   capture           4.52 ms    4.6%
   track            76.78 ms   77.9%
   ctrl+mav          0.96 ms    1.0%
   hud               4.12 ms    4.2%
   display          12.14 ms   12.3%
     detect          0.00 ms  (sub)
     tracker        74.49 ms  (sub)
[PROF 09:12:39]  21 frames   97.36 ms/frame  ->  10.3 FPS
   capture           5.24 ms    5.4%
   track            74.52 ms   76.5%
   ctrl+mav          1.03 ms    1.1%
   hud               4.08 ms    4.2%
   display          12.49 ms   12.8%
     detect          0.00 ms  (sub)
     tracker        71.91 ms  (sub)
[PROF 09:12:42]  21 frames   96.62 ms/frame  ->  10.3 FPS
   capture           5.15 ms    5.3%
   track            74.13 ms   76.7%
   ctrl+mav          0.93 ms    1.0%
   hud               4.02 ms    4.2%
   display          12.40 ms   12.8%
     detect          0.00 ms  (sub)
     tracker        71.71 ms  (sub)
[PROF 09:12:44]  20 frames  100.31 ms/frame  ->  10.0 FPS
   capture           4.81 ms    4.8%
   track            77.57 ms   77.3%
   ctrl+mav          1.04 ms    1.0%
   hud               4.11 ms    4.1%
   display          12.78 ms   12.7%
     detect          0.00 ms  (sub)
     tracker        73.40 ms  (sub)
[PROF 09:12:46]  20 frames  100.80 ms/frame  ->   9.9 FPS
   capture           5.18 ms    5.1%
   track            77.87 ms   77.2%
   ctrl+mav          0.99 ms    1.0%
   hud               4.54 ms    4.5%
   display          12.23 ms   12.1%
     detect          0.00 ms  (sub)
     tracker        75.21 ms  (sub)
[PROF 09:12:48]  21 frames   98.57 ms/frame  ->  10.1 FPS
   capture           4.34 ms    4.4%
   track            76.82 ms   77.9%
   ctrl+mav          1.02 ms    1.0%
   hud               4.33 ms    4.4%
   display          12.07 ms   12.2%
     detect          0.00 ms  (sub)
     tracker        74.63 ms  (sub)
[PROF 09:12:50]  21 frames   97.33 ms/frame  ->  10.3 FPS
   capture           4.16 ms    4.3%
   track            75.28 ms   77.3%
   ctrl+mav          1.07 ms    1.1%
   hud               4.33 ms    4.4%
   display          12.50 ms   12.8%
     detect          0.00 ms  (sub)
     tracker        73.15 ms  (sub)
[PROF 09:12:52]  21 frames   99.13 ms/frame  ->  10.1 FPS
   capture           5.25 ms    5.3%
   track            75.63 ms   76.3%
   ctrl+mav          1.05 ms    1.1%
   hud               4.22 ms    4.3%
   display          12.98 ms   13.1%
     detect          0.00 ms  (sub)
     tracker        73.04 ms  (sub)
[PROF 09:12:54]  20 frames  100.00 ms/frame  ->  10.0 FPS
   capture           5.44 ms    5.4%
   track            76.70 ms   76.7%
   ctrl+mav          1.08 ms    1.1%
   hud               4.72 ms    4.7%
   display          12.06 ms   12.1%
     detect          0.00 ms  (sub)
     tracker        72.68 ms  (sub)
[PROF 09:12:56]  21 frames   99.84 ms/frame  ->  10.0 FPS
   capture           4.12 ms    4.1%
   track            77.33 ms   77.5%
   ctrl+mav          1.07 ms    1.1%
   hud               4.48 ms    4.5%
   display          12.84 ms   12.9%
     detect          0.00 ms  (sub)
     tracker        74.86 ms  (sub)
[PROF 09:12:58]  20 frames  101.05 ms/frame  ->   9.9 FPS
   capture           5.58 ms    5.5%
   track            77.15 ms   76.4%
   ctrl+mav          1.16 ms    1.1%
   hud               4.77 ms    4.7%
   display          12.38 ms   12.2%
     detect          0.00 ms  (sub)
     tracker        73.06 ms  (sub)
[PROF 09:13:00]  20 frames  100.51 ms/frame  ->   9.9 FPS
   capture           4.94 ms    4.9%
   track            78.85 ms   78.4%
   ctrl+mav          0.97 ms    1.0%
   hud               4.29 ms    4.3%
   display          11.47 ms   11.4%
     detect          0.00 ms  (sub)
     tracker        73.42 ms  (sub)
[PROF 09:13:02]  20 frames  100.96 ms/frame  ->   9.9 FPS
   capture           5.00 ms    4.9%
   track            78.64 ms   77.9%
   ctrl+mav          1.00 ms    1.0%
   hud               4.00 ms    4.0%
   display          12.33 ms   12.2%
     detect          0.00 ms  (sub)
     tracker        74.64 ms  (sub)
[PROF 09:13:04]  20 frames  103.32 ms/frame  ->   9.7 FPS
   capture           4.23 ms    4.1%
   track            81.74 ms   79.1%
   ctrl+mav          1.05 ms    1.0%
   hud               4.33 ms    4.2%
   display          11.97 ms   11.6%
     detect          0.00 ms  (sub)
     tracker        76.21 ms  (sub)
[PROF 09:13:06]  13 frames  103.87 ms/frame  ->   9.6 FPS
   capture           4.16 ms    4.0%
   track            81.96 ms   78.9%
   ctrl+mav          0.98 ms    0.9%
   hud               4.36 ms    4.2%
   display          12.42 ms   12.0%
     detect          0.00 ms  (sub)
     tracker        72.95 ms  (sub)
[PROF 09:13:08]  20 frames  102.20 ms/frame  ->   9.8 FPS
   capture           4.86 ms    4.8%
   track            79.14 ms   77.4%
   ctrl+mav          1.00 ms    1.0%
   hud               4.13 ms    4.0%
   display          13.07 ms   12.8%
     detect          0.00 ms  (sub)
     tracker        76.43 ms  (sub)
