# pipeline profile — started 2026-07-21 10:10:32
[PROF 10:10:32]   1 frames   31.68 ms/frame  ->  31.6 FPS
   capture           2.39 ms    7.5%
   track            17.53 ms   55.3%
   ctrl+mav          1.06 ms    3.3%
   hud               3.39 ms   10.7%
   display           7.32 ms   23.1%
     detect          0.00 ms  (sub)
     tracker         0.00 ms  (sub)
[PROF 10:10:34]  54 frames   33.05 ms/frame  ->  30.3 FPS
   capture           3.58 ms   10.8%
   track            18.67 ms   56.5%
   ctrl+mav          0.51 ms    1.6%
   hud               3.81 ms   11.5%
   display           6.48 ms   19.6%
     detect          0.00 ms  (sub)
     tracker         0.00 ms  (sub)
[PROF 10:10:36]  53 frames   33.42 ms/frame  ->  29.9 FPS
   capture           3.20 ms    9.6%
   track            19.11 ms   57.2%
   ctrl+mav          0.59 ms    1.8%
   hud               3.75 ms   11.2%
   display           6.76 ms   20.2%
     detect          0.00 ms  (sub)
     tracker         0.00 ms  (sub)
[PROF 10:10:38]  48 frames   37.09 ms/frame  ->  27.0 FPS
   capture           3.94 ms   10.6%
   track            19.68 ms   53.1%
   ctrl+mav          3.03 ms    8.2%
   hud               3.79 ms   10.2%
   display           6.66 ms   17.9%
     detect          0.00 ms  (sub)
     tracker         0.00 ms  (sub)
[PROF 10:10:40]  51 frames   33.45 ms/frame  ->  29.9 FPS
   capture           3.61 ms   10.8%
   track            18.94 ms   56.6%
   ctrl+mav          0.53 ms    1.6%
   hud               3.57 ms   10.7%
   display           6.79 ms   20.3%
     detect          0.00 ms  (sub)
     tracker         0.00 ms  (sub)
[PROF 10:10:42]  50 frames   34.78 ms/frame  ->  28.7 FPS
   capture           4.09 ms   11.8%
   track            19.56 ms   56.2%
   ctrl+mav          0.63 ms    1.8%
   hud               3.64 ms   10.5%
   display           6.85 ms   19.7%
     detect          0.00 ms  (sub)
     tracker         0.00 ms  (sub)
[PROF 10:10:44]  52 frames   33.78 ms/frame  ->  29.6 FPS
   capture           4.25 ms   12.6%
   track            18.78 ms   55.6%
   ctrl+mav          0.54 ms    1.6%
   hud               3.61 ms   10.7%
   display           6.60 ms   19.5%
     detect          0.00 ms  (sub)
     tracker         0.00 ms  (sub)
[PROF 10:10:46]  49 frames   35.51 ms/frame  ->  28.2 FPS
   capture           4.20 ms   11.8%
   track            19.93 ms   56.1%
   ctrl+mav          0.63 ms    1.8%
   hud               3.94 ms   11.1%
   display           6.81 ms   19.2%
     detect          0.00 ms  (sub)
     tracker         0.00 ms  (sub)
[PROF 10:10:48]  22 frames   93.71 ms/frame  ->  10.7 FPS
   capture           3.21 ms    3.4%
   track            79.57 ms   84.9%
   ctrl+mav          0.85 ms    0.9%
   hud               3.74 ms    4.0%
   display           6.35 ms    6.8%
     detect          0.00 ms  (sub)
     tracker        73.38 ms  (sub)
[PROF 10:10:50]  22 frames   92.14 ms/frame  ->  10.9 FPS
   capture           3.58 ms    3.9%
   track            77.85 ms   84.5%
   ctrl+mav          0.80 ms    0.9%
   hud               3.77 ms    4.1%
   display           6.14 ms    6.7%
     detect          0.00 ms  (sub)
     tracker        75.68 ms  (sub)
[PROF 10:10:52]  50 frames   38.75 ms/frame  ->  25.8 FPS
   capture           3.82 ms    9.9%
   track            22.96 ms   59.2%
   ctrl+mav          0.75 ms    1.9%
   hud               4.26 ms   11.0%
   display           6.96 ms   18.0%
     detect          0.00 ms  (sub)
     tracker         4.58 ms  (sub)
[PROF 10:10:54]  52 frames   34.85 ms/frame  ->  28.7 FPS
   capture           4.06 ms   11.6%
   track            19.73 ms   56.6%
   ctrl+mav          0.52 ms    1.5%
   hud               3.95 ms   11.3%
   display           6.59 ms   18.9%
     detect          0.00 ms  (sub)
     tracker         0.00 ms  (sub)
[PROF 10:10:56]  51 frames   34.81 ms/frame  ->  28.7 FPS
   capture           3.77 ms   10.8%
   track            19.46 ms   55.9%
   ctrl+mav          0.57 ms    1.7%
   hud               4.27 ms   12.3%
   display           6.73 ms   19.3%
     detect          0.00 ms  (sub)
     tracker         0.00 ms  (sub)
[PROF 10:10:58]  50 frames   36.47 ms/frame  ->  27.4 FPS
   capture           3.62 ms    9.9%
   track            20.73 ms   56.8%
   ctrl+mav          0.61 ms    1.7%
   hud               4.21 ms   11.5%
   display           7.31 ms   20.0%
     detect          0.00 ms  (sub)
     tracker         0.00 ms  (sub)
[PROF 10:11:00]  48 frames   34.98 ms/frame  ->  28.6 FPS
   capture           3.92 ms   11.2%
   track            19.96 ms   57.1%
   ctrl+mav          0.56 ms    1.6%
   hud               3.97 ms   11.4%
   display           6.55 ms   18.7%
     detect          0.00 ms  (sub)
     tracker         0.00 ms  (sub)
[PROF 10:11:02]  50 frames   34.02 ms/frame  ->  29.4 FPS
   capture           4.09 ms   12.0%
   track            18.93 ms   55.7%
   ctrl+mav          0.57 ms    1.7%
   hud               3.93 ms   11.6%
   display           6.49 ms   19.1%
     detect          0.00 ms  (sub)
     tracker         0.00 ms  (sub)
[PROF 10:11:04]  50 frames   33.95 ms/frame  ->  29.5 FPS
   capture           3.59 ms   10.6%
   track            19.60 ms   57.7%
   ctrl+mav          0.57 ms    1.7%
   hud               3.70 ms   10.9%
   display           6.48 ms   19.1%
     detect          0.00 ms  (sub)
     tracker         0.00 ms  (sub)
[PROF 10:11:06]  47 frames   34.71 ms/frame  ->  28.8 FPS
   capture           4.10 ms   11.8%
   track            19.66 ms   56.6%
   ctrl+mav          0.53 ms    1.5%
   hud               3.78 ms   10.9%
   display           6.64 ms   19.1%
     detect          0.00 ms  (sub)
     tracker         0.00 ms  (sub)
[PROF 10:11:08]  48 frames   35.05 ms/frame  ->  28.5 FPS
   capture           3.87 ms   11.1%
   track            19.56 ms   55.8%
   ctrl+mav          0.57 ms    1.6%
   hud               3.98 ms   11.3%
   display           7.06 ms   20.2%
     detect          0.00 ms  (sub)
     tracker         0.00 ms  (sub)
[PROF 10:11:10]  45 frames   36.78 ms/frame  ->  27.2 FPS
   capture           4.04 ms   11.0%
   track            20.61 ms   56.0%
   ctrl+mav          0.61 ms    1.7%
   hud               4.26 ms   11.6%
   display           7.26 ms   19.7%
     detect          0.00 ms  (sub)
     tracker         0.00 ms  (sub)
[PROF 10:11:13]  51 frames   34.65 ms/frame  ->  28.9 FPS
   capture           3.68 ms   10.6%
   track            19.84 ms   57.3%
   ctrl+mav          0.66 ms    1.9%
   hud               3.95 ms   11.4%
   display           6.51 ms   18.8%
     detect          0.00 ms  (sub)
     tracker         0.00 ms  (sub)
[PROF 10:11:15]  47 frames   35.01 ms/frame  ->  28.6 FPS
   capture           3.81 ms   10.9%
   track            19.82 ms   56.6%
   ctrl+mav          0.60 ms    1.7%
   hud               4.06 ms   11.6%
   display           6.73 ms   19.2%
     detect          0.00 ms  (sub)
     tracker         0.00 ms  (sub)
[PROF 10:11:17]  50 frames   34.25 ms/frame  ->  29.2 FPS
   capture           3.69 ms   10.8%
   track            19.83 ms   57.9%
   ctrl+mav          0.53 ms    1.5%
   hud               3.72 ms   10.9%
   display           6.48 ms   18.9%
     detect          0.00 ms  (sub)
     tracker         0.00 ms  (sub)
[PROF 10:11:19]  50 frames   32.02 ms/frame  ->  31.2 FPS
   capture           3.67 ms   11.5%
   track            16.77 ms   52.4%
   ctrl+mav          0.53 ms    1.7%
   hud               4.37 ms   13.6%
   display           6.68 ms   20.9%
     detect          0.00 ms  (sub)
     tracker         0.00 ms  (sub)
[PROF 10:11:21]  49 frames   35.08 ms/frame  ->  28.5 FPS
   capture           4.00 ms   11.4%
   track            19.36 ms   55.2%
   ctrl+mav          0.60 ms    1.7%
   hud               4.33 ms   12.3%
   display           6.80 ms   19.4%
     detect          0.00 ms  (sub)
     tracker         0.00 ms  (sub)
[PROF 10:11:23]  46 frames   35.42 ms/frame  ->  28.2 FPS
   capture           3.58 ms   10.1%
   track            20.32 ms   57.4%
   ctrl+mav          0.56 ms    1.6%
   hud               4.16 ms   11.7%
   display           6.81 ms   19.2%
     detect          0.00 ms  (sub)
     tracker         0.00 ms  (sub)
[PROF 10:11:25]  48 frames   34.57 ms/frame  ->  28.9 FPS
   capture           3.58 ms   10.4%
   track            19.70 ms   57.0%
   ctrl+mav          0.55 ms    1.6%
   hud               4.34 ms   12.5%
   display           6.40 ms   18.5%
     detect          0.00 ms  (sub)
     tracker         0.00 ms  (sub)
[PROF 10:11:27]  46 frames   33.91 ms/frame  ->  29.5 FPS
   capture           4.08 ms   12.0%
   track            19.01 ms   56.1%
   ctrl+mav          0.52 ms    1.5%
   hud               3.98 ms   11.7%
   display           6.32 ms   18.6%
     detect          0.00 ms  (sub)
     tracker         0.00 ms  (sub)
[PROF 10:11:29]  48 frames   33.99 ms/frame  ->  29.4 FPS
   capture           3.97 ms   11.7%
   track            18.84 ms   55.4%
   ctrl+mav          0.53 ms    1.6%
   hud               4.05 ms   11.9%
   display           6.60 ms   19.4%
     detect          0.00 ms  (sub)
     tracker         0.00 ms  (sub)
[PROF 10:11:31]  48 frames   34.05 ms/frame  ->  29.4 FPS
   capture           3.88 ms   11.4%
   track            18.69 ms   54.9%
   ctrl+mav          0.50 ms    1.5%
   hud               4.19 ms   12.3%
   display           6.80 ms   20.0%
     detect          0.00 ms  (sub)
     tracker         0.00 ms  (sub)
[PROF 10:11:33]  49 frames   34.63 ms/frame  ->  28.9 FPS
   capture           3.84 ms   11.1%
   track            19.47 ms   56.2%
   ctrl+mav          0.54 ms    1.6%
   hud               4.31 ms   12.5%
   display           6.46 ms   18.7%
     detect          0.00 ms  (sub)
     tracker         0.00 ms  (sub)
[PROF 10:11:35]  50 frames   32.61 ms/frame  ->  30.7 FPS
   capture           4.01 ms   12.3%
   track            17.55 ms   53.8%
   ctrl+mav          0.52 ms    1.6%
   hud               3.78 ms   11.6%
   display           6.75 ms   20.7%
     detect          0.00 ms  (sub)
     tracker         0.00 ms  (sub)
[PROF 10:11:37]  24 frames   86.72 ms/frame  ->  11.5 FPS
   capture           3.23 ms    3.7%
   track            72.02 ms   83.0%
   ctrl+mav          0.80 ms    0.9%
   hud               3.85 ms    4.4%
   display           6.82 ms    7.9%
     detect          0.00 ms  (sub)
     tracker        66.81 ms  (sub)
[PROF 10:11:39]  22 frames   94.40 ms/frame  ->  10.6 FPS
   capture           3.38 ms    3.6%
   track            80.03 ms   84.8%
   ctrl+mav          0.82 ms    0.9%
   hud               3.81 ms    4.0%
   display           6.36 ms    6.7%
     detect          0.00 ms  (sub)
     tracker        75.87 ms  (sub)
[PROF 10:11:41]  43 frames   41.58 ms/frame  ->  24.1 FPS
   capture           4.10 ms    9.9%
   track            26.19 ms   63.0%
   ctrl+mav          0.56 ms    1.3%
   hud               3.99 ms    9.6%
   display           6.75 ms   16.2%
     detect          0.00 ms  (sub)
     tracker        11.66 ms  (sub)
[PROF 10:11:43]  46 frames   35.32 ms/frame  ->  28.3 FPS
   capture           3.59 ms   10.2%
   track            20.25 ms   57.3%
   ctrl+mav          0.58 ms    1.7%
   hud               4.30 ms   12.2%
   display           6.60 ms   18.7%
     detect          0.00 ms  (sub)
     tracker         1.62 ms  (sub)
[PROF 10:11:45]  22 frames   94.11 ms/frame  ->  10.6 FPS
   capture           3.79 ms    4.0%
   track            78.95 ms   83.9%
   ctrl+mav          0.89 ms    0.9%
   hud               4.19 ms    4.5%
   display           6.29 ms    6.7%
     detect          0.00 ms  (sub)
     tracker        76.47 ms  (sub)
[PROF 10:11:47]  28 frames   68.34 ms/frame  ->  14.6 FPS
   capture           3.73 ms    5.5%
   track            53.24 ms   77.9%
   ctrl+mav          0.72 ms    1.1%
   hud               3.98 ms    5.8%
   display           6.67 ms    9.8%
     detect          0.00 ms  (sub)
     tracker        43.86 ms  (sub)
[PROF 10:11:49]  28 frames   68.04 ms/frame  ->  14.7 FPS
   capture           3.65 ms    5.4%
   track            53.26 ms   78.3%
   ctrl+mav          0.70 ms    1.0%
   hud               4.24 ms    6.2%
   display           6.20 ms    9.1%
     detect          0.00 ms  (sub)
     tracker        42.74 ms  (sub)
[PROF 10:11:51]  22 frames   92.96 ms/frame  ->  10.8 FPS
   capture           3.35 ms    3.6%
   track            77.61 ms   83.5%
   ctrl+mav          0.87 ms    0.9%
   hud               4.04 ms    4.4%
   display           7.08 ms    7.6%
     detect          0.00 ms  (sub)
     tracker        75.33 ms  (sub)
[PROF 10:11:53]  22 frames   93.28 ms/frame  ->  10.7 FPS
   capture           3.41 ms    3.7%
   track            78.29 ms   83.9%
   ctrl+mav          0.88 ms    0.9%
   hud               4.45 ms    4.8%
   display           6.25 ms    6.7%
     detect          0.00 ms  (sub)
     tracker        75.80 ms  (sub)
[PROF 10:11:55]  22 frames   91.18 ms/frame  ->  11.0 FPS
   capture           3.67 ms    4.0%
   track            75.38 ms   82.7%
   ctrl+mav          0.81 ms    0.9%
   hud               4.52 ms    5.0%
   display           6.80 ms    7.5%
     detect          0.00 ms  (sub)
     tracker        73.13 ms  (sub)
[PROF 10:11:57]  19 frames  105.93 ms/frame  ->   9.4 FPS
   capture           4.11 ms    3.9%
   track            77.17 ms   72.9%
   ctrl+mav          4.55 ms    4.3%
   hud               4.04 ms    3.8%
   display          16.06 ms   15.2%
     detect          0.00 ms  (sub)
     tracker        74.88 ms  (sub)
[PROF 10:11:59]  21 frames   96.47 ms/frame  ->  10.4 FPS
   capture           3.79 ms    3.9%
   track            75.59 ms   78.4%
   ctrl+mav          0.99 ms    1.0%
   hud               4.00 ms    4.1%
   display          12.10 ms   12.5%
     detect          0.00 ms  (sub)
     tracker        72.92 ms  (sub)
[PROF 10:12:01]  20 frames  100.41 ms/frame  ->  10.0 FPS
   capture           4.48 ms    4.5%
   track            78.12 ms   77.8%
   ctrl+mav          1.03 ms    1.0%
   hud               4.34 ms    4.3%
   display          12.43 ms   12.4%
     detect          0.00 ms  (sub)
     tracker        75.56 ms  (sub)
[PROF 10:12:03]  20 frames   99.53 ms/frame  ->  10.0 FPS
   capture           5.35 ms    5.4%
   track            77.35 ms   77.7%
   ctrl+mav          0.99 ms    1.0%
   hud               4.10 ms    4.1%
   display          11.73 ms   11.8%
     detect          0.00 ms  (sub)
     tracker        74.80 ms  (sub)
[PROF 10:12:05]  20 frames  101.61 ms/frame  ->   9.8 FPS
   capture           4.83 ms    4.8%
   track            79.37 ms   78.1%
   ctrl+mav          1.12 ms    1.1%
   hud               4.18 ms    4.1%
   display          12.10 ms   11.9%
     detect          0.00 ms  (sub)
     tracker        75.51 ms  (sub)
[PROF 10:12:07]  20 frames  102.93 ms/frame  ->   9.7 FPS
   capture           4.26 ms    4.1%
   track            80.57 ms   78.3%
   ctrl+mav          1.02 ms    1.0%
   hud               3.85 ms    3.7%
   display          13.23 ms   12.9%
     detect          0.00 ms  (sub)
     tracker        78.18 ms  (sub)
[PROF 10:12:09]  20 frames  100.36 ms/frame  ->  10.0 FPS
   capture           4.56 ms    4.5%
   track            78.06 ms   77.8%
   ctrl+mav          1.07 ms    1.1%
   hud               3.85 ms    3.8%
   display          12.83 ms   12.8%
     detect          0.00 ms  (sub)
     tracker        75.41 ms  (sub)
[PROF 10:12:11]  20 frames  102.32 ms/frame  ->   9.8 FPS
   capture           4.23 ms    4.1%
   track            79.45 ms   77.6%
   ctrl+mav          1.15 ms    1.1%
   hud               4.00 ms    3.9%
   display          13.50 ms   13.2%
     detect          0.00 ms  (sub)
     tracker        75.41 ms  (sub)
[PROF 10:12:13]  20 frames  100.19 ms/frame  ->  10.0 FPS
   capture           4.51 ms    4.5%
   track            78.53 ms   78.4%
   ctrl+mav          1.16 ms    1.2%
   hud               4.22 ms    4.2%
   display          11.77 ms   11.7%
     detect          0.00 ms  (sub)
     tracker        74.81 ms  (sub)
[PROF 10:12:15]  20 frames  101.60 ms/frame  ->   9.8 FPS
   capture           4.73 ms    4.7%
   track            79.49 ms   78.2%
   ctrl+mav          1.06 ms    1.0%
   hud               3.91 ms    3.9%
   display          12.40 ms   12.2%
     detect          0.00 ms  (sub)
     tracker        75.80 ms  (sub)
[PROF 10:12:17]  20 frames  103.69 ms/frame  ->   9.6 FPS
   capture           4.95 ms    4.8%
   track            81.38 ms   78.5%
   ctrl+mav          1.10 ms    1.1%
   hud               4.01 ms    3.9%
   display          12.25 ms   11.8%
     detect          0.00 ms  (sub)
     tracker        75.77 ms  (sub)
[PROF 10:12:20]  19 frames  106.51 ms/frame  ->   9.4 FPS
   capture           4.75 ms    4.5%
   track            83.20 ms   78.1%
   ctrl+mav          1.01 ms    0.9%
   hud               4.17 ms    3.9%
   display          13.39 ms   12.6%
     detect          0.00 ms  (sub)
     tracker        76.97 ms  (sub)
[PROF 10:12:22]  20 frames  102.92 ms/frame  ->   9.7 FPS
   capture           3.76 ms    3.7%
   track            82.16 ms   79.8%
   ctrl+mav          1.06 ms    1.0%
   hud               4.75 ms    4.6%
   display          11.18 ms   10.9%
     detect          0.00 ms  (sub)
     tracker        77.93 ms  (sub)
