# pipeline profile — started 2026-07-21 09:17:09
[PROF 09:17:09]   1 frames   32.51 ms/frame  ->  30.8 FPS
   capture           3.40 ms   10.5%
   track            18.46 ms   56.8%
   ctrl+mav          0.41 ms    1.3%
   hud               3.38 ms   10.4%
   display           6.86 ms   21.1%
     detect          0.00 ms  (sub)
     tracker         0.00 ms  (sub)
[PROF 09:17:11]  52 frames   34.57 ms/frame  ->  28.9 FPS
   capture           3.58 ms   10.3%
   track            19.94 ms   57.7%
   ctrl+mav          0.52 ms    1.5%
   hud               3.88 ms   11.2%
   display           6.66 ms   19.3%
     detect          0.00 ms  (sub)
     tracker         0.00 ms  (sub)
[PROF 09:17:13]  47 frames   38.01 ms/frame  ->  26.3 FPS
   capture           3.55 ms    9.3%
   track            20.25 ms   53.3%
   ctrl+mav          3.21 ms    8.5%
   hud               4.00 ms   10.5%
   display           7.00 ms   18.4%
     detect          0.00 ms  (sub)
     tracker         0.00 ms  (sub)
[PROF 09:17:15]  49 frames   35.08 ms/frame  ->  28.5 FPS
   capture           4.02 ms   11.5%
   track            19.54 ms   55.7%
   ctrl+mav          0.59 ms    1.7%
   hud               4.07 ms   11.6%
   display           6.85 ms   19.5%
     detect          0.00 ms  (sub)
     tracker         0.00 ms  (sub)
[PROF 09:17:17]  48 frames   34.51 ms/frame  ->  29.0 FPS
   capture           3.51 ms   10.2%
   track            20.15 ms   58.4%
   ctrl+mav          0.51 ms    1.5%
   hud               3.81 ms   11.1%
   display           6.54 ms   18.9%
     detect          0.00 ms  (sub)
     tracker         1.70 ms  (sub)
[PROF 09:17:20]  22 frames   93.65 ms/frame  ->  10.7 FPS
   capture           3.00 ms    3.2%
   track            79.91 ms   85.3%
   ctrl+mav          0.83 ms    0.9%
   hud               3.84 ms    4.1%
   display           6.08 ms    6.5%
     detect          0.00 ms  (sub)
     tracker        77.68 ms  (sub)
[PROF 09:17:22]  39 frames   50.68 ms/frame  ->  19.7 FPS
   capture           3.91 ms    7.7%
   track            35.84 ms   70.7%
   ctrl+mav          0.63 ms    1.2%
   hud               3.95 ms    7.8%
   display           6.36 ms   12.5%
     detect          0.00 ms  (sub)
     tracker        19.88 ms  (sub)
[PROF 09:17:24]  25 frames   80.20 ms/frame  ->  12.5 FPS
   capture           3.29 ms    4.1%
   track            65.74 ms   82.0%
   ctrl+mav          0.72 ms    0.9%
   hud               4.05 ms    5.0%
   display           6.41 ms    8.0%
     detect          0.00 ms  (sub)
     tracker        60.06 ms  (sub)
[PROF 09:17:26]  44 frames   42.80 ms/frame  ->  23.4 FPS
   capture           3.95 ms    9.2%
   track            27.74 ms   64.8%
   ctrl+mav          0.62 ms    1.4%
   hud               4.04 ms    9.4%
   display           6.45 ms   15.1%
     detect          0.00 ms  (sub)
     tracker        10.72 ms  (sub)
[PROF 09:17:28]  51 frames   34.74 ms/frame  ->  28.8 FPS
   capture           3.76 ms   10.8%
   track            19.23 ms   55.4%
   ctrl+mav          0.65 ms    1.9%
   hud               4.21 ms   12.1%
   display           6.88 ms   19.8%
     detect          0.00 ms  (sub)
     tracker         0.00 ms  (sub)
[PROF 09:17:30]  46 frames   36.82 ms/frame  ->  27.2 FPS
   capture           4.19 ms   11.4%
   track            20.60 ms   55.9%
   ctrl+mav          0.64 ms    1.7%
   hud               3.96 ms   10.8%
   display           7.44 ms   20.2%
     detect          0.00 ms  (sub)
     tracker         0.00 ms  (sub)
[PROF 09:17:32]  49 frames   34.60 ms/frame  ->  28.9 FPS
   capture           3.64 ms   10.5%
   track            19.76 ms   57.1%
   ctrl+mav          0.57 ms    1.7%
   hud               3.88 ms   11.2%
   display           6.74 ms   19.5%
     detect          0.00 ms  (sub)
     tracker         0.00 ms  (sub)
[PROF 09:17:34]  51 frames   33.53 ms/frame  ->  29.8 FPS
   capture           3.66 ms   10.9%
   track            19.06 ms   56.9%
   ctrl+mav          0.56 ms    1.7%
   hud               3.75 ms   11.2%
   display           6.50 ms   19.4%
     detect          0.00 ms  (sub)
     tracker         0.00 ms  (sub)
[PROF 09:17:36]  48 frames   34.13 ms/frame  ->  29.3 FPS
   capture           3.89 ms   11.4%
   track            19.21 ms   56.3%
   ctrl+mav          0.63 ms    1.8%
   hud               3.79 ms   11.1%
   display           6.60 ms   19.3%
     detect          0.00 ms  (sub)
     tracker         0.00 ms  (sub)
[PROF 09:17:38]  52 frames   33.39 ms/frame  ->  29.9 FPS
   capture           3.88 ms   11.6%
   track            18.62 ms   55.8%
   ctrl+mav          0.59 ms    1.8%
   hud               3.73 ms   11.2%
   display           6.58 ms   19.7%
     detect          0.00 ms  (sub)
     tracker         0.00 ms  (sub)
[PROF 09:17:40]  47 frames   36.07 ms/frame  ->  27.7 FPS
   capture           4.21 ms   11.7%
   track            20.10 ms   55.7%
   ctrl+mav          0.64 ms    1.8%
   hud               4.06 ms   11.2%
   display           7.07 ms   19.6%
     detect          0.00 ms  (sub)
     tracker         0.00 ms  (sub)
[PROF 09:17:42]  48 frames   34.95 ms/frame  ->  28.6 FPS
   capture           3.81 ms   10.9%
   track            19.44 ms   55.6%
   ctrl+mav          0.58 ms    1.7%
   hud               4.23 ms   12.1%
   display           6.88 ms   19.7%
     detect          0.00 ms  (sub)
     tracker         0.00 ms  (sub)
[PROF 09:17:44]  42 frames   40.70 ms/frame  ->  24.6 FPS
   capture           4.33 ms   10.6%
   track            25.29 ms   62.1%
   ctrl+mav          0.55 ms    1.4%
   hud               3.94 ms    9.7%
   display           6.59 ms   16.2%
     detect          0.00 ms  (sub)
     tracker         8.66 ms  (sub)
[PROF 09:17:46]  21 frames   95.63 ms/frame  ->  10.5 FPS
   capture           4.74 ms    5.0%
   track            79.13 ms   82.7%
   ctrl+mav          0.85 ms    0.9%
   hud               4.40 ms    4.6%
   display           6.50 ms    6.8%
     detect          0.00 ms  (sub)
     tracker        76.99 ms  (sub)
[PROF 09:17:48]  22 frames   94.85 ms/frame  ->  10.5 FPS
   capture           3.66 ms    3.9%
   track            80.11 ms   84.5%
   ctrl+mav          0.80 ms    0.8%
   hud               3.93 ms    4.1%
   display           6.36 ms    6.7%
     detect          0.00 ms  (sub)
     tracker        75.96 ms  (sub)
[PROF 09:17:50]  46 frames   35.69 ms/frame  ->  28.0 FPS
   capture           4.28 ms   12.0%
   track            19.95 ms   55.9%
   ctrl+mav          0.61 ms    1.7%
   hud               3.89 ms   10.9%
   display           6.96 ms   19.5%
     detect          0.00 ms  (sub)
     tracker         0.00 ms  (sub)
[PROF 09:17:52]  48 frames   35.95 ms/frame  ->  27.8 FPS
   capture           4.19 ms   11.7%
   track            20.14 ms   56.0%
   ctrl+mav          0.53 ms    1.5%
   hud               4.19 ms   11.7%
   display           6.89 ms   19.2%
     detect          0.00 ms  (sub)
     tracker         0.00 ms  (sub)
[PROF 09:17:54]  47 frames   34.25 ms/frame  ->  29.2 FPS
   capture           3.79 ms   11.1%
   track            19.44 ms   56.7%
   ctrl+mav          0.55 ms    1.6%
   hud               3.87 ms   11.3%
   display           6.60 ms   19.3%
     detect          0.00 ms  (sub)
     tracker         0.00 ms  (sub)
[PROF 09:17:56]  49 frames   34.33 ms/frame  ->  29.1 FPS
   capture           3.71 ms   10.8%
   track            19.19 ms   55.9%
   ctrl+mav          0.52 ms    1.5%
   hud               3.92 ms   11.4%
   display           6.99 ms   20.4%
     detect          0.00 ms  (sub)
     tracker         0.00 ms  (sub)
[PROF 09:17:58]  49 frames   35.66 ms/frame  ->  28.0 FPS
   capture           3.88 ms   10.9%
   track            20.31 ms   57.0%
   ctrl+mav          0.60 ms    1.7%
   hud               3.88 ms   10.9%
   display           6.99 ms   19.6%
     detect          0.00 ms  (sub)
     tracker         0.00 ms  (sub)
[PROF 09:18:00]  49 frames   34.22 ms/frame  ->  29.2 FPS
   capture           3.73 ms   10.9%
   track            19.75 ms   57.7%
   ctrl+mav          0.52 ms    1.5%
   hud               3.72 ms   10.9%
   display           6.49 ms   19.0%
     detect          0.00 ms  (sub)
     tracker         0.00 ms  (sub)
[PROF 09:18:02]  48 frames   33.76 ms/frame  ->  29.6 FPS
   capture           3.76 ms   11.1%
   track            19.31 ms   57.2%
   ctrl+mav          0.50 ms    1.5%
   hud               3.76 ms   11.2%
   display           6.42 ms   19.0%
     detect          0.00 ms  (sub)
     tracker         0.00 ms  (sub)
[PROF 09:18:04]  47 frames   35.14 ms/frame  ->  28.5 FPS
   capture           3.82 ms   10.9%
   track            20.04 ms   57.0%
   ctrl+mav          0.52 ms    1.5%
   hud               3.97 ms   11.3%
   display           6.80 ms   19.4%
     detect          0.00 ms  (sub)
     tracker         0.00 ms  (sub)
[PROF 09:18:06]  50 frames   34.84 ms/frame  ->  28.7 FPS
   capture           3.89 ms   11.2%
   track            19.82 ms   56.9%
   ctrl+mav          0.53 ms    1.5%
   hud               3.87 ms   11.1%
   display           6.72 ms   19.3%
     detect          0.00 ms  (sub)
     tracker         0.00 ms  (sub)
[PROF 09:18:08]  48 frames   34.63 ms/frame  ->  28.9 FPS
   capture           3.68 ms   10.6%
   track            19.62 ms   56.7%
   ctrl+mav          0.60 ms    1.7%
   hud               3.99 ms   11.5%
   display           6.74 ms   19.5%
     detect          0.00 ms  (sub)
     tracker         0.00 ms  (sub)
[PROF 09:18:10]  51 frames   34.18 ms/frame  ->  29.3 FPS
   capture           3.84 ms   11.2%
   track            19.05 ms   55.7%
   ctrl+mav          0.54 ms    1.6%
   hud               3.93 ms   11.5%
   display           6.82 ms   19.9%
     detect          0.00 ms  (sub)
     tracker         0.00 ms  (sub)
[PROF 09:18:12]  48 frames   32.98 ms/frame  ->  30.3 FPS
   capture           3.43 ms   10.4%
   track            18.46 ms   56.0%
   ctrl+mav          0.53 ms    1.6%
   hud               3.98 ms   12.1%
   display           6.59 ms   20.0%
     detect          0.00 ms  (sub)
     tracker         0.00 ms  (sub)
[PROF 09:18:14]  41 frames   44.61 ms/frame  ->  22.4 FPS
   capture           3.45 ms    7.7%
   track            30.57 ms   68.5%
   ctrl+mav          0.62 ms    1.4%
   hud               3.78 ms    8.5%
   display           6.18 ms   13.9%
     detect          0.00 ms  (sub)
     tracker        15.12 ms  (sub)
[PROF 09:18:16]  32 frames   62.59 ms/frame  ->  16.0 FPS
   capture           3.26 ms    5.2%
   track            48.54 ms   77.6%
   ctrl+mav          0.67 ms    1.1%
   hud               3.78 ms    6.0%
   display           6.34 ms   10.1%
     detect          0.00 ms  (sub)
     tracker        37.13 ms  (sub)
[PROF 09:18:18]  45 frames   43.01 ms/frame  ->  23.2 FPS
   capture           3.90 ms    9.1%
   track            27.59 ms   64.2%
   ctrl+mav          0.61 ms    1.4%
   hud               4.00 ms    9.3%
   display           6.90 ms   16.1%
     detect          0.00 ms  (sub)
     tracker        12.31 ms  (sub)
[PROF 09:18:20]  22 frames   92.33 ms/frame  ->  10.8 FPS
   capture           4.07 ms    4.4%
   track            77.10 ms   83.5%
   ctrl+mav          0.75 ms    0.8%
   hud               3.92 ms    4.2%
   display           6.49 ms    7.0%
     detect          0.00 ms  (sub)
     tracker        74.73 ms  (sub)
[PROF 09:18:22]  46 frames   42.49 ms/frame  ->  23.5 FPS
   capture           3.91 ms    9.2%
   track            27.90 ms   65.7%
   ctrl+mav          0.62 ms    1.5%
   hud               3.72 ms    8.7%
   display           6.34 ms   14.9%
     detect          0.00 ms  (sub)
     tracker        12.75 ms  (sub)
[PROF 09:18:24]  22 frames   91.19 ms/frame  ->  11.0 FPS
   capture           3.57 ms    3.9%
   track            76.46 ms   83.9%
   ctrl+mav          0.81 ms    0.9%
   hud               4.24 ms    4.7%
   display           6.10 ms    6.7%
     detect          0.00 ms  (sub)
     tracker        74.49 ms  (sub)
[PROF 09:18:27]  23 frames   90.79 ms/frame  ->  11.0 FPS
   capture           3.28 ms    3.6%
   track            76.00 ms   83.7%
   ctrl+mav          0.86 ms    0.9%
   hud               4.25 ms    4.7%
   display           6.40 ms    7.0%
     detect          0.00 ms  (sub)
     tracker        73.99 ms  (sub)
[PROF 09:18:29]  20 frames  103.73 ms/frame  ->   9.6 FPS
   capture           4.67 ms    4.5%
   track            77.51 ms   74.7%
   ctrl+mav          2.46 ms    2.4%
   hud               4.52 ms    4.4%
   display          14.58 ms   14.1%
     detect          0.00 ms  (sub)
     tracker        74.67 ms  (sub)
[PROF 09:18:31]  21 frames   99.44 ms/frame  ->  10.1 FPS
   capture           4.69 ms    4.7%
   track            77.01 ms   77.4%
   ctrl+mav          1.05 ms    1.1%
   hud               4.13 ms    4.2%
   display          12.57 ms   12.6%
     detect          0.00 ms  (sub)
     tracker        74.43 ms  (sub)
[PROF 09:18:33]  20 frames  101.28 ms/frame  ->   9.9 FPS
   capture           5.17 ms    5.1%
   track            76.66 ms   75.7%
   ctrl+mav          1.26 ms    1.2%
   hud               4.08 ms    4.0%
   display          14.10 ms   13.9%
     detect          0.00 ms  (sub)
     tracker        74.29 ms  (sub)
[PROF 09:18:35]  20 frames  100.16 ms/frame  ->  10.0 FPS
   capture           4.89 ms    4.9%
   track            78.01 ms   77.9%
   ctrl+mav          1.29 ms    1.3%
   hud               4.17 ms    4.2%
   display          11.79 ms   11.8%
     detect          0.00 ms  (sub)
     tracker        75.65 ms  (sub)
[PROF 09:18:37]  20 frames  101.16 ms/frame  ->   9.9 FPS
   capture           4.93 ms    4.9%
   track            77.78 ms   76.9%
   ctrl+mav          1.09 ms    1.1%
   hud               4.18 ms    4.1%
   display          13.17 ms   13.0%
     detect          0.00 ms  (sub)
     tracker        75.19 ms  (sub)
[PROF 09:18:39]  21 frames   98.87 ms/frame  ->  10.1 FPS
   capture           4.63 ms    4.7%
   track            75.45 ms   76.3%
   ctrl+mav          1.04 ms    1.1%
   hud               4.16 ms    4.2%
   display          13.58 ms   13.7%
     detect          0.00 ms  (sub)
     tracker        72.96 ms  (sub)
[PROF 09:18:41]  20 frames  100.50 ms/frame  ->  10.0 FPS
   capture           4.81 ms    4.8%
   track            77.24 ms   76.9%
   ctrl+mav          0.99 ms    1.0%
   hud               4.13 ms    4.1%
   display          13.33 ms   13.3%
     detect          0.00 ms  (sub)
     tracker        74.74 ms  (sub)
[PROF 09:18:43]  20 frames  103.04 ms/frame  ->   9.7 FPS
   capture           5.37 ms    5.2%
   track            79.76 ms   77.4%
   ctrl+mav          1.07 ms    1.0%
   hud               4.52 ms    4.4%
   display          12.33 ms   12.0%
     detect          0.00 ms  (sub)
     tracker        75.86 ms  (sub)
[PROF 09:18:45]  21 frames  100.18 ms/frame  ->  10.0 FPS
   capture           5.01 ms    5.0%
   track            77.38 ms   77.2%
   ctrl+mav          1.07 ms    1.1%
   hud               4.43 ms    4.4%
   display          12.29 ms   12.3%
     detect          0.00 ms  (sub)
     tracker        75.03 ms  (sub)
[PROF 09:18:47]  20 frames  101.85 ms/frame  ->   9.8 FPS
   capture           4.84 ms    4.7%
   track            78.64 ms   77.2%
   ctrl+mav          0.91 ms    0.9%
   hud               4.36 ms    4.3%
   display          13.10 ms   12.9%
     detect          0.00 ms  (sub)
     tracker        74.44 ms  (sub)
[PROF 09:18:49]  21 frames   97.39 ms/frame  ->  10.3 FPS
   capture           4.93 ms    5.1%
   track            75.15 ms   77.2%
   ctrl+mav          1.05 ms    1.1%
   hud               4.16 ms    4.3%
   display          12.09 ms   12.4%
     detect          0.00 ms  (sub)
     tracker        72.64 ms  (sub)
[PROF 09:18:51]  21 frames   98.62 ms/frame  ->  10.1 FPS
   capture           4.28 ms    4.3%
   track            76.66 ms   77.7%
   ctrl+mav          0.97 ms    1.0%
   hud               3.88 ms    3.9%
   display          12.83 ms   13.0%
     detect          0.00 ms  (sub)
     tracker        73.12 ms  (sub)
[PROF 09:18:53]  20 frames  101.09 ms/frame  ->   9.9 FPS
   capture           4.23 ms    4.2%
   track            79.75 ms   78.9%
   ctrl+mav          1.20 ms    1.2%
   hud               3.76 ms    3.7%
   display          12.15 ms   12.0%
     detect          0.00 ms  (sub)
     tracker        74.82 ms  (sub)
[PROF 09:18:55]  21 frames   99.04 ms/frame  ->  10.1 FPS
   capture           4.26 ms    4.3%
   track            78.44 ms   79.2%
   ctrl+mav          1.00 ms    1.0%
   hud               4.05 ms    4.1%
   display          11.28 ms   11.4%
     detect          0.00 ms  (sub)
     tracker        73.21 ms  (sub)
[PROF 09:18:57]  24 frames   84.86 ms/frame  ->  11.8 FPS
   capture           4.34 ms    5.1%
   track            63.06 ms   74.3%
   ctrl+mav          0.92 ms    1.1%
   hud               4.25 ms    5.0%
   display          12.29 ms   14.5%
     detect          0.00 ms  (sub)
     tracker        55.35 ms  (sub)
[PROF 09:18:59]  22 frames   88.60 ms/frame  ->  11.3 FPS
   capture           4.45 ms    5.0%
   track            68.02 ms   76.8%
   ctrl+mav          0.93 ms    1.0%
   hud               3.70 ms    4.2%
   display          11.51 ms   13.0%
     detect          0.00 ms  (sub)
     tracker        65.55 ms  (sub)
