# pipeline profile — started 2026-07-21 09:03:14
[PROF 09:03:14]   1 frames   35.98 ms/frame  ->  27.8 FPS
   capture           4.13 ms   11.5%
   track            22.60 ms   62.8%
   ctrl+mav          1.09 ms    3.0%
   hud               3.60 ms   10.0%
   display           4.56 ms   12.7%
     detect          0.00 ms  (sub)
     tracker         0.00 ms  (sub)
[PROF 09:03:16]  50 frames   35.06 ms/frame  ->  28.5 FPS
   capture           3.88 ms   11.1%
   track            20.03 ms   57.1%
   ctrl+mav          0.59 ms    1.7%
   hud               3.74 ms   10.7%
   display           6.82 ms   19.4%
     detect          0.00 ms  (sub)
     tracker         0.00 ms  (sub)
[PROF 09:03:18]  50 frames   35.99 ms/frame  ->  27.8 FPS
   capture           3.69 ms   10.3%
   track            19.28 ms   53.6%
   ctrl+mav          2.60 ms    7.2%
   hud               3.67 ms   10.2%
   display           6.75 ms   18.8%
     detect          0.00 ms  (sub)
     tracker         0.00 ms  (sub)
[PROF 09:03:20]  49 frames   34.39 ms/frame  ->  29.1 FPS
   capture           4.25 ms   12.4%
   track            19.31 ms   56.2%
   ctrl+mav          0.52 ms    1.5%
   hud               3.73 ms   10.8%
   display           6.59 ms   19.2%
     detect          0.00 ms  (sub)
     tracker         0.00 ms  (sub)
[PROF 09:03:22]  49 frames   35.59 ms/frame  ->  28.1 FPS
   capture           3.83 ms   10.8%
   track            20.99 ms   59.0%
   ctrl+mav          0.52 ms    1.5%
   hud               3.72 ms   10.5%
   display           6.52 ms   18.3%
     detect          0.00 ms  (sub)
     tracker         2.84 ms  (sub)
[PROF 09:03:24]  23 frames   90.62 ms/frame  ->  11.0 FPS
   capture           3.15 ms    3.5%
   track            77.12 ms   85.1%
   ctrl+mav          0.77 ms    0.8%
   hud               3.70 ms    4.1%
   display           5.89 ms    6.5%
     detect          0.00 ms  (sub)
     tracker        73.81 ms  (sub)
[PROF 09:03:26]  39 frames   50.93 ms/frame  ->  19.6 FPS
   capture           3.82 ms    7.5%
   track            35.98 ms   70.6%
   ctrl+mav          0.62 ms    1.2%
   hud               4.14 ms    8.1%
   display           6.36 ms   12.5%
     detect          0.00 ms  (sub)
     tracker        21.12 ms  (sub)
[PROF 09:03:28]  27 frames   75.82 ms/frame  ->  13.2 FPS
   capture           3.07 ms    4.0%
   track            62.21 ms   82.0%
   ctrl+mav          0.70 ms    0.9%
   hud               3.86 ms    5.1%
   display           5.99 ms    7.9%
     detect          0.00 ms  (sub)
     tracker        56.52 ms  (sub)
[PROF 09:03:30]  45 frames   42.71 ms/frame  ->  23.4 FPS
   capture           3.42 ms    8.0%
   track            28.61 ms   67.0%
   ctrl+mav          0.62 ms    1.4%
   hud               3.78 ms    8.9%
   display           6.27 ms   14.7%
     detect          0.00 ms  (sub)
     tracker        13.31 ms  (sub)
[PROF 09:03:32]  56 frames   33.75 ms/frame  ->  29.6 FPS
   capture           3.79 ms   11.2%
   track            18.94 ms   56.1%
   ctrl+mav          0.62 ms    1.8%
   hud               3.91 ms   11.6%
   display           6.50 ms   19.3%
     detect          0.00 ms  (sub)
     tracker         0.00 ms  (sub)
[PROF 09:03:34]  51 frames   35.67 ms/frame  ->  28.0 FPS
   capture           4.12 ms   11.6%
   track            20.06 ms   56.2%
   ctrl+mav          0.60 ms    1.7%
   hud               4.03 ms   11.3%
   display           6.86 ms   19.2%
     detect          0.00 ms  (sub)
     tracker         0.00 ms  (sub)
[PROF 09:03:36]  49 frames   34.62 ms/frame  ->  28.9 FPS
   capture           3.41 ms    9.8%
   track            20.07 ms   58.0%
   ctrl+mav          0.54 ms    1.6%
   hud               4.06 ms   11.7%
   display           6.54 ms   18.9%
     detect          0.00 ms  (sub)
     tracker         0.00 ms  (sub)
[PROF 09:03:38]  45 frames   35.47 ms/frame  ->  28.2 FPS
   capture           4.33 ms   12.2%
   track            19.84 ms   56.0%
   ctrl+mav          0.50 ms    1.4%
   hud               3.82 ms   10.8%
   display           6.97 ms   19.7%
     detect          0.00 ms  (sub)
     tracker         0.00 ms  (sub)
[PROF 09:03:40]  51 frames   35.08 ms/frame  ->  28.5 FPS
   capture           3.74 ms   10.6%
   track            19.92 ms   56.8%
   ctrl+mav          0.62 ms    1.8%
   hud               4.05 ms   11.5%
   display           6.75 ms   19.2%
     detect          0.00 ms  (sub)
     tracker         0.00 ms  (sub)
[PROF 09:03:42]  48 frames   34.74 ms/frame  ->  28.8 FPS
   capture           3.93 ms   11.3%
   track            19.37 ms   55.8%
   ctrl+mav          0.58 ms    1.7%
   hud               4.16 ms   12.0%
   display           6.69 ms   19.2%
     detect          0.00 ms  (sub)
     tracker         0.00 ms  (sub)
[PROF 09:03:44]  50 frames   34.96 ms/frame  ->  28.6 FPS
   capture           3.96 ms   11.3%
   track            19.44 ms   55.6%
   ctrl+mav          0.56 ms    1.6%
   hud               4.25 ms   12.2%
   display           6.76 ms   19.3%
     detect          0.00 ms  (sub)
     tracker         0.00 ms  (sub)
[PROF 09:03:46]  48 frames   35.54 ms/frame  ->  28.1 FPS
   capture           3.79 ms   10.7%
   track            20.19 ms   56.8%
   ctrl+mav          0.54 ms    1.5%
   hud               4.18 ms   11.7%
   display           6.84 ms   19.2%
     detect          0.00 ms  (sub)
     tracker         0.00 ms  (sub)
[PROF 09:03:48]  45 frames   35.73 ms/frame  ->  28.0 FPS
   capture           3.73 ms   10.4%
   track            20.33 ms   56.9%
   ctrl+mav          0.64 ms    1.8%
   hud               4.31 ms   12.1%
   display           6.72 ms   18.8%
     detect          0.00 ms  (sub)
     tracker         0.00 ms  (sub)
[PROF 09:03:50]  37 frames   47.81 ms/frame  ->  20.9 FPS
   capture           3.54 ms    7.4%
   track            32.76 ms   68.5%
   ctrl+mav          0.59 ms    1.2%
   hud               3.97 ms    8.3%
   display           6.95 ms   14.5%
     detect          0.00 ms  (sub)
     tracker        19.68 ms  (sub)
[PROF 09:03:52]  22 frames   91.41 ms/frame  ->  10.9 FPS
   capture           3.61 ms    3.9%
   track            76.65 ms   83.9%
   ctrl+mav          0.83 ms    0.9%
   hud               4.02 ms    4.4%
   display           6.30 ms    6.9%
     detect          0.00 ms  (sub)
     tracker        73.15 ms  (sub)
[PROF 09:03:54]  49 frames   34.67 ms/frame  ->  28.8 FPS
   capture           3.70 ms   10.7%
   track            19.62 ms   56.6%
   ctrl+mav          0.55 ms    1.6%
   hud               4.23 ms   12.2%
   display           6.55 ms   18.9%
     detect          0.00 ms  (sub)
     tracker         0.00 ms  (sub)
[PROF 09:03:56]  47 frames   35.24 ms/frame  ->  28.4 FPS
   capture           4.04 ms   11.5%
   track            19.85 ms   56.3%
   ctrl+mav          0.57 ms    1.6%
   hud               4.03 ms   11.4%
   display           6.75 ms   19.2%
     detect          0.00 ms  (sub)
     tracker         0.00 ms  (sub)
[PROF 09:03:58]  51 frames   33.49 ms/frame  ->  29.9 FPS
   capture           4.01 ms   12.0%
   track            18.40 ms   55.0%
   ctrl+mav          0.64 ms    1.9%
   hud               3.80 ms   11.4%
   display           6.63 ms   19.8%
     detect          0.00 ms  (sub)
     tracker         0.00 ms  (sub)
[PROF 09:04:00]  49 frames   35.22 ms/frame  ->  28.4 FPS
   capture           3.68 ms   10.5%
   track            20.38 ms   57.9%
   ctrl+mav          0.55 ms    1.6%
   hud               4.01 ms   11.4%
   display           6.60 ms   18.7%
     detect          0.00 ms  (sub)
     tracker         0.00 ms  (sub)
[PROF 09:04:02]  46 frames   35.95 ms/frame  ->  27.8 FPS
   capture           3.87 ms   10.8%
   track            20.37 ms   56.7%
   ctrl+mav          0.57 ms    1.6%
   hud               3.98 ms   11.1%
   display           7.16 ms   19.9%
     detect          0.00 ms  (sub)
     tracker         0.00 ms  (sub)
[PROF 09:04:04]  44 frames   36.64 ms/frame  ->  27.3 FPS
   capture           4.07 ms   11.1%
   track            20.81 ms   56.8%
   ctrl+mav          0.63 ms    1.7%
   hud               4.22 ms   11.5%
   display           6.91 ms   18.8%
     detect          0.00 ms  (sub)
     tracker         0.00 ms  (sub)
[PROF 09:04:06]  47 frames   34.64 ms/frame  ->  28.9 FPS
   capture           4.13 ms   11.9%
   track            19.63 ms   56.7%
   ctrl+mav          0.59 ms    1.7%
   hud               3.89 ms   11.2%
   display           6.41 ms   18.5%
     detect          0.00 ms  (sub)
     tracker         0.00 ms  (sub)
[PROF 09:04:08]  49 frames   34.37 ms/frame  ->  29.1 FPS
   capture           3.97 ms   11.6%
   track            19.54 ms   56.8%
   ctrl+mav          0.49 ms    1.4%
   hud               3.86 ms   11.2%
   display           6.52 ms   19.0%
     detect          0.00 ms  (sub)
     tracker         0.00 ms  (sub)
[PROF 09:04:10]  50 frames   35.07 ms/frame  ->  28.5 FPS
   capture           3.93 ms   11.2%
   track            19.98 ms   57.0%
   ctrl+mav          0.60 ms    1.7%
   hud               3.85 ms   11.0%
   display           6.72 ms   19.1%
     detect          0.00 ms  (sub)
     tracker         0.00 ms  (sub)
[PROF 09:04:12]  45 frames   34.70 ms/frame  ->  28.8 FPS
   capture           4.25 ms   12.2%
   track            19.89 ms   57.3%
   ctrl+mav          0.51 ms    1.5%
   hud               3.63 ms   10.5%
   display           6.42 ms   18.5%
     detect          0.00 ms  (sub)
     tracker         0.00 ms  (sub)
[PROF 09:04:14]  50 frames   34.29 ms/frame  ->  29.2 FPS
   capture           3.87 ms   11.3%
   track            19.61 ms   57.2%
   ctrl+mav          0.57 ms    1.7%
   hud               3.72 ms   10.8%
   display           6.52 ms   19.0%
     detect          0.00 ms  (sub)
     tracker         0.00 ms  (sub)
[PROF 09:04:16]  47 frames   34.22 ms/frame  ->  29.2 FPS
   capture           3.83 ms   11.2%
   track            19.27 ms   56.3%
   ctrl+mav          0.70 ms    2.0%
   hud               3.79 ms   11.1%
   display           6.64 ms   19.4%
     detect          0.00 ms  (sub)
     tracker         0.00 ms  (sub)
[PROF 09:04:18]  48 frames   34.08 ms/frame  ->  29.3 FPS
   capture           3.72 ms   10.9%
   track            18.95 ms   55.6%
   ctrl+mav          0.60 ms    1.8%
   hud               4.05 ms   11.9%
   display           6.76 ms   19.8%
     detect          0.00 ms  (sub)
     tracker         0.00 ms  (sub)
[PROF 09:04:20]  46 frames   33.33 ms/frame  ->  30.0 FPS
   capture           4.05 ms   12.2%
   track            18.14 ms   54.4%
   ctrl+mav          0.63 ms    1.9%
   hud               3.84 ms   11.5%
   display           6.67 ms   20.0%
     detect          0.00 ms  (sub)
     tracker         0.00 ms  (sub)
[PROF 09:04:22]  50 frames   34.58 ms/frame  ->  28.9 FPS
   capture           3.95 ms   11.4%
   track            19.73 ms   57.1%
   ctrl+mav          0.54 ms    1.6%
   hud               3.71 ms   10.7%
   display           6.65 ms   19.2%
     detect          0.00 ms  (sub)
     tracker         0.00 ms  (sub)
[PROF 09:04:24]  52 frames   33.41 ms/frame  ->  29.9 FPS
   capture           3.71 ms   11.1%
   track            18.74 ms   56.1%
   ctrl+mav          0.52 ms    1.6%
   hud               3.97 ms   11.9%
   display           6.47 ms   19.4%
     detect          0.00 ms  (sub)
     tracker         0.00 ms  (sub)
[PROF 09:04:26]  43 frames   41.12 ms/frame  ->  24.3 FPS
   capture           3.98 ms    9.7%
   track            25.48 ms   62.0%
   ctrl+mav          0.61 ms    1.5%
   hud               4.00 ms    9.7%
   display           7.05 ms   17.1%
     detect          0.00 ms  (sub)
     tracker         7.43 ms  (sub)
[PROF 09:04:28]  23 frames   88.99 ms/frame  ->  11.2 FPS
   capture           3.79 ms    4.3%
   track            73.67 ms   82.8%
   ctrl+mav          0.81 ms    0.9%
   hud               3.97 ms    4.5%
   display           6.75 ms    7.6%
     detect          0.00 ms  (sub)
     tracker        71.08 ms  (sub)
[PROF 09:04:30]  22 frames   91.20 ms/frame  ->  11.0 FPS
   capture           3.60 ms    3.9%
   track            76.02 ms   83.4%
   ctrl+mav          0.85 ms    0.9%
   hud               4.34 ms    4.8%
   display           6.39 ms    7.0%
     detect          0.00 ms  (sub)
     tracker        73.53 ms  (sub)
[PROF 09:04:33]  21 frames   98.17 ms/frame  ->  10.2 FPS
   capture           3.61 ms    3.7%
   track            73.59 ms   75.0%
   ctrl+mav          4.49 ms    4.6%
   hud               4.10 ms    4.2%
   display          12.39 ms   12.6%
     detect          0.00 ms  (sub)
     tracker        71.15 ms  (sub)
[PROF 09:04:35]  21 frames   96.55 ms/frame  ->  10.4 FPS
   capture           4.38 ms    4.5%
   track            75.71 ms   78.4%
   ctrl+mav          0.98 ms    1.0%
   hud               4.06 ms    4.2%
   display          11.43 ms   11.8%
     detect          0.00 ms  (sub)
     tracker        73.37 ms  (sub)
[PROF 09:04:37]  20 frames  100.88 ms/frame  ->   9.9 FPS
   capture           4.67 ms    4.6%
   track            77.59 ms   76.9%
   ctrl+mav          1.02 ms    1.0%
   hud               4.36 ms    4.3%
   display          13.24 ms   13.1%
     detect          0.00 ms  (sub)
     tracker        75.18 ms  (sub)
[PROF 09:04:39]  21 frames   96.98 ms/frame  ->  10.3 FPS
   capture           4.65 ms    4.8%
   track            75.68 ms   78.0%
   ctrl+mav          1.06 ms    1.1%
   hud               4.24 ms    4.4%
   display          11.35 ms   11.7%
     detect          0.00 ms  (sub)
     tracker        73.22 ms  (sub)
[PROF 09:04:41]  21 frames   99.69 ms/frame  ->  10.0 FPS
   capture           4.91 ms    4.9%
   track            78.02 ms   78.3%
   ctrl+mav          0.98 ms    1.0%
   hud               4.10 ms    4.1%
   display          11.69 ms   11.7%
     detect          0.00 ms  (sub)
     tracker        75.32 ms  (sub)
[PROF 09:04:43]  20 frames  102.65 ms/frame  ->   9.7 FPS
   capture           3.95 ms    3.9%
   track            80.04 ms   78.0%
   ctrl+mav          1.12 ms    1.1%
   hud               4.20 ms    4.1%
   display          13.34 ms   13.0%
     detect          0.00 ms  (sub)
     tracker        75.69 ms  (sub)
[PROF 09:04:45]  20 frames  102.21 ms/frame  ->   9.8 FPS
   capture           4.11 ms    4.0%
   track            80.64 ms   78.9%
   ctrl+mav          0.96 ms    0.9%
   hud               4.17 ms    4.1%
   display          12.34 ms   12.1%
     detect          0.00 ms  (sub)
     tracker        77.84 ms  (sub)
[PROF 09:04:47]  20 frames  100.63 ms/frame  ->   9.9 FPS
   capture           4.41 ms    4.4%
   track            79.51 ms   79.0%
   ctrl+mav          0.93 ms    0.9%
   hud               3.92 ms    3.9%
   display          11.86 ms   11.8%
     detect          0.00 ms  (sub)
     tracker        76.94 ms  (sub)
[PROF 09:04:49]  20 frames  100.05 ms/frame  ->  10.0 FPS
   capture           3.73 ms    3.7%
   track            77.43 ms   77.4%
   ctrl+mav          1.02 ms    1.0%
   hud               4.64 ms    4.6%
   display          13.22 ms   13.2%
     detect          0.00 ms  (sub)
     tracker        74.89 ms  (sub)
[PROF 09:04:51]  20 frames  102.09 ms/frame  ->   9.8 FPS
   capture           4.27 ms    4.2%
   track            79.31 ms   77.7%
   ctrl+mav          1.08 ms    1.1%
   hud               4.38 ms    4.3%
   display          13.06 ms   12.8%
     detect          0.00 ms  (sub)
     tracker        75.55 ms  (sub)
[PROF 09:04:53]  20 frames  100.66 ms/frame  ->   9.9 FPS
   capture           3.99 ms    4.0%
   track            78.44 ms   77.9%
   ctrl+mav          1.04 ms    1.0%
   hud               4.53 ms    4.5%
   display          12.66 ms   12.6%
     detect          0.00 ms  (sub)
     tracker        76.08 ms  (sub)
[PROF 09:04:55]  20 frames  101.63 ms/frame  ->   9.8 FPS
   capture           5.50 ms    5.4%
   track            78.18 ms   76.9%
   ctrl+mav          1.02 ms    1.0%
   hud               4.24 ms    4.2%
   display          12.69 ms   12.5%
     detect          0.00 ms  (sub)
     tracker        74.00 ms  (sub)
[PROF 09:04:57]  20 frames  101.77 ms/frame  ->   9.8 FPS
   capture           4.47 ms    4.4%
   track            80.42 ms   79.0%
   ctrl+mav          1.08 ms    1.1%
   hud               4.05 ms    4.0%
   display          11.76 ms   11.6%
     detect          0.00 ms  (sub)
     tracker        76.27 ms  (sub)
[PROF 09:04:59]  20 frames  100.54 ms/frame  ->   9.9 FPS
   capture           3.98 ms    4.0%
   track            79.12 ms   78.7%
   ctrl+mav          1.22 ms    1.2%
   hud               4.14 ms    4.1%
   display          12.08 ms   12.0%
     detect          0.00 ms  (sub)
     tracker        73.99 ms  (sub)
[PROF 09:05:01]  19 frames  101.49 ms/frame  ->   9.9 FPS
   capture           4.06 ms    4.0%
   track            79.32 ms   78.2%
   ctrl+mav          1.01 ms    1.0%
   hud               4.68 ms    4.6%
   display          12.42 ms   12.2%
     detect          0.00 ms  (sub)
     tracker        73.89 ms  (sub)
[PROF 09:05:03]  21 frames   97.07 ms/frame  ->  10.3 FPS
   capture           4.63 ms    4.8%
   track            74.98 ms   77.2%
   ctrl+mav          0.92 ms    0.9%
   hud               4.10 ms    4.2%
   display          12.44 ms   12.8%
     detect          0.00 ms  (sub)
     tracker        67.87 ms  (sub)
[PROF 09:05:05]  22 frames   88.84 ms/frame  ->  11.3 FPS
   capture           3.99 ms    4.5%
   track            67.68 ms   76.2%
   ctrl+mav          0.91 ms    1.0%
   hud               4.18 ms    4.7%
   display          12.07 ms   13.6%
     detect          0.00 ms  (sub)
     tracker        65.46 ms  (sub)
