# pipeline profile — started 2026-07-21 09:36:43
[PROF 09:36:43]   1 frames   27.55 ms/frame  ->  36.3 FPS
   capture           3.19 ms   11.6%
   track            16.21 ms   58.9%
   ctrl+mav          0.43 ms    1.5%
   hud               3.39 ms   12.3%
   display           4.33 ms   15.7%
     detect          0.00 ms  (sub)
     tracker         0.00 ms  (sub)
[PROF 09:36:45]  50 frames   33.29 ms/frame  ->  30.0 FPS
   capture           3.29 ms    9.9%
   track            19.38 ms   58.2%
   ctrl+mav          0.57 ms    1.7%
   hud               3.62 ms   10.9%
   display           6.43 ms   19.3%
     detect          0.00 ms  (sub)
     tracker         0.00 ms  (sub)
[PROF 09:36:47]  40 frames   43.29 ms/frame  ->  23.1 FPS
   capture           3.61 ms    8.3%
   track            25.41 ms   58.7%
   ctrl+mav          3.91 ms    9.0%
   hud               3.86 ms    8.9%
   display           6.51 ms   15.0%
     detect          0.00 ms  (sub)
     tracker         7.23 ms  (sub)
[PROF 09:36:49]  23 frames   90.13 ms/frame  ->  11.1 FPS
   capture           3.38 ms    3.7%
   track            75.96 ms   84.3%
   ctrl+mav          0.84 ms    0.9%
   hud               3.75 ms    4.2%
   display           6.20 ms    6.9%
     detect          0.00 ms  (sub)
     tracker        73.61 ms  (sub)
[PROF 09:36:51]  21 frames   95.39 ms/frame  ->  10.5 FPS
   capture           3.34 ms    3.5%
   track            81.73 ms   85.7%
   ctrl+mav          0.78 ms    0.8%
   hud               3.62 ms    3.8%
   display           5.92 ms    6.2%
     detect          0.00 ms  (sub)
     tracker        79.09 ms  (sub)
[PROF 09:36:53]  23 frames   88.97 ms/frame  ->  11.2 FPS
   capture           3.20 ms    3.6%
   track            74.47 ms   83.7%
   ctrl+mav          0.78 ms    0.9%
   hud               4.23 ms    4.8%
   display           6.29 ms    7.1%
     detect          0.00 ms  (sub)
     tracker        67.87 ms  (sub)
[PROF 09:36:55]  36 frames   53.52 ms/frame  ->  18.7 FPS
   capture           3.64 ms    6.8%
   track            38.55 ms   72.0%
   ctrl+mav          0.58 ms    1.1%
   hud               3.96 ms    7.4%
   display           6.79 ms   12.7%
     detect          0.00 ms  (sub)
     tracker        23.38 ms  (sub)
[PROF 09:36:57]  28 frames   71.00 ms/frame  ->  14.1 FPS
   capture           3.95 ms    5.6%
   track            55.76 ms   78.5%
   ctrl+mav          0.68 ms    1.0%
   hud               3.94 ms    5.5%
   display           6.67 ms    9.4%
     detect          0.00 ms  (sub)
     tracker        47.16 ms  (sub)
[PROF 09:36:59]  43 frames   42.94 ms/frame  ->  23.3 FPS
   capture           3.96 ms    9.2%
   track            28.18 ms   65.6%
   ctrl+mav          0.63 ms    1.5%
   hud               3.78 ms    8.8%
   display           6.39 ms   14.9%
     detect          0.00 ms  (sub)
     tracker        11.70 ms  (sub)
[PROF 09:37:01]  52 frames   34.55 ms/frame  ->  28.9 FPS
   capture           3.95 ms   11.4%
   track            19.45 ms   56.3%
   ctrl+mav          0.59 ms    1.7%
   hud               3.96 ms   11.5%
   display           6.60 ms   19.1%
     detect          0.00 ms  (sub)
     tracker         0.00 ms  (sub)
[PROF 09:37:03]  47 frames   35.59 ms/frame  ->  28.1 FPS
   capture           4.13 ms   11.6%
   track            20.18 ms   56.7%
   ctrl+mav          0.55 ms    1.5%
   hud               4.18 ms   11.8%
   display           6.55 ms   18.4%
     detect          0.00 ms  (sub)
     tracker         0.00 ms  (sub)
[PROF 09:37:06]  49 frames   36.60 ms/frame  ->  27.3 FPS
   capture           4.38 ms   12.0%
   track            20.83 ms   56.9%
   ctrl+mav          0.56 ms    1.5%
   hud               4.36 ms   11.9%
   display           6.47 ms   17.7%
     detect          0.00 ms  (sub)
     tracker         0.00 ms  (sub)
[PROF 09:37:08]  49 frames   36.00 ms/frame  ->  27.8 FPS
   capture           3.74 ms   10.4%
   track            20.52 ms   57.0%
   ctrl+mav          0.57 ms    1.6%
   hud               4.24 ms   11.8%
   display           6.93 ms   19.2%
     detect          0.00 ms  (sub)
     tracker         0.00 ms  (sub)
[PROF 09:37:10]  51 frames   35.42 ms/frame  ->  28.2 FPS
   capture           3.58 ms   10.1%
   track            20.44 ms   57.7%
   ctrl+mav          0.56 ms    1.6%
   hud               4.08 ms   11.5%
   display           6.77 ms   19.1%
     detect          0.00 ms  (sub)
     tracker         0.00 ms  (sub)
[PROF 09:37:12]  49 frames   34.30 ms/frame  ->  29.2 FPS
   capture           3.94 ms   11.5%
   track            19.40 ms   56.5%
   ctrl+mav          0.59 ms    1.7%
   hud               3.94 ms   11.5%
   display           6.44 ms   18.8%
     detect          0.00 ms  (sub)
     tracker         0.00 ms  (sub)
[PROF 09:37:14]  50 frames   34.97 ms/frame  ->  28.6 FPS
   capture           3.76 ms   10.7%
   track            20.04 ms   57.3%
   ctrl+mav          0.57 ms    1.6%
   hud               4.06 ms   11.6%
   display           6.56 ms   18.7%
     detect          0.00 ms  (sub)
     tracker         0.00 ms  (sub)
[PROF 09:37:16]  52 frames   34.65 ms/frame  ->  28.9 FPS
   capture           3.96 ms   11.4%
   track            19.81 ms   57.2%
   ctrl+mav          0.55 ms    1.6%
   hud               3.92 ms   11.3%
   display           6.41 ms   18.5%
     detect          0.00 ms  (sub)
     tracker         0.00 ms  (sub)
[PROF 09:37:18]  51 frames   34.68 ms/frame  ->  28.8 FPS
   capture           3.86 ms   11.1%
   track            19.91 ms   57.4%
   ctrl+mav          0.59 ms    1.7%
   hud               3.85 ms   11.1%
   display           6.47 ms   18.7%
     detect          0.00 ms  (sub)
     tracker         0.00 ms  (sub)
[PROF 09:37:20]  49 frames   34.93 ms/frame  ->  28.6 FPS
   capture           3.85 ms   11.0%
   track            19.72 ms   56.5%
   ctrl+mav          0.56 ms    1.6%
   hud               4.10 ms   11.7%
   display           6.70 ms   19.2%
     detect          0.00 ms  (sub)
     tracker         0.00 ms  (sub)
[PROF 09:37:22]  50 frames   35.07 ms/frame  ->  28.5 FPS
   capture           4.13 ms   11.8%
   track            19.42 ms   55.4%
   ctrl+mav          0.62 ms    1.8%
   hud               4.04 ms   11.5%
   display           6.87 ms   19.6%
     detect          0.00 ms  (sub)
     tracker         0.00 ms  (sub)
[PROF 09:37:24]  49 frames   34.30 ms/frame  ->  29.2 FPS
   capture           3.95 ms   11.5%
   track            18.90 ms   55.1%
   ctrl+mav          0.53 ms    1.6%
   hud               3.99 ms   11.6%
   display           6.92 ms   20.2%
     detect          0.00 ms  (sub)
     tracker         0.00 ms  (sub)
[PROF 09:37:26]  49 frames   34.05 ms/frame  ->  29.4 FPS
   capture           3.49 ms   10.3%
   track            19.57 ms   57.5%
   ctrl+mav          0.53 ms    1.6%
   hud               3.81 ms   11.2%
   display           6.64 ms   19.5%
     detect          0.00 ms  (sub)
     tracker         0.00 ms  (sub)
[PROF 09:37:28]  49 frames   33.93 ms/frame  ->  29.5 FPS
   capture           3.76 ms   11.1%
   track            19.25 ms   56.7%
   ctrl+mav          0.62 ms    1.8%
   hud               3.76 ms   11.1%
   display           6.55 ms   19.3%
     detect          0.00 ms  (sub)
     tracker         0.00 ms  (sub)
[PROF 09:37:30]  50 frames   34.04 ms/frame  ->  29.4 FPS
   capture           3.96 ms   11.6%
   track            19.71 ms   57.9%
   ctrl+mav          0.54 ms    1.6%
   hud               3.61 ms   10.6%
   display           6.21 ms   18.3%
     detect          0.00 ms  (sub)
     tracker         0.00 ms  (sub)
[PROF 09:37:32]  48 frames   34.83 ms/frame  ->  28.7 FPS
   capture           4.13 ms   11.9%
   track            19.67 ms   56.5%
   ctrl+mav          0.48 ms    1.4%
   hud               3.63 ms   10.4%
   display           6.91 ms   19.8%
     detect          0.00 ms  (sub)
     tracker         0.00 ms  (sub)
[PROF 09:37:34]  38 frames   45.62 ms/frame  ->  21.9 FPS
   capture           3.85 ms    8.4%
   track            30.46 ms   66.8%
   ctrl+mav          0.55 ms    1.2%
   hud               3.96 ms    8.7%
   display           6.81 ms   14.9%
     detect          0.00 ms  (sub)
     tracker        15.39 ms  (sub)
[PROF 09:37:36]  22 frames   95.00 ms/frame  ->  10.5 FPS
   capture           3.36 ms    3.5%
   track            80.40 ms   84.6%
   ctrl+mav          0.84 ms    0.9%
   hud               4.40 ms    4.6%
   display           6.00 ms    6.3%
     detect          0.00 ms  (sub)
     tracker        78.21 ms  (sub)
[PROF 09:37:38]  23 frames   87.90 ms/frame  ->  11.4 FPS
   capture           3.65 ms    4.2%
   track            72.28 ms   82.2%
   ctrl+mav          0.88 ms    1.0%
   hud               4.22 ms    4.8%
   display           6.86 ms    7.8%
     detect          0.00 ms  (sub)
     tracker        69.77 ms  (sub)
[PROF 09:37:40]  42 frames   42.34 ms/frame  ->  23.6 FPS
   capture           3.91 ms    9.2%
   track            27.63 ms   65.3%
   ctrl+mav          0.70 ms    1.6%
   hud               3.63 ms    8.6%
   display           6.47 ms   15.3%
     detect          0.00 ms  (sub)
     tracker        11.85 ms  (sub)
[PROF 09:37:42]  51 frames   32.89 ms/frame  ->  30.4 FPS
   capture           3.60 ms   11.0%
   track            18.86 ms   57.3%
   ctrl+mav          0.55 ms    1.7%
   hud               3.52 ms   10.7%
   display           6.36 ms   19.3%
     detect          0.00 ms  (sub)
     tracker         0.00 ms  (sub)
[PROF 09:37:44]  32 frames   58.79 ms/frame  ->  17.0 FPS
   capture           3.65 ms    6.2%
   track            44.22 ms   75.2%
   ctrl+mav          0.64 ms    1.1%
   hud               3.84 ms    6.5%
   display           6.44 ms   10.9%
     detect          0.00 ms  (sub)
     tracker        36.38 ms  (sub)
[PROF 09:37:46]  46 frames   37.35 ms/frame  ->  26.8 FPS
   capture           3.85 ms   10.3%
   track            22.78 ms   61.0%
   ctrl+mav          0.55 ms    1.5%
   hud               3.67 ms    9.8%
   display           6.50 ms   17.4%
     detect          0.00 ms  (sub)
     tracker         5.72 ms  (sub)
[PROF 09:37:48]  33 frames   55.54 ms/frame  ->  18.0 FPS
   capture           3.63 ms    6.5%
   track            40.02 ms   72.1%
   ctrl+mav          0.64 ms    1.2%
   hud               4.12 ms    7.4%
   display           7.12 ms   12.8%
     detect          0.00 ms  (sub)
     tracker        27.70 ms  (sub)
[PROF 09:37:50]  22 frames   94.29 ms/frame  ->  10.6 FPS
   capture           3.38 ms    3.6%
   track            78.96 ms   83.7%
   ctrl+mav          0.98 ms    1.0%
   hud               4.61 ms    4.9%
   display           6.36 ms    6.7%
     detect          0.00 ms  (sub)
     tracker        76.57 ms  (sub)
[PROF 09:37:52]  22 frames   93.07 ms/frame  ->  10.7 FPS
   capture           4.18 ms    4.5%
   track            76.93 ms   82.7%
   ctrl+mav          0.82 ms    0.9%
   hud               4.34 ms    4.7%
   display           6.81 ms    7.3%
     detect          0.00 ms  (sub)
     tracker        74.66 ms  (sub)
[PROF 09:37:54]  22 frames   93.28 ms/frame  ->  10.7 FPS
   capture           3.27 ms    3.5%
   track            78.52 ms   84.2%
   ctrl+mav          0.91 ms    1.0%
   hud               4.24 ms    4.5%
   display           6.34 ms    6.8%
     detect          0.00 ms  (sub)
     tracker        75.96 ms  (sub)
[PROF 09:37:56]  22 frames   92.33 ms/frame  ->  10.8 FPS
   capture           3.02 ms    3.3%
   track            78.13 ms   84.6%
   ctrl+mav          0.91 ms    1.0%
   hud               3.96 ms    4.3%
   display           6.31 ms    6.8%
     detect          0.00 ms  (sub)
     tracker        73.91 ms  (sub)
[PROF 09:37:59]  24 frames   85.74 ms/frame  ->  11.7 FPS
   capture           3.56 ms    4.1%
   track            71.21 ms   83.0%
   ctrl+mav          0.77 ms    0.9%
   hud               3.90 ms    4.5%
   display           6.32 ms    7.4%
     detect          0.00 ms  (sub)
     tracker        67.26 ms  (sub)
[PROF 09:38:01]  25 frames   79.36 ms/frame  ->  12.6 FPS
   capture           3.66 ms    4.6%
   track            64.83 ms   81.7%
   ctrl+mav          0.76 ms    1.0%
   hud               3.89 ms    4.9%
   display           6.23 ms    7.8%
     detect          0.00 ms  (sub)
     tracker        62.48 ms  (sub)
[PROF 09:38:03]  23 frames   89.06 ms/frame  ->  11.2 FPS
   capture           3.93 ms    4.4%
   track            73.59 ms   82.6%
   ctrl+mav          0.92 ms    1.0%
   hud               4.28 ms    4.8%
   display           6.35 ms    7.1%
     detect          0.00 ms  (sub)
     tracker        70.87 ms  (sub)
[PROF 09:38:05]  20 frames  100.27 ms/frame  ->  10.0 FPS
   capture           4.14 ms    4.1%
   track            72.48 ms   72.3%
   ctrl+mav          4.62 ms    4.6%
   hud               4.33 ms    4.3%
   display          14.71 ms   14.7%
     detect          0.00 ms  (sub)
     tracker        69.69 ms  (sub)
[PROF 09:38:07]  22 frames   95.35 ms/frame  ->  10.5 FPS
   capture           4.88 ms    5.1%
   track            72.34 ms   75.9%
   ctrl+mav          0.95 ms    1.0%
   hud               4.19 ms    4.4%
   display          13.00 ms   13.6%
     detect          0.00 ms  (sub)
     tracker        67.36 ms  (sub)
[PROF 09:38:09]  20 frames  100.36 ms/frame  ->  10.0 FPS
   capture           4.34 ms    4.3%
   track            78.66 ms   78.4%
   ctrl+mav          1.08 ms    1.1%
   hud               3.89 ms    3.9%
   display          12.39 ms   12.3%
     detect          0.00 ms  (sub)
     tracker        76.20 ms  (sub)
[PROF 09:38:11]  20 frames  100.84 ms/frame  ->   9.9 FPS
   capture           4.71 ms    4.7%
   track            77.85 ms   77.2%
   ctrl+mav          1.04 ms    1.0%
   hud               4.02 ms    4.0%
   display          13.22 ms   13.1%
     detect          0.00 ms  (sub)
     tracker        75.41 ms  (sub)
[PROF 09:38:13]  21 frames   99.62 ms/frame  ->  10.0 FPS
   capture           4.87 ms    4.9%
   track            76.13 ms   76.4%
   ctrl+mav          1.18 ms    1.2%
   hud               4.69 ms    4.7%
   display          12.75 ms   12.8%
     detect          0.00 ms  (sub)
     tracker        73.62 ms  (sub)
[PROF 09:38:15]  20 frames  102.58 ms/frame  ->   9.7 FPS
   capture           5.32 ms    5.2%
   track            80.04 ms   78.0%
   ctrl+mav          1.06 ms    1.0%
   hud               4.11 ms    4.0%
   display          12.04 ms   11.7%
     detect          0.00 ms  (sub)
     tracker        76.46 ms  (sub)
[PROF 09:38:17]  20 frames  102.37 ms/frame  ->   9.8 FPS
   capture           4.27 ms    4.2%
   track            79.83 ms   78.0%
   ctrl+mav          1.05 ms    1.0%
   hud               4.10 ms    4.0%
   display          13.13 ms   12.8%
     detect          0.00 ms  (sub)
     tracker        77.37 ms  (sub)
[PROF 09:38:19]  20 frames  102.88 ms/frame  ->   9.7 FPS
   capture           4.43 ms    4.3%
   track            80.77 ms   78.5%
   ctrl+mav          1.08 ms    1.0%
   hud               4.41 ms    4.3%
   display          12.19 ms   11.9%
     detect          0.00 ms  (sub)
     tracker        76.81 ms  (sub)
[PROF 09:38:21]  20 frames  102.43 ms/frame  ->   9.8 FPS
   capture           4.36 ms    4.3%
   track            80.84 ms   78.9%
   ctrl+mav          1.08 ms    1.0%
   hud               4.15 ms    4.1%
   display          11.99 ms   11.7%
     detect          0.00 ms  (sub)
     tracker        76.67 ms  (sub)
[PROF 09:38:23]  20 frames   98.67 ms/frame  ->  10.1 FPS
   capture           3.84 ms    3.9%
   track            77.57 ms   78.6%
   ctrl+mav          1.01 ms    1.0%
   hud               4.15 ms    4.2%
   display          12.10 ms   12.3%
     detect          0.00 ms  (sub)
     tracker        72.90 ms  (sub)
[PROF 09:38:25]  20 frames  104.66 ms/frame  ->   9.6 FPS
   capture           4.76 ms    4.5%
   track            82.50 ms   78.8%
   ctrl+mav          1.16 ms    1.1%
   hud               4.03 ms    3.9%
   display          12.21 ms   11.7%
     detect          0.00 ms  (sub)
     tracker        76.78 ms  (sub)
[PROF 09:38:27]  19 frames  106.69 ms/frame  ->   9.4 FPS
   capture           4.83 ms    4.5%
   track            84.21 ms   78.9%
   ctrl+mav          1.23 ms    1.2%
   hud               3.97 ms    3.7%
   display          12.45 ms   11.7%
     detect          0.00 ms  (sub)
     tracker        77.72 ms  (sub)
[PROF 09:38:29]  23 frames   88.80 ms/frame  ->  11.3 FPS
   capture           4.96 ms    5.6%
   track            67.11 ms   75.6%
   ctrl+mav          1.02 ms    1.2%
   hud               3.90 ms    4.4%
   display          11.81 ms   13.3%
     detect          0.00 ms  (sub)
     tracker        58.15 ms  (sub)
