# pipeline profile — started 2026-07-27 12:10:32
[PROF 12:10:32]  20 frames   42.50 ms/frame  ->  23.5 FPS
   capture           4.48 ms   10.5%
   track            24.88 ms   58.6%
   ctrl+mav          0.88 ms    2.1%
   hud               4.73 ms   11.1%
   display           7.52 ms   17.7%
     detect          0.00 ms  (sub)
     tracker         0.00 ms  (sub)
[PROF 12:10:34]  44 frames   41.59 ms/frame  ->  24.0 FPS
   capture           5.03 ms   12.1%
   track            24.45 ms   58.8%
   ctrl+mav          0.67 ms    1.6%
   hud               4.86 ms   11.7%
   display           6.57 ms   15.8%
     detect          0.00 ms  (sub)
     tracker         0.00 ms  (sub)
[PROF 12:10:36]  44 frames   42.82 ms/frame  ->  23.4 FPS
   capture           5.54 ms   12.9%
   track            25.27 ms   59.0%
   ctrl+mav          0.66 ms    1.5%
   hud               4.73 ms   11.1%
   display           6.61 ms   15.4%
     detect          0.00 ms  (sub)
     tracker         0.00 ms  (sub)
[PROF 12:10:38]  45 frames   42.15 ms/frame  ->  23.7 FPS
   capture           5.56 ms   13.2%
   track            24.27 ms   57.6%
   ctrl+mav          0.68 ms    1.6%
   hud               5.01 ms   11.9%
   display           6.63 ms   15.7%
     detect          0.00 ms  (sub)
     tracker         0.00 ms  (sub)
[PROF 12:10:40]  45 frames   42.37 ms/frame  ->  23.6 FPS
   capture           5.48 ms   12.9%
   track            24.78 ms   58.5%
   ctrl+mav          0.71 ms    1.7%
   hud               5.11 ms   12.1%
   display           6.30 ms   14.9%
     detect          0.00 ms  (sub)
     tracker         0.00 ms  (sub)
[PROF 12:10:42]  44 frames   41.87 ms/frame  ->  23.9 FPS
   capture           5.32 ms   12.7%
   track            24.30 ms   58.0%
   ctrl+mav          0.62 ms    1.5%
   hud               5.10 ms   12.2%
   display           6.54 ms   15.6%
     detect          0.00 ms  (sub)
     tracker         0.00 ms  (sub)
[PROF 12:10:44]  42 frames   43.82 ms/frame  ->  22.8 FPS
   capture           5.40 ms   12.3%
   track            24.97 ms   57.0%
   ctrl+mav          0.72 ms    1.6%
   hud               5.82 ms   13.3%
   display           6.91 ms   15.8%
     detect          0.00 ms  (sub)
     tracker         0.00 ms  (sub)
[PROF 12:10:46]  43 frames   43.31 ms/frame  ->  23.1 FPS
   capture           5.28 ms   12.2%
   track            25.17 ms   58.1%
   ctrl+mav          0.73 ms    1.7%
   hud               5.38 ms   12.4%
   display           6.75 ms   15.6%
     detect          0.00 ms  (sub)
     tracker         0.00 ms  (sub)
[PROF 12:10:48]  43 frames   44.62 ms/frame  ->  22.4 FPS
   capture           5.23 ms   11.7%
   track            25.63 ms   57.4%
   ctrl+mav          0.84 ms    1.9%
   hud               5.54 ms   12.4%
   display           7.38 ms   16.5%
     detect          0.00 ms  (sub)
     tracker         0.00 ms  (sub)
[PROF 12:10:50]  43 frames   43.17 ms/frame  ->  23.2 FPS
   capture           5.27 ms   12.2%
   track            25.41 ms   58.9%
   ctrl+mav          0.76 ms    1.8%
   hud               5.15 ms   11.9%
   display           6.58 ms   15.3%
     detect          0.00 ms  (sub)
     tracker         0.00 ms  (sub)
[PROF 12:10:52]  41 frames   44.45 ms/frame  ->  22.5 FPS
   capture           5.93 ms   13.3%
   track            25.31 ms   56.9%
   ctrl+mav          0.78 ms    1.7%
   hud               5.33 ms   12.0%
   display           7.10 ms   16.0%
     detect          0.00 ms  (sub)
     tracker         0.00 ms  (sub)
[PROF 12:10:54]  42 frames   43.72 ms/frame  ->  22.9 FPS
   capture           5.34 ms   12.2%
   track            25.64 ms   58.7%
   ctrl+mav          0.70 ms    1.6%
   hud               5.25 ms   12.0%
   display           6.78 ms   15.5%
     detect          0.00 ms  (sub)
     tracker         0.00 ms  (sub)
[PROF 12:10:56]  43 frames   45.46 ms/frame  ->  22.0 FPS
   capture           6.23 ms   13.7%
   track            26.08 ms   57.4%
   ctrl+mav          0.81 ms    1.8%
   hud               5.65 ms   12.4%
   display           6.70 ms   14.7%
     detect          0.00 ms  (sub)
     tracker         0.00 ms  (sub)
[PROF 12:10:58]  46 frames   42.27 ms/frame  ->  23.7 FPS
   capture           5.44 ms   12.9%
   track            24.23 ms   57.3%
   ctrl+mav          0.68 ms    1.6%
   hud               5.44 ms   12.9%
   display           6.48 ms   15.3%
     detect          0.00 ms  (sub)
     tracker         0.00 ms  (sub)
[PROF 12:11:00]  44 frames   42.90 ms/frame  ->  23.3 FPS
   capture           5.23 ms   12.2%
   track            24.71 ms   57.6%
   ctrl+mav          0.71 ms    1.6%
   hud               5.49 ms   12.8%
   display           6.76 ms   15.8%
     detect          0.00 ms  (sub)
     tracker         0.00 ms  (sub)
[PROF 12:11:02]  43 frames   44.20 ms/frame  ->  22.6 FPS
   capture           5.50 ms   12.5%
   track            26.18 ms   59.2%
   ctrl+mav          0.79 ms    1.8%
   hud               5.12 ms   11.6%
   display           6.61 ms   15.0%
     detect          0.00 ms  (sub)
     tracker         0.00 ms  (sub)
[PROF 12:11:04]  43 frames   42.19 ms/frame  ->  23.7 FPS
   capture           5.16 ms   12.2%
   track            24.21 ms   57.4%
   ctrl+mav          0.80 ms    1.9%
   hud               5.47 ms   13.0%
   display           6.55 ms   15.5%
     detect          0.00 ms  (sub)
     tracker         0.00 ms  (sub)
[PROF 12:11:06]  43 frames   45.70 ms/frame  ->  21.9 FPS
   capture           6.48 ms   14.2%
   track            26.45 ms   57.9%
   ctrl+mav          0.78 ms    1.7%
   hud               5.47 ms   12.0%
   display           6.53 ms   14.3%
     detect          0.00 ms  (sub)
     tracker         0.00 ms  (sub)
[PROF 12:11:08]  42 frames   44.03 ms/frame  ->  22.7 FPS
   capture           5.32 ms   12.1%
   track            25.73 ms   58.4%
   ctrl+mav          0.77 ms    1.7%
   hud               5.44 ms   12.4%
   display           6.77 ms   15.4%
     detect          0.00 ms  (sub)
     tracker         0.00 ms  (sub)
[PROF 12:11:11]  45 frames   42.50 ms/frame  ->  23.5 FPS
   capture           5.26 ms   12.4%
   track            24.68 ms   58.1%
   ctrl+mav          0.70 ms    1.6%
   hud               5.36 ms   12.6%
   display           6.50 ms   15.3%
     detect          0.00 ms  (sub)
     tracker         0.00 ms  (sub)
[PROF 12:11:13]  42 frames   43.92 ms/frame  ->  22.8 FPS
   capture           5.67 ms   12.9%
   track            25.58 ms   58.2%
   ctrl+mav          0.68 ms    1.5%
   hud               5.25 ms   12.0%
   display           6.74 ms   15.3%
     detect          0.00 ms  (sub)
     tracker         0.00 ms  (sub)
[PROF 12:11:15]  43 frames   43.24 ms/frame  ->  23.1 FPS
   capture           5.70 ms   13.2%
   track            24.75 ms   57.2%
   ctrl+mav          0.73 ms    1.7%
   hud               5.61 ms   13.0%
   display           6.44 ms   14.9%
     detect          0.00 ms  (sub)
     tracker         0.00 ms  (sub)
[PROF 12:11:17]  40 frames   43.85 ms/frame  ->  22.8 FPS
   capture           5.50 ms   12.5%
   track            25.77 ms   58.8%
   ctrl+mav          0.69 ms    1.6%
   hud               5.33 ms   12.1%
   display           6.57 ms   15.0%
     detect          0.00 ms  (sub)
     tracker         0.00 ms  (sub)
[PROF 12:11:19]  42 frames   42.07 ms/frame  ->  23.8 FPS
   capture           5.19 ms   12.3%
   track            24.70 ms   58.7%
   ctrl+mav          0.81 ms    1.9%
   hud               4.98 ms   11.8%
   display           6.40 ms   15.2%
     detect          0.00 ms  (sub)
     tracker         0.00 ms  (sub)
[PROF 12:11:21]  42 frames   42.08 ms/frame  ->  23.8 FPS
   capture           5.43 ms   12.9%
   track            24.27 ms   57.7%
   ctrl+mav          0.71 ms    1.7%
   hud               5.16 ms   12.3%
   display           6.52 ms   15.5%
     detect          0.00 ms  (sub)
     tracker         0.00 ms  (sub)
[PROF 12:11:23]  44 frames   42.05 ms/frame  ->  23.8 FPS
   capture           4.97 ms   11.8%
   track            24.61 ms   58.5%
   ctrl+mav          0.70 ms    1.7%
   hud               5.33 ms   12.7%
   display           6.44 ms   15.3%
     detect          0.00 ms  (sub)
     tracker         0.00 ms  (sub)
[PROF 12:11:25]  43 frames   43.62 ms/frame  ->  22.9 FPS
   capture           5.50 ms   12.6%
   track            25.57 ms   58.6%
   ctrl+mav          0.70 ms    1.6%
   hud               5.41 ms   12.4%
   display           6.44 ms   14.8%
     detect          0.00 ms  (sub)
     tracker         0.00 ms  (sub)
[PROF 12:11:27]  43 frames   44.39 ms/frame  ->  22.5 FPS
   capture           5.50 ms   12.4%
   track            26.16 ms   58.9%
   ctrl+mav          0.72 ms    1.6%
   hud               5.22 ms   11.8%
   display           6.79 ms   15.3%
     detect          0.00 ms  (sub)
     tracker         0.00 ms  (sub)
[PROF 12:11:29]  42 frames   42.79 ms/frame  ->  23.4 FPS
   capture           5.28 ms   12.3%
   track            25.02 ms   58.5%
   ctrl+mav          0.70 ms    1.6%
   hud               5.04 ms   11.8%
   display           6.74 ms   15.7%
     detect          0.00 ms  (sub)
     tracker         0.00 ms  (sub)
[PROF 12:11:31]  40 frames   43.56 ms/frame  ->  23.0 FPS
   capture           5.72 ms   13.1%
   track            25.39 ms   58.3%
   ctrl+mav          0.72 ms    1.6%
   hud               5.07 ms   11.6%
   display           6.67 ms   15.3%
     detect          0.00 ms  (sub)
     tracker         0.00 ms  (sub)
[PROF 12:11:33]  42 frames   43.88 ms/frame  ->  22.8 FPS
   capture           5.59 ms   12.7%
   track            24.92 ms   56.8%
   ctrl+mav          0.73 ms    1.7%
   hud               5.75 ms   13.1%
   display           6.89 ms   15.7%
     detect          0.00 ms  (sub)
     tracker         0.00 ms  (sub)
[PROF 12:11:35]  42 frames   43.79 ms/frame  ->  22.8 FPS
   capture           5.27 ms   12.0%
   track            25.85 ms   59.0%
   ctrl+mav          0.71 ms    1.6%
   hud               5.08 ms   11.6%
   display           6.88 ms   15.7%
     detect          0.00 ms  (sub)
     tracker         0.00 ms  (sub)
[PROF 12:11:37]  40 frames   44.61 ms/frame  ->  22.4 FPS
   capture           5.61 ms   12.6%
   track            25.90 ms   58.1%
   ctrl+mav          0.95 ms    2.1%
   hud               5.53 ms   12.4%
   display           6.62 ms   14.8%
     detect          0.00 ms  (sub)
     tracker         0.00 ms  (sub)
[PROF 12:11:39]  40 frames   45.87 ms/frame  ->  21.8 FPS
   capture           5.94 ms   13.0%
   track            26.69 ms   58.2%
   ctrl+mav          0.79 ms    1.7%
   hud               5.62 ms   12.2%
   display           6.83 ms   14.9%
     detect          0.00 ms  (sub)
     tracker         0.00 ms  (sub)
[PROF 12:11:41]  43 frames   43.41 ms/frame  ->  23.0 FPS
   capture           5.33 ms   12.3%
   track            25.38 ms   58.5%
   ctrl+mav          0.66 ms    1.5%
   hud               5.16 ms   11.9%
   display           6.88 ms   15.8%
     detect          0.00 ms  (sub)
     tracker         0.00 ms  (sub)
[PROF 12:11:43]  43 frames   44.79 ms/frame  ->  22.3 FPS
   capture           5.73 ms   12.8%
   track            26.28 ms   58.7%
   ctrl+mav          0.80 ms    1.8%
   hud               5.18 ms   11.6%
   display           6.80 ms   15.2%
     detect          0.00 ms  (sub)
     tracker         0.00 ms  (sub)
[PROF 12:11:45]  43 frames   45.16 ms/frame  ->  22.1 FPS
   capture           5.56 ms   12.3%
   track            26.10 ms   57.8%
   ctrl+mav          0.77 ms    1.7%
   hud               5.72 ms   12.7%
   display           7.03 ms   15.6%
     detect          0.00 ms  (sub)
     tracker         0.00 ms  (sub)
[PROF 12:11:47]  38 frames   47.56 ms/frame  ->  21.0 FPS
   capture           5.74 ms   12.1%
   track            25.12 ms   52.8%
   ctrl+mav          4.49 ms    9.4%
   hud               5.46 ms   11.5%
   display           6.74 ms   14.2%
     detect          0.00 ms  (sub)
     tracker         0.00 ms  (sub)
[PROF 12:11:49]  43 frames   45.68 ms/frame  ->  21.9 FPS
   capture           5.92 ms   13.0%
   track            26.28 ms   57.5%
   ctrl+mav          0.87 ms    1.9%
   hud               5.44 ms   11.9%
   display           7.17 ms   15.7%
     detect          0.00 ms  (sub)
     tracker         0.00 ms  (sub)
[PROF 12:11:51]  43 frames   44.53 ms/frame  ->  22.5 FPS
   capture           5.78 ms   13.0%
   track            25.40 ms   57.0%
   ctrl+mav          0.81 ms    1.8%
   hud               5.57 ms   12.5%
   display           6.97 ms   15.6%
     detect          0.00 ms  (sub)
     tracker         0.00 ms  (sub)
[PROF 12:11:53]  45 frames   43.75 ms/frame  ->  22.9 FPS
   capture           5.77 ms   13.2%
   track            25.31 ms   57.9%
   ctrl+mav          0.79 ms    1.8%
   hud               5.45 ms   12.5%
   display           6.44 ms   14.7%
     detect          0.00 ms  (sub)
     tracker         0.00 ms  (sub)
[PROF 12:11:55]  44 frames   46.31 ms/frame  ->  21.6 FPS
   capture           5.62 ms   12.1%
   track            27.31 ms   59.0%
   ctrl+mav          0.88 ms    1.9%
   hud               5.59 ms   12.1%
   display           6.91 ms   14.9%
     detect          0.00 ms  (sub)
     tracker         0.00 ms  (sub)
[PROF 12:11:57]  45 frames   44.77 ms/frame  ->  22.3 FPS
   capture           4.96 ms   11.1%
   track            26.43 ms   59.0%
   ctrl+mav          0.89 ms    2.0%
   hud               5.67 ms   12.7%
   display           6.84 ms   15.3%
     detect          0.00 ms  (sub)
     tracker         0.00 ms  (sub)
[PROF 12:11:59]  43 frames   45.61 ms/frame  ->  21.9 FPS
   capture           5.56 ms   12.2%
   track            25.88 ms   56.7%
   ctrl+mav          0.86 ms    1.9%
   hud               6.15 ms   13.5%
   display           7.17 ms   15.7%
     detect          0.00 ms  (sub)
     tracker         0.00 ms  (sub)
[PROF 12:12:01]  42 frames   46.66 ms/frame  ->  21.4 FPS
   capture           4.79 ms   10.3%
   track            27.95 ms   59.9%
   ctrl+mav          0.95 ms    2.0%
   hud               5.77 ms   12.4%
   display           7.19 ms   15.4%
     detect          0.00 ms  (sub)
     tracker         0.00 ms  (sub)
[PROF 12:12:03]  44 frames   44.20 ms/frame  ->  22.6 FPS
   capture           5.60 ms   12.7%
   track            26.09 ms   59.0%
   ctrl+mav          0.79 ms    1.8%
   hud               5.47 ms   12.4%
   display           6.24 ms   14.1%
     detect          0.00 ms  (sub)
     tracker         0.00 ms  (sub)
[PROF 12:12:05]  45 frames   44.10 ms/frame  ->  22.7 FPS
   capture           5.61 ms   12.7%
   track            25.42 ms   57.7%
   ctrl+mav          0.92 ms    2.1%
   hud               5.54 ms   12.6%
   display           6.60 ms   15.0%
     detect          0.00 ms  (sub)
     tracker         0.00 ms  (sub)
[PROF 12:12:07]  43 frames   42.06 ms/frame  ->  23.8 FPS
   capture           4.80 ms   11.4%
   track            24.28 ms   57.7%
   ctrl+mav          0.73 ms    1.7%
   hud               5.67 ms   13.5%
   display           6.58 ms   15.7%
     detect          0.00 ms  (sub)
     tracker         0.00 ms  (sub)
[PROF 12:12:09]  43 frames   45.05 ms/frame  ->  22.2 FPS
   capture           5.82 ms   12.9%
   track            25.72 ms   57.1%
   ctrl+mav          0.99 ms    2.2%
   hud               5.53 ms   12.3%
   display           6.98 ms   15.5%
     detect          0.00 ms  (sub)
     tracker         0.00 ms  (sub)
[PROF 12:12:11]  40 frames   44.94 ms/frame  ->  22.3 FPS
   capture           5.57 ms   12.4%
   track            26.44 ms   58.8%
   ctrl+mav          0.76 ms    1.7%
   hud               5.53 ms   12.3%
   display           6.64 ms   14.8%
     detect          0.00 ms  (sub)
     tracker         0.00 ms  (sub)
[PROF 12:12:13]  44 frames   44.19 ms/frame  ->  22.6 FPS
   capture           5.86 ms   13.3%
   track            25.20 ms   57.0%
   ctrl+mav          0.76 ms    1.7%
   hud               5.75 ms   13.0%
   display           6.62 ms   15.0%
     detect          0.00 ms  (sub)
     tracker         0.00 ms  (sub)
[PROF 12:12:15]  41 frames   45.25 ms/frame  ->  22.1 FPS
   capture           5.57 ms   12.3%
   track            26.30 ms   58.1%
   ctrl+mav          0.91 ms    2.0%
   hud               5.84 ms   12.9%
   display           6.63 ms   14.6%
     detect          0.00 ms  (sub)
     tracker         0.00 ms  (sub)
[PROF 12:12:17]  41 frames   44.68 ms/frame  ->  22.4 FPS
   capture           5.85 ms   13.1%
   track            25.74 ms   57.6%
   ctrl+mav          0.74 ms    1.7%
   hud               5.39 ms   12.1%
   display           6.97 ms   15.6%
     detect          0.00 ms  (sub)
     tracker         0.00 ms  (sub)
[PROF 12:12:19]  45 frames   42.90 ms/frame  ->  23.3 FPS
   capture           5.07 ms   11.8%
   track            24.97 ms   58.2%
   ctrl+mav          0.77 ms    1.8%
   hud               5.45 ms   12.7%
   display           6.65 ms   15.5%
     detect          0.00 ms  (sub)
     tracker         0.00 ms  (sub)
[PROF 12:12:21]  40 frames   45.30 ms/frame  ->  22.1 FPS
   capture           5.35 ms   11.8%
   track            26.87 ms   59.3%
   ctrl+mav          0.83 ms    1.8%
   hud               5.39 ms   11.9%
   display           6.86 ms   15.1%
     detect          0.00 ms  (sub)
     tracker         0.00 ms  (sub)
[PROF 12:12:23]  41 frames   46.80 ms/frame  ->  21.4 FPS
   capture           5.21 ms   11.1%
   track            27.68 ms   59.1%
   ctrl+mav          0.84 ms    1.8%
   hud               5.48 ms   11.7%
   display           7.59 ms   16.2%
     detect          0.00 ms  (sub)
     tracker         0.00 ms  (sub)
[PROF 12:12:25]  42 frames   44.03 ms/frame  ->  22.7 FPS
   capture           5.97 ms   13.6%
   track            25.10 ms   57.0%
   ctrl+mav          0.79 ms    1.8%
   hud               5.54 ms   12.6%
   display           6.63 ms   15.1%
     detect          0.00 ms  (sub)
     tracker         0.00 ms  (sub)
[PROF 12:12:27]  40 frames   43.36 ms/frame  ->  23.1 FPS
   capture           5.78 ms   13.3%
   track            24.90 ms   57.4%
   ctrl+mav          0.75 ms    1.7%
   hud               5.42 ms   12.5%
   display           6.51 ms   15.0%
     detect          0.00 ms  (sub)
     tracker         0.00 ms  (sub)
[PROF 12:12:29]  43 frames   44.19 ms/frame  ->  22.6 FPS
   capture           6.00 ms   13.6%
   track            25.67 ms   58.1%
   ctrl+mav          0.77 ms    1.7%
   hud               5.34 ms   12.1%
   display           6.41 ms   14.5%
     detect          0.00 ms  (sub)
     tracker         0.00 ms  (sub)
[PROF 12:12:31]  41 frames   43.98 ms/frame  ->  22.7 FPS
   capture           5.97 ms   13.6%
   track            25.65 ms   58.3%
   ctrl+mav          0.76 ms    1.7%
   hud               5.08 ms   11.6%
   display           6.52 ms   14.8%
     detect          0.00 ms  (sub)
     tracker         0.00 ms  (sub)
[PROF 12:12:34]  41 frames   45.90 ms/frame  ->  21.8 FPS
   capture           5.37 ms   11.7%
   track            26.50 ms   57.7%
   ctrl+mav          1.04 ms    2.3%
   hud               5.97 ms   13.0%
   display           7.03 ms   15.3%
     detect          0.00 ms  (sub)
     tracker         0.00 ms  (sub)
[PROF 12:12:36]  39 frames   44.75 ms/frame  ->  22.3 FPS
   capture           5.78 ms   12.9%
   track            25.67 ms   57.4%
   ctrl+mav          0.87 ms    1.9%
   hud               6.06 ms   13.6%
   display           6.37 ms   14.2%
     detect          0.00 ms  (sub)
     tracker         0.00 ms  (sub)
[PROF 12:12:38]  40 frames   46.24 ms/frame  ->  21.6 FPS
   capture           5.83 ms   12.6%
   track            27.32 ms   59.1%
   ctrl+mav          0.76 ms    1.6%
   hud               5.73 ms   12.4%
   display           6.61 ms   14.3%
     detect          0.00 ms  (sub)
     tracker         0.00 ms  (sub)
[PROF 12:12:40]  42 frames   44.48 ms/frame  ->  22.5 FPS
   capture           5.19 ms   11.7%
   track            26.01 ms   58.5%
   ctrl+mav          0.81 ms    1.8%
   hud               5.42 ms   12.2%
   display           7.05 ms   15.9%
     detect          0.00 ms  (sub)
     tracker         0.00 ms  (sub)
[PROF 12:12:42]  42 frames   43.58 ms/frame  ->  22.9 FPS
   capture           5.60 ms   12.9%
   track            25.02 ms   57.4%
   ctrl+mav          0.84 ms    1.9%
   hud               5.23 ms   12.0%
   display           6.90 ms   15.8%
     detect          0.00 ms  (sub)
     tracker         0.00 ms  (sub)
[PROF 12:12:44]  41 frames   45.80 ms/frame  ->  21.8 FPS
   capture           6.47 ms   14.1%
   track            26.31 ms   57.4%
   ctrl+mav          0.81 ms    1.8%
   hud               5.52 ms   12.0%
   display           6.70 ms   14.6%
     detect          0.00 ms  (sub)
     tracker         0.00 ms  (sub)
[PROF 12:12:46]  40 frames   43.34 ms/frame  ->  23.1 FPS
   capture           5.38 ms   12.4%
   track            24.95 ms   57.6%
   ctrl+mav          0.76 ms    1.8%
   hud               5.53 ms   12.8%
   display           6.72 ms   15.5%
     detect          0.00 ms  (sub)
     tracker         0.00 ms  (sub)
[PROF 12:12:48]  44 frames   43.74 ms/frame  ->  22.9 FPS
   capture           5.10 ms   11.7%
   track            25.94 ms   59.3%
   ctrl+mav          0.84 ms    1.9%
   hud               5.60 ms   12.8%
   display           6.26 ms   14.3%
     detect          0.00 ms  (sub)
     tracker         0.00 ms  (sub)
[PROF 12:12:50]  42 frames   43.30 ms/frame  ->  23.1 FPS
   capture           5.45 ms   12.6%
   track            24.63 ms   56.9%
   ctrl+mav          0.83 ms    1.9%
   hud               5.55 ms   12.8%
   display           6.83 ms   15.8%
     detect          0.00 ms  (sub)
     tracker         0.00 ms  (sub)
[PROF 12:12:52]  39 frames   44.04 ms/frame  ->  22.7 FPS
   capture           5.64 ms   12.8%
   track            25.90 ms   58.8%
   ctrl+mav          0.76 ms    1.7%
   hud               5.41 ms   12.3%
   display           6.33 ms   14.4%
     detect          0.00 ms  (sub)
     tracker         0.00 ms  (sub)
[PROF 12:12:54]  43 frames   45.34 ms/frame  ->  22.1 FPS
   capture           5.87 ms   12.9%
   track            26.38 ms   58.2%
   ctrl+mav          0.81 ms    1.8%
   hud               5.41 ms   11.9%
   display           6.87 ms   15.2%
     detect          0.00 ms  (sub)
     tracker         0.00 ms  (sub)
[PROF 12:12:56]  43 frames   46.02 ms/frame  ->  21.7 FPS
   capture           5.58 ms   12.1%
   track            26.78 ms   58.2%
   ctrl+mav          0.80 ms    1.7%
   hud               5.62 ms   12.2%
   display           7.25 ms   15.7%
     detect          0.00 ms  (sub)
     tracker         0.00 ms  (sub)
[PROF 12:12:58]  36 frames   47.89 ms/frame  ->  20.9 FPS
   capture           5.88 ms   12.3%
   track            28.19 ms   58.9%
   ctrl+mav          0.90 ms    1.9%
   hud               5.81 ms   12.1%
   display           7.12 ms   14.9%
     detect          0.00 ms  (sub)
     tracker         0.00 ms  (sub)
[PROF 12:13:00]  38 frames   45.41 ms/frame  ->  22.0 FPS
   capture           5.64 ms   12.4%
   track            26.51 ms   58.4%
   ctrl+mav          0.73 ms    1.6%
   hud               5.63 ms   12.4%
   display           6.90 ms   15.2%
     detect          0.00 ms  (sub)
     tracker         0.00 ms  (sub)
[PROF 12:13:02]  41 frames   43.26 ms/frame  ->  23.1 FPS
   capture           5.08 ms   11.7%
   track            25.10 ms   58.0%
   ctrl+mav          0.99 ms    2.3%
   hud               5.44 ms   12.6%
   display           6.65 ms   15.4%
     detect          0.00 ms  (sub)
     tracker         0.00 ms  (sub)
[PROF 12:13:04]  43 frames   44.03 ms/frame  ->  22.7 FPS
   capture           5.98 ms   13.6%
   track            25.19 ms   57.2%
   ctrl+mav          0.79 ms    1.8%
   hud               5.41 ms   12.3%
   display           6.65 ms   15.1%
     detect          0.00 ms  (sub)
     tracker         0.00 ms  (sub)
[PROF 12:13:06]  45 frames   43.57 ms/frame  ->  23.0 FPS
   capture           5.46 ms   12.5%
   track            25.09 ms   57.6%
   ctrl+mav          0.80 ms    1.8%
   hud               5.72 ms   13.1%
   display           6.49 ms   14.9%
     detect          0.00 ms  (sub)
     tracker         0.00 ms  (sub)
[PROF 12:13:08]  40 frames   46.63 ms/frame  ->  21.4 FPS
   capture           5.67 ms   12.2%
   track            27.09 ms   58.1%
   ctrl+mav          0.79 ms    1.7%
   hud               6.22 ms   13.3%
   display           6.86 ms   14.7%
     detect          0.00 ms  (sub)
     tracker         0.00 ms  (sub)
[PROF 12:13:10]  42 frames   45.19 ms/frame  ->  22.1 FPS
   capture           6.47 ms   14.3%
   track            25.84 ms   57.2%
   ctrl+mav          0.84 ms    1.9%
   hud               5.27 ms   11.7%
   display           6.78 ms   15.0%
     detect          0.00 ms  (sub)
     tracker         0.00 ms  (sub)
[PROF 12:13:12]  40 frames   43.46 ms/frame  ->  23.0 FPS
   capture           5.58 ms   12.8%
   track            24.98 ms   57.5%
   ctrl+mav          0.75 ms    1.7%
   hud               5.55 ms   12.8%
   display           6.61 ms   15.2%
     detect          0.00 ms  (sub)
     tracker         0.00 ms  (sub)
[PROF 12:13:14]  39 frames   44.26 ms/frame  ->  22.6 FPS
   capture           5.11 ms   11.6%
   track            25.45 ms   57.5%
   ctrl+mav          0.76 ms    1.7%
   hud               5.89 ms   13.3%
   display           7.06 ms   15.9%
     detect          0.00 ms  (sub)
     tracker         0.00 ms  (sub)
[PROF 12:13:16]  42 frames   42.49 ms/frame  ->  23.5 FPS
   capture           6.33 ms   14.9%
   track            22.02 ms   51.8%
   ctrl+mav          0.89 ms    2.1%
   hud               6.34 ms   14.9%
   display           6.91 ms   16.3%
     detect          0.00 ms  (sub)
     tracker         0.00 ms  (sub)
[PROF 12:13:18]  36 frames   48.72 ms/frame  ->  20.5 FPS
   capture           6.86 ms   14.1%
   track             7.69 ms   15.8%
   ctrl+mav          4.10 ms    8.4%
   hud               6.95 ms   14.3%
   display          23.13 ms   47.5%
     detect          0.00 ms  (sub)
     tracker         0.00 ms  (sub)
[PROF 12:13:20]  43 frames   41.10 ms/frame  ->  24.3 FPS
   capture           7.28 ms   17.7%
   track             3.51 ms    8.5%
   ctrl+mav          0.93 ms    2.3%
   hud               6.82 ms   16.6%
   display          22.56 ms   54.9%
     detect          0.00 ms  (sub)
     tracker         0.00 ms  (sub)
[PROF 12:13:22]  42 frames   42.80 ms/frame  ->  23.4 FPS
   capture           8.84 ms   20.6%
   track             4.19 ms    9.8%
   ctrl+mav          1.42 ms    3.3%
   hud               7.33 ms   17.1%
   display          21.03 ms   49.1%
     detect          0.00 ms  (sub)
     tracker         0.00 ms  (sub)
[PROF 12:13:24]  43 frames   40.84 ms/frame  ->  24.5 FPS
   capture           7.79 ms   19.1%
   track             3.82 ms    9.3%
   ctrl+mav          0.89 ms    2.2%
   hud               6.95 ms   17.0%
   display          21.39 ms   52.4%
     detect          0.00 ms  (sub)
     tracker         0.00 ms  (sub)
[PROF 12:13:26]  41 frames   42.03 ms/frame  ->  23.8 FPS
   capture           7.51 ms   17.9%
   track             3.97 ms    9.4%
   ctrl+mav          1.23 ms    2.9%
   hud               7.67 ms   18.2%
   display          21.65 ms   51.5%
     detect          0.00 ms  (sub)
     tracker         0.00 ms  (sub)
[PROF 12:13:28]  44 frames   41.53 ms/frame  ->  24.1 FPS
   capture           9.05 ms   21.8%
   track             3.97 ms    9.6%
   ctrl+mav          1.22 ms    2.9%
   hud               7.25 ms   17.5%
   display          20.03 ms   48.2%
     detect          0.00 ms  (sub)
     tracker         0.00 ms  (sub)
[PROF 12:13:30]  42 frames   42.43 ms/frame  ->  23.6 FPS
   capture           7.85 ms   18.5%
   track             4.09 ms    9.6%
   ctrl+mav          1.04 ms    2.4%
   hud               6.84 ms   16.1%
   display          22.62 ms   53.3%
     detect          0.00 ms  (sub)
     tracker         0.00 ms  (sub)
[PROF 12:13:32]  40 frames   40.83 ms/frame  ->  24.5 FPS
   capture           7.55 ms   18.5%
   track             3.98 ms    9.8%
   ctrl+mav          1.10 ms    2.7%
   hud               6.92 ms   17.0%
   display          21.27 ms   52.1%
     detect          0.00 ms  (sub)
     tracker         0.00 ms  (sub)
[PROF 12:13:34]  39 frames   42.84 ms/frame  ->  23.3 FPS
   capture           8.55 ms   20.0%
   track             5.42 ms   12.7%
   ctrl+mav          0.98 ms    2.3%
   hud               6.94 ms   16.2%
   display          20.94 ms   48.9%
     detect          0.00 ms  (sub)
     tracker         0.00 ms  (sub)
[PROF 12:13:36]  41 frames   45.83 ms/frame  ->  21.8 FPS
   capture           9.19 ms   20.1%
   track             6.74 ms   14.7%
   ctrl+mav          0.94 ms    2.1%
   hud               7.34 ms   16.0%
   display          21.61 ms   47.2%
     detect          0.00 ms  (sub)
     tracker         0.00 ms  (sub)
[PROF 12:13:38]  29 frames   70.11 ms/frame  ->  14.3 FPS
   capture           7.60 ms   10.8%
   track            36.53 ms   52.1%
   ctrl+mav          1.14 ms    1.6%
   hud               6.66 ms    9.5%
   display          18.19 ms   25.9%
     detect          0.00 ms  (sub)
     tracker         0.00 ms  (sub)
[PROF 12:13:41]   2 frames  1213.86 ms/frame  ->   0.8 FPS
   capture           4.87 ms    0.4%
   track          1176.05 ms   96.9%
   ctrl+mav          9.19 ms    0.8%
   hud               5.50 ms    0.5%
   display          18.25 ms    1.5%
     detect          0.00 ms  (sub)
     tracker         0.00 ms  (sub)
[PROF 12:13:43]  30 frames   65.76 ms/frame  ->  15.2 FPS
   capture           7.56 ms   11.5%
   track            31.76 ms   48.3%
   ctrl+mav          1.92 ms    2.9%
   hud               5.56 ms    8.4%
   display          18.97 ms   28.8%
     detect          0.00 ms  (sub)
     tracker         0.00 ms  (sub)
[PROF 12:13:45]  36 frames   51.60 ms/frame  ->  19.4 FPS
   capture           5.98 ms   11.6%
   track            25.97 ms   50.3%
   ctrl+mav          2.21 ms    4.3%
   hud               5.09 ms    9.9%
   display          12.34 ms   23.9%
     detect          0.00 ms  (sub)
     tracker         0.00 ms  (sub)
[PROF 12:13:47]  46 frames   33.63 ms/frame  ->  29.7 FPS
   capture           5.74 ms   17.1%
   track            14.18 ms   42.2%
   ctrl+mav          0.70 ms    2.1%
   hud               6.18 ms   18.4%
   display           6.82 ms   20.3%
     detect          0.00 ms  (sub)
     tracker         0.00 ms  (sub)
[PROF 12:13:49]  51 frames   24.13 ms/frame  ->  41.4 FPS
   capture           6.25 ms   25.9%
   track             3.38 ms   14.0%
   ctrl+mav          0.49 ms    2.0%
   hud               6.46 ms   26.8%
   display           7.54 ms   31.3%
     detect          0.00 ms  (sub)
     tracker         0.00 ms  (sub)
[PROF 12:13:51]  57 frames   22.89 ms/frame  ->  43.7 FPS
   capture           5.87 ms   25.7%
   track             3.13 ms   13.7%
   ctrl+mav          0.43 ms    1.9%
   hud               6.02 ms   26.3%
   display           7.44 ms   32.5%
     detect          0.00 ms  (sub)
     tracker         0.00 ms  (sub)
[PROF 12:13:53]  56 frames   23.38 ms/frame  ->  42.8 FPS
   capture           5.92 ms   25.3%
   track             3.29 ms   14.1%
   ctrl+mav          0.60 ms    2.6%
   hud               6.18 ms   26.4%
   display           7.40 ms   31.6%
     detect          0.00 ms  (sub)
     tracker         0.00 ms  (sub)
[PROF 12:13:55]  51 frames   22.99 ms/frame  ->  43.5 FPS
   capture           5.63 ms   24.5%
   track             3.34 ms   14.5%
   ctrl+mav          0.59 ms    2.6%
   hud               5.92 ms   25.8%
   display           7.50 ms   32.6%
     detect          0.00 ms  (sub)
     tracker         0.00 ms  (sub)
[PROF 12:13:57]  39 frames   40.80 ms/frame  ->  24.5 FPS
   capture           5.91 ms   14.5%
   track            21.12 ms   51.8%
   ctrl+mav          0.91 ms    2.2%
   hud               5.91 ms   14.5%
   display           6.95 ms   17.0%
     detect          0.00 ms  (sub)
     tracker         0.00 ms  (sub)
[PROF 12:13:59]  39 frames   45.28 ms/frame  ->  22.1 FPS
   capture           6.33 ms   14.0%
   track            26.63 ms   58.8%
   ctrl+mav          0.83 ms    1.8%
   hud               5.12 ms   11.3%
   display           6.37 ms   14.1%
     detect          0.00 ms  (sub)
     tracker         0.00 ms  (sub)
[PROF 12:14:01]  39 frames   46.66 ms/frame  ->  21.4 FPS
   capture           5.24 ms   11.2%
   track            27.85 ms   59.7%
   ctrl+mav          0.81 ms    1.7%
   hud               5.73 ms   12.3%
   display           7.03 ms   15.1%
     detect          0.00 ms  (sub)
     tracker         0.00 ms  (sub)
[PROF 12:14:03]  42 frames   44.30 ms/frame  ->  22.6 FPS
   capture           4.90 ms   11.1%
   track            26.49 ms   59.8%
   ctrl+mav          0.73 ms    1.6%
   hud               5.31 ms   12.0%
   display           6.87 ms   15.5%
     detect          0.00 ms  (sub)
     tracker         0.00 ms  (sub)
[PROF 12:14:05]  43 frames   43.66 ms/frame  ->  22.9 FPS
   capture           5.10 ms   11.7%
   track            26.08 ms   59.7%
   ctrl+mav          0.75 ms    1.7%
   hud               5.37 ms   12.3%
   display           6.36 ms   14.6%
     detect          0.00 ms  (sub)
     tracker         0.00 ms  (sub)
[PROF 12:14:07]  39 frames   44.66 ms/frame  ->  22.4 FPS
   capture           5.15 ms   11.5%
   track            26.41 ms   59.1%
   ctrl+mav          0.88 ms    2.0%
   hud               5.46 ms   12.2%
   display           6.76 ms   15.1%
     detect          0.00 ms  (sub)
     tracker         0.00 ms  (sub)
[PROF 12:14:09]  36 frames   46.16 ms/frame  ->  21.7 FPS
   capture           5.51 ms   11.9%
   track            27.96 ms   60.6%
   ctrl+mav          0.85 ms    1.8%
   hud               5.03 ms   10.9%
   display           6.82 ms   14.8%
     detect          0.00 ms  (sub)
     tracker         0.00 ms  (sub)
[PROF 12:14:11]  40 frames   43.04 ms/frame  ->  23.2 FPS
   capture           4.97 ms   11.5%
   track            24.97 ms   58.0%
   ctrl+mav          0.81 ms    1.9%
   hud               5.38 ms   12.5%
   display           6.91 ms   16.1%
     detect          0.00 ms  (sub)
     tracker         0.00 ms  (sub)
[PROF 12:14:13]  32 frames   45.75 ms/frame  ->  21.9 FPS
   capture           6.06 ms   13.3%
   track            27.12 ms   59.3%
   ctrl+mav          0.68 ms    1.5%
   hud               5.51 ms   12.0%
   display           6.38 ms   14.0%
     detect          0.00 ms  (sub)
     tracker         0.00 ms  (sub)
[PROF 12:14:15]  38 frames   46.52 ms/frame  ->  21.5 FPS
   capture           6.27 ms   13.5%
   track            27.40 ms   58.9%
   ctrl+mav          0.70 ms    1.5%
   hud               5.48 ms   11.8%
   display           6.67 ms   14.3%
     detect          0.00 ms  (sub)
     tracker         0.00 ms  (sub)
[PROF 12:14:17]  37 frames   44.49 ms/frame  ->  22.5 FPS
   capture           5.48 ms   12.3%
   track            26.43 ms   59.4%
   ctrl+mav          0.70 ms    1.6%
   hud               5.27 ms   11.8%
   display           6.61 ms   14.8%
     detect          0.00 ms  (sub)
     tracker         0.00 ms  (sub)
[PROF 12:14:19]  39 frames   44.57 ms/frame  ->  22.4 FPS
   capture           5.76 ms   12.9%
   track            26.09 ms   58.5%
   ctrl+mav          0.67 ms    1.5%
   hud               5.16 ms   11.6%
   display           6.89 ms   15.5%
     detect          0.00 ms  (sub)
     tracker         0.00 ms  (sub)
[PROF 12:14:21]  39 frames   42.95 ms/frame  ->  23.3 FPS
   capture           5.13 ms   11.9%
   track            25.35 ms   59.0%
   ctrl+mav          0.68 ms    1.6%
   hud               5.22 ms   12.1%
   display           6.57 ms   15.3%
     detect          0.00 ms  (sub)
     tracker         0.00 ms  (sub)
[PROF 12:14:23]  40 frames   43.69 ms/frame  ->  22.9 FPS
   capture           5.29 ms   12.1%
   track            25.51 ms   58.4%
   ctrl+mav          0.68 ms    1.6%
   hud               5.28 ms   12.1%
   display           6.93 ms   15.9%
     detect          0.00 ms  (sub)
     tracker         0.00 ms  (sub)
[PROF 12:14:25]  41 frames   45.43 ms/frame  ->  22.0 FPS
   capture           5.48 ms   12.1%
   track            26.63 ms   58.6%
   ctrl+mav          0.76 ms    1.7%
   hud               5.52 ms   12.1%
   display           7.05 ms   15.5%
     detect          0.00 ms  (sub)
     tracker         0.00 ms  (sub)
[PROF 12:14:27]  40 frames   44.07 ms/frame  ->  22.7 FPS
   capture           5.79 ms   13.1%
   track            25.54 ms   58.0%
   ctrl+mav          0.76 ms    1.7%
   hud               5.27 ms   12.0%
   display           6.70 ms   15.2%
     detect          0.00 ms  (sub)
     tracker         0.00 ms  (sub)
[PROF 12:14:30]  40 frames   45.10 ms/frame  ->  22.2 FPS
   capture           5.83 ms   12.9%
   track            26.52 ms   58.8%
   ctrl+mav          0.82 ms    1.8%
   hud               5.21 ms   11.5%
   display           6.73 ms   14.9%
     detect          0.00 ms  (sub)
     tracker         0.00 ms  (sub)
[PROF 12:14:32]  43 frames   43.01 ms/frame  ->  23.3 FPS
   capture           4.98 ms   11.6%
   track            25.06 ms   58.3%
   ctrl+mav          0.78 ms    1.8%
   hud               5.18 ms   12.0%
   display           7.02 ms   16.3%
     detect          0.00 ms  (sub)
     tracker         0.00 ms  (sub)
[PROF 12:14:34]  42 frames   46.83 ms/frame  ->  21.4 FPS
   capture           5.70 ms   12.2%
   track            27.21 ms   58.1%
   ctrl+mav          0.78 ms    1.7%
   hud               5.98 ms   12.8%
   display           7.16 ms   15.3%
     detect          0.00 ms  (sub)
     tracker         0.00 ms  (sub)
[PROF 12:14:36]  44 frames   44.30 ms/frame  ->  22.6 FPS
   capture           5.83 ms   13.2%
   track            25.75 ms   58.1%
   ctrl+mav          0.70 ms    1.6%
   hud               5.38 ms   12.1%
   display           6.64 ms   15.0%
     detect          0.00 ms  (sub)
     tracker         0.00 ms  (sub)
[PROF 12:14:38]  43 frames   43.12 ms/frame  ->  23.2 FPS
   capture           5.21 ms   12.1%
   track            25.25 ms   58.6%
   ctrl+mav          0.75 ms    1.7%
   hud               5.29 ms   12.3%
   display           6.62 ms   15.4%
     detect          0.00 ms  (sub)
     tracker         0.00 ms  (sub)
[PROF 12:14:40]  44 frames   43.80 ms/frame  ->  22.8 FPS
   capture           5.34 ms   12.2%
   track            25.36 ms   57.9%
   ctrl+mav          0.79 ms    1.8%
   hud               5.73 ms   13.1%
   display           6.58 ms   15.0%
     detect          0.00 ms  (sub)
     tracker         0.00 ms  (sub)
[PROF 12:14:42]  45 frames   42.71 ms/frame  ->  23.4 FPS
   capture           5.41 ms   12.7%
   track            24.70 ms   57.8%
   ctrl+mav          0.70 ms    1.6%
   hud               5.29 ms   12.4%
   display           6.61 ms   15.5%
     detect          0.00 ms  (sub)
     tracker         0.00 ms  (sub)
[PROF 12:14:44]  46 frames   43.23 ms/frame  ->  23.1 FPS
   capture           5.08 ms   11.8%
   track            25.21 ms   58.3%
   ctrl+mav          0.80 ms    1.9%
   hud               5.57 ms   12.9%
   display           6.58 ms   15.2%
     detect          0.00 ms  (sub)
     tracker         0.00 ms  (sub)
[PROF 12:14:46]  43 frames   45.34 ms/frame  ->  22.1 FPS
   capture           5.19 ms   11.5%
   track            27.19 ms   60.0%
   ctrl+mav          0.69 ms    1.5%
   hud               5.38 ms   11.9%
   display           6.89 ms   15.2%
     detect          0.00 ms  (sub)
     tracker         0.00 ms  (sub)
[PROF 12:14:48]  44 frames   42.66 ms/frame  ->  23.4 FPS
   capture           5.62 ms   13.2%
   track            24.72 ms   57.9%
   ctrl+mav          0.70 ms    1.6%
   hud               5.23 ms   12.3%
   display           6.39 ms   15.0%
     detect          0.00 ms  (sub)
     tracker         0.00 ms  (sub)
[PROF 12:14:50]  45 frames   43.76 ms/frame  ->  22.9 FPS
   capture           5.37 ms   12.3%
   track            25.71 ms   58.8%
   ctrl+mav          0.79 ms    1.8%
   hud               5.31 ms   12.1%
   display           6.58 ms   15.0%
     detect          0.00 ms  (sub)
     tracker         0.00 ms  (sub)
[PROF 12:14:52]  43 frames   44.18 ms/frame  ->  22.6 FPS
   capture           5.33 ms   12.1%
   track            25.95 ms   58.7%
   ctrl+mav          0.78 ms    1.8%
   hud               5.79 ms   13.1%
   display           6.34 ms   14.3%
     detect          0.00 ms  (sub)
     tracker         0.00 ms  (sub)
[PROF 12:14:54]  43 frames   43.43 ms/frame  ->  23.0 FPS
   capture           5.65 ms   13.0%
   track            24.93 ms   57.4%
   ctrl+mav          0.68 ms    1.6%
   hud               5.16 ms   11.9%
   display           7.01 ms   16.1%
     detect          0.00 ms  (sub)
     tracker         0.00 ms  (sub)
[PROF 12:14:56]  40 frames   46.34 ms/frame  ->  21.6 FPS
   capture           6.16 ms   13.3%
   track            26.19 ms   56.5%
   ctrl+mav          0.79 ms    1.7%
   hud               5.84 ms   12.6%
   display           7.36 ms   15.9%
     detect          0.00 ms  (sub)
     tracker         0.00 ms  (sub)
[PROF 12:14:58]  40 frames   44.13 ms/frame  ->  22.7 FPS
   capture           5.67 ms   12.8%
   track            25.55 ms   57.9%
   ctrl+mav          0.77 ms    1.8%
   hud               5.58 ms   12.6%
   display           6.55 ms   14.9%
     detect          0.00 ms  (sub)
     tracker         0.00 ms  (sub)
[PROF 12:15:00]  40 frames   46.00 ms/frame  ->  21.7 FPS
   capture           5.60 ms   12.2%
   track            27.03 ms   58.8%
   ctrl+mav          0.70 ms    1.5%
   hud               5.97 ms   13.0%
   display           6.70 ms   14.6%
     detect          0.00 ms  (sub)
     tracker         0.00 ms  (sub)
[PROF 12:15:02]  44 frames   44.18 ms/frame  ->  22.6 FPS
   capture           5.01 ms   11.3%
   track            25.45 ms   57.6%
   ctrl+mav          0.71 ms    1.6%
   hud               5.58 ms   12.6%
   display           7.43 ms   16.8%
     detect          0.00 ms  (sub)
     tracker         0.00 ms  (sub)
