# pipeline profile — started 2026-07-27 11:57:01
[PROF 11:57:01]   1 frames   46.13 ms/frame  ->  21.7 FPS
   capture           5.40 ms   11.7%
   track            24.62 ms   53.4%
   ctrl+mav          6.40 ms   13.9%
   hud               3.37 ms    7.3%
   display           6.33 ms   13.7%
     detect          0.00 ms  (sub)
     tracker         0.00 ms  (sub)
[PROF 11:57:03]  47 frames   39.76 ms/frame  ->  25.2 FPS
   capture           4.89 ms   12.3%
   track            22.36 ms   56.2%
   ctrl+mav          0.74 ms    1.9%
   hud               4.50 ms   11.3%
   display           7.28 ms   18.3%
     detect          0.00 ms  (sub)
     tracker         0.00 ms  (sub)
[PROF 11:57:05]  45 frames   42.60 ms/frame  ->  23.5 FPS
   capture           5.12 ms   12.0%
   track            24.85 ms   58.3%
   ctrl+mav          0.76 ms    1.8%
   hud               5.05 ms   11.9%
   display           6.82 ms   16.0%
     detect          0.00 ms  (sub)
     tracker         0.00 ms  (sub)
[PROF 11:57:07]  40 frames   42.48 ms/frame  ->  23.5 FPS
   capture           5.31 ms   12.5%
   track            24.73 ms   58.2%
   ctrl+mav          0.77 ms    1.8%
   hud               5.19 ms   12.2%
   display           6.48 ms   15.2%
     detect          0.00 ms  (sub)
     tracker         0.00 ms  (sub)
[PROF 11:57:09]  45 frames   42.61 ms/frame  ->  23.5 FPS
   capture           5.52 ms   13.0%
   track            24.57 ms   57.7%
   ctrl+mav          0.86 ms    2.0%
   hud               5.06 ms   11.9%
   display           6.60 ms   15.5%
     detect          0.00 ms  (sub)
     tracker         0.00 ms  (sub)
[PROF 11:57:11]  44 frames   42.45 ms/frame  ->  23.6 FPS
   capture           5.29 ms   12.5%
   track            24.78 ms   58.4%
   ctrl+mav          0.77 ms    1.8%
   hud               5.00 ms   11.8%
   display           6.62 ms   15.6%
     detect          0.00 ms  (sub)
     tracker         0.00 ms  (sub)
[PROF 11:57:13]  44 frames   43.10 ms/frame  ->  23.2 FPS
   capture           5.42 ms   12.6%
   track            24.82 ms   57.6%
   ctrl+mav          0.90 ms    2.1%
   hud               5.25 ms   12.2%
   display           6.70 ms   15.6%
     detect          0.00 ms  (sub)
     tracker         0.00 ms  (sub)
[PROF 11:57:15]  43 frames   43.98 ms/frame  ->  22.7 FPS
   capture           5.51 ms   12.5%
   track            25.14 ms   57.2%
   ctrl+mav          0.96 ms    2.2%
   hud               5.23 ms   11.9%
   display           7.14 ms   16.2%
     detect          0.00 ms  (sub)
     tracker         0.00 ms  (sub)
[PROF 11:57:17]  45 frames   42.07 ms/frame  ->  23.8 FPS
   capture           5.37 ms   12.8%
   track            24.46 ms   58.1%
   ctrl+mav          0.73 ms    1.7%
   hud               5.27 ms   12.5%
   display           6.24 ms   14.8%
     detect          0.00 ms  (sub)
     tracker         0.00 ms  (sub)
[PROF 11:57:19]  42 frames   42.75 ms/frame  ->  23.4 FPS
   capture           5.20 ms   12.2%
   track            24.72 ms   57.8%
   ctrl+mav          0.71 ms    1.7%
   hud               5.21 ms   12.2%
   display           6.91 ms   16.2%
     detect          0.00 ms  (sub)
     tracker         0.00 ms  (sub)
[PROF 11:57:21]  43 frames   41.60 ms/frame  ->  24.0 FPS
   capture           5.16 ms   12.4%
   track            24.25 ms   58.3%
   ctrl+mav          0.73 ms    1.7%
   hud               4.98 ms   12.0%
   display           6.48 ms   15.6%
     detect          0.00 ms  (sub)
     tracker         0.00 ms  (sub)
[PROF 11:57:23]  40 frames   46.56 ms/frame  ->  21.5 FPS
   capture           5.93 ms   12.7%
   track            24.88 ms   53.4%
   ctrl+mav          4.20 ms    9.0%
   hud               4.99 ms   10.7%
   display           6.56 ms   14.1%
     detect          0.00 ms  (sub)
     tracker         0.00 ms  (sub)
[PROF 11:57:26]  43 frames   43.90 ms/frame  ->  22.8 FPS
   capture           5.97 ms   13.6%
   track            24.97 ms   56.9%
   ctrl+mav          0.92 ms    2.1%
   hud               5.29 ms   12.1%
   display           6.75 ms   15.4%
     detect          0.00 ms  (sub)
     tracker         0.00 ms  (sub)
[PROF 11:57:28]  44 frames   43.89 ms/frame  ->  22.8 FPS
   capture           5.95 ms   13.6%
   track            24.80 ms   56.5%
   ctrl+mav          0.89 ms    2.0%
   hud               5.19 ms   11.8%
   display           7.06 ms   16.1%
     detect          0.00 ms  (sub)
     tracker         0.00 ms  (sub)
[PROF 11:57:30]  42 frames   45.26 ms/frame  ->  22.1 FPS
   capture           5.88 ms   13.0%
   track            25.93 ms   57.3%
   ctrl+mav          0.88 ms    1.9%
   hud               5.48 ms   12.1%
   display           7.09 ms   15.7%
     detect          0.00 ms  (sub)
     tracker         0.00 ms  (sub)
[PROF 11:57:32]  45 frames   44.12 ms/frame  ->  22.7 FPS
   capture           5.15 ms   11.7%
   track            26.07 ms   59.1%
   ctrl+mav          0.83 ms    1.9%
   hud               5.17 ms   11.7%
   display           6.90 ms   15.6%
     detect          0.00 ms  (sub)
     tracker         0.00 ms  (sub)
[PROF 11:57:34]  46 frames   43.50 ms/frame  ->  23.0 FPS
   capture           5.46 ms   12.6%
   track            25.22 ms   58.0%
   ctrl+mav          0.74 ms    1.7%
   hud               5.47 ms   12.6%
   display           6.61 ms   15.2%
     detect          0.00 ms  (sub)
     tracker         0.00 ms  (sub)
[PROF 11:57:36]  44 frames   43.77 ms/frame  ->  22.8 FPS
   capture           5.51 ms   12.6%
   track            25.45 ms   58.1%
   ctrl+mav          0.78 ms    1.8%
   hud               5.47 ms   12.5%
   display           6.56 ms   15.0%
     detect          0.00 ms  (sub)
     tracker         0.00 ms  (sub)
[PROF 11:57:38]  43 frames   44.23 ms/frame  ->  22.6 FPS
   capture           5.95 ms   13.5%
   track            25.11 ms   56.8%
   ctrl+mav          0.95 ms    2.1%
   hud               5.50 ms   12.4%
   display           6.72 ms   15.2%
     detect          0.00 ms  (sub)
     tracker         0.00 ms  (sub)
[PROF 11:57:40]  44 frames   42.96 ms/frame  ->  23.3 FPS
   capture           5.02 ms   11.7%
   track            25.40 ms   59.1%
   ctrl+mav          0.83 ms    1.9%
   hud               5.27 ms   12.3%
   display           6.43 ms   15.0%
     detect          0.00 ms  (sub)
     tracker         0.00 ms  (sub)
[PROF 11:57:42]  43 frames   43.82 ms/frame  ->  22.8 FPS
   capture           5.97 ms   13.6%
   track            24.93 ms   56.9%
   ctrl+mav          0.82 ms    1.9%
   hud               5.35 ms   12.2%
   display           6.76 ms   15.4%
     detect          0.00 ms  (sub)
     tracker         0.00 ms  (sub)
[PROF 11:57:44]  41 frames   44.06 ms/frame  ->  22.7 FPS
   capture           5.23 ms   11.9%
   track            25.77 ms   58.5%
   ctrl+mav          0.78 ms    1.8%
   hud               5.40 ms   12.2%
   display           6.88 ms   15.6%
     detect          0.00 ms  (sub)
     tracker         0.00 ms  (sub)
[PROF 11:57:46]  40 frames   42.34 ms/frame  ->  23.6 FPS
   capture           5.12 ms   12.1%
   track            25.13 ms   59.4%
   ctrl+mav          0.85 ms    2.0%
   hud               5.04 ms   11.9%
   display           6.19 ms   14.6%
     detect          0.00 ms  (sub)
     tracker         0.00 ms  (sub)
[PROF 11:57:48]  40 frames   45.53 ms/frame  ->  22.0 FPS
   capture           5.08 ms   11.2%
   track            27.04 ms   59.4%
   ctrl+mav          0.76 ms    1.7%
   hud               5.52 ms   12.1%
   display           7.14 ms   15.7%
     detect          0.00 ms  (sub)
     tracker         0.00 ms  (sub)
[PROF 11:57:50]  42 frames   44.71 ms/frame  ->  22.4 FPS
   capture           5.72 ms   12.8%
   track            25.75 ms   57.6%
   ctrl+mav          0.83 ms    1.9%
   hud               5.56 ms   12.4%
   display           6.85 ms   15.3%
     detect          0.00 ms  (sub)
     tracker         0.00 ms  (sub)
[PROF 11:57:52]  41 frames   44.12 ms/frame  ->  22.7 FPS
   capture           5.86 ms   13.3%
   track            25.24 ms   57.2%
   ctrl+mav          0.86 ms    2.0%
   hud               5.40 ms   12.2%
   display           6.77 ms   15.3%
     detect          0.00 ms  (sub)
     tracker         0.00 ms  (sub)
[PROF 11:57:54]  44 frames   43.27 ms/frame  ->  23.1 FPS
   capture           5.03 ms   11.6%
   track            25.44 ms   58.8%
   ctrl+mav          0.78 ms    1.8%
   hud               5.23 ms   12.1%
   display           6.79 ms   15.7%
     detect          0.00 ms  (sub)
     tracker         0.00 ms  (sub)
[PROF 11:57:56]  44 frames   44.14 ms/frame  ->  22.7 FPS
   capture           5.68 ms   12.9%
   track            24.99 ms   56.6%
   ctrl+mav          0.79 ms    1.8%
   hud               5.71 ms   12.9%
   display           6.96 ms   15.8%
     detect          0.00 ms  (sub)
     tracker         0.00 ms  (sub)
[PROF 11:57:58]  43 frames   42.62 ms/frame  ->  23.5 FPS
   capture           4.81 ms   11.3%
   track            24.48 ms   57.4%
   ctrl+mav          0.89 ms    2.1%
   hud               5.79 ms   13.6%
   display           6.64 ms   15.6%
     detect          0.00 ms  (sub)
     tracker         0.00 ms  (sub)
[PROF 11:58:00]  41 frames   43.14 ms/frame  ->  23.2 FPS
   capture           5.14 ms   11.9%
   track            25.41 ms   58.9%
   ctrl+mav          0.78 ms    1.8%
   hud               5.42 ms   12.6%
   display           6.39 ms   14.8%
     detect          0.00 ms  (sub)
     tracker         0.00 ms  (sub)
[PROF 11:58:02]  43 frames   43.41 ms/frame  ->  23.0 FPS
   capture           5.41 ms   12.5%
   track            25.03 ms   57.7%
   ctrl+mav          0.78 ms    1.8%
   hud               5.22 ms   12.0%
   display           6.98 ms   16.1%
     detect          0.00 ms  (sub)
     tracker         0.00 ms  (sub)
[PROF 11:58:04]  42 frames   44.58 ms/frame  ->  22.4 FPS
   capture           5.42 ms   12.2%
   track            25.70 ms   57.7%
   ctrl+mav          0.82 ms    1.8%
   hud               5.72 ms   12.8%
   display           6.92 ms   15.5%
     detect          0.00 ms  (sub)
     tracker         0.00 ms  (sub)
[PROF 11:58:06]  40 frames   43.44 ms/frame  ->  23.0 FPS
   capture           5.33 ms   12.3%
   track            24.96 ms   57.5%
   ctrl+mav          0.88 ms    2.0%
   hud               5.51 ms   12.7%
   display           6.76 ms   15.6%
     detect          0.00 ms  (sub)
     tracker         0.00 ms  (sub)
[PROF 11:58:08]  42 frames   44.88 ms/frame  ->  22.3 FPS
   capture           5.40 ms   12.0%
   track            26.06 ms   58.1%
   ctrl+mav          0.95 ms    2.1%
   hud               5.66 ms   12.6%
   display           6.81 ms   15.2%
     detect          0.00 ms  (sub)
     tracker         0.00 ms  (sub)
[PROF 11:58:10]  42 frames   43.06 ms/frame  ->  23.2 FPS
   capture           5.69 ms   13.2%
   track            24.77 ms   57.5%
   ctrl+mav          0.71 ms    1.6%
   hud               5.20 ms   12.1%
   display           6.69 ms   15.5%
     detect          0.00 ms  (sub)
     tracker         0.00 ms  (sub)
[PROF 11:58:12]  41 frames   44.94 ms/frame  ->  22.3 FPS
   capture           5.79 ms   12.9%
   track            26.05 ms   58.0%
   ctrl+mav          0.88 ms    2.0%
   hud               5.92 ms   13.2%
   display           6.29 ms   14.0%
     detect          0.00 ms  (sub)
     tracker         0.00 ms  (sub)
[PROF 11:58:14]  43 frames   43.83 ms/frame  ->  22.8 FPS
   capture           5.09 ms   11.6%
   track            25.90 ms   59.1%
   ctrl+mav          0.84 ms    1.9%
   hud               5.24 ms   11.9%
   display           6.76 ms   15.4%
     detect          0.00 ms  (sub)
     tracker         0.00 ms  (sub)
[PROF 11:58:16]  43 frames   42.50 ms/frame  ->  23.5 FPS
   capture           5.11 ms   12.0%
   track            24.41 ms   57.4%
   ctrl+mav          0.96 ms    2.2%
   hud               5.36 ms   12.6%
   display           6.66 ms   15.7%
     detect          0.00 ms  (sub)
     tracker         0.00 ms  (sub)
[PROF 11:58:18]  44 frames   44.06 ms/frame  ->  22.7 FPS
   capture           5.70 ms   12.9%
   track            25.34 ms   57.5%
   ctrl+mav          0.79 ms    1.8%
   hud               5.51 ms   12.5%
   display           6.72 ms   15.3%
     detect          0.00 ms  (sub)
     tracker         0.00 ms  (sub)
[PROF 11:58:20]  44 frames   42.84 ms/frame  ->  23.3 FPS
   capture           5.67 ms   13.2%
   track            24.70 ms   57.7%
   ctrl+mav          0.72 ms    1.7%
   hud               5.23 ms   12.2%
   display           6.51 ms   15.2%
     detect          0.00 ms  (sub)
     tracker         0.00 ms  (sub)
[PROF 11:58:22]  45 frames   43.36 ms/frame  ->  23.1 FPS
   capture           5.58 ms   12.9%
   track            24.81 ms   57.2%
   ctrl+mav          0.73 ms    1.7%
   hud               5.50 ms   12.7%
   display           6.73 ms   15.5%
     detect          0.00 ms  (sub)
     tracker         0.00 ms  (sub)
[PROF 11:58:24]  40 frames   43.91 ms/frame  ->  22.8 FPS
   capture           5.30 ms   12.1%
   track            25.92 ms   59.0%
   ctrl+mav          0.83 ms    1.9%
   hud               5.29 ms   12.0%
   display           6.57 ms   15.0%
     detect          0.00 ms  (sub)
     tracker         0.00 ms  (sub)
[PROF 11:58:26]  35 frames   43.66 ms/frame  ->  22.9 FPS
   capture           5.50 ms   12.6%
   track            25.71 ms   58.9%
   ctrl+mav          0.81 ms    1.9%
   hud               5.06 ms   11.6%
   display           6.57 ms   15.1%
     detect          0.00 ms  (sub)
     tracker         0.00 ms  (sub)
[PROF 11:58:28]  36 frames   43.19 ms/frame  ->  23.2 FPS
   capture           5.35 ms   12.4%
   track            25.09 ms   58.1%
   ctrl+mav          0.86 ms    2.0%
   hud               5.27 ms   12.2%
   display           6.62 ms   15.3%
     detect          0.00 ms  (sub)
     tracker         0.00 ms  (sub)
[PROF 11:58:30]  42 frames   43.97 ms/frame  ->  22.7 FPS
   capture           5.26 ms   12.0%
   track            25.09 ms   57.1%
   ctrl+mav          0.87 ms    2.0%
   hud               5.90 ms   13.4%
   display           6.85 ms   15.6%
     detect          0.00 ms  (sub)
     tracker         0.00 ms  (sub)
[PROF 11:58:32]  39 frames   45.01 ms/frame  ->  22.2 FPS
   capture           5.64 ms   12.5%
   track            26.18 ms   58.2%
   ctrl+mav          0.77 ms    1.7%
   hud               5.41 ms   12.0%
   display           7.02 ms   15.6%
     detect          0.00 ms  (sub)
     tracker         0.00 ms  (sub)
[PROF 11:58:34]  41 frames   43.21 ms/frame  ->  23.1 FPS
   capture           5.61 ms   13.0%
   track            24.42 ms   56.5%
   ctrl+mav          0.90 ms    2.1%
   hud               5.49 ms   12.7%
   display           6.79 ms   15.7%
     detect          0.00 ms  (sub)
     tracker         0.00 ms  (sub)
[PROF 11:58:36]  33 frames   47.92 ms/frame  ->  20.9 FPS
   capture           5.55 ms   11.6%
   track            28.61 ms   59.7%
   ctrl+mav          1.03 ms    2.2%
   hud               5.79 ms   12.1%
   display           6.93 ms   14.5%
     detect          0.00 ms  (sub)
     tracker         0.00 ms  (sub)
[PROF 11:58:38]  39 frames   44.30 ms/frame  ->  22.6 FPS
   capture           5.54 ms   12.5%
   track            25.19 ms   56.9%
   ctrl+mav          0.81 ms    1.8%
   hud               5.74 ms   13.0%
   display           7.02 ms   15.8%
     detect          0.00 ms  (sub)
     tracker         0.00 ms  (sub)
[PROF 11:58:40]  43 frames   43.91 ms/frame  ->  22.8 FPS
   capture           5.92 ms   13.5%
   track            25.06 ms   57.1%
   ctrl+mav          0.85 ms    1.9%
   hud               5.31 ms   12.1%
   display           6.77 ms   15.4%
     detect          0.00 ms  (sub)
     tracker         0.00 ms  (sub)
[PROF 11:58:42]  40 frames   46.08 ms/frame  ->  21.7 FPS
   capture           6.32 ms   13.7%
   track            26.77 ms   58.1%
   ctrl+mav          0.93 ms    2.0%
   hud               5.58 ms   12.1%
   display           6.47 ms   14.1%
     detect          0.00 ms  (sub)
     tracker         0.00 ms  (sub)
[PROF 11:58:44]  44 frames   43.90 ms/frame  ->  22.8 FPS
   capture           5.69 ms   13.0%
   track            25.42 ms   57.9%
   ctrl+mav          0.80 ms    1.8%
   hud               5.12 ms   11.7%
   display           6.87 ms   15.7%
     detect          0.00 ms  (sub)
     tracker         0.00 ms  (sub)
[PROF 11:58:47]  41 frames   44.60 ms/frame  ->  22.4 FPS
   capture           5.88 ms   13.2%
   track            25.46 ms   57.1%
   ctrl+mav          0.90 ms    2.0%
   hud               5.34 ms   12.0%
   display           7.02 ms   15.7%
     detect          0.00 ms  (sub)
     tracker         0.00 ms  (sub)
[PROF 11:58:49]  43 frames   44.87 ms/frame  ->  22.3 FPS
   capture           6.12 ms   13.6%
   track            25.65 ms   57.2%
   ctrl+mav          0.90 ms    2.0%
   hud               5.48 ms   12.2%
   display           6.71 ms   14.9%
     detect          0.00 ms  (sub)
     tracker         0.00 ms  (sub)
[PROF 11:58:51]  44 frames   42.38 ms/frame  ->  23.6 FPS
   capture           5.15 ms   12.2%
   track            24.58 ms   58.0%
   ctrl+mav          0.94 ms    2.2%
   hud               5.30 ms   12.5%
   display           6.40 ms   15.1%
     detect          0.00 ms  (sub)
     tracker         0.00 ms  (sub)
[PROF 11:58:53]  44 frames   44.44 ms/frame  ->  22.5 FPS
   capture           5.57 ms   12.5%
   track            25.59 ms   57.6%
   ctrl+mav          0.88 ms    2.0%
   hud               5.73 ms   12.9%
   display           6.67 ms   15.0%
     detect          0.00 ms  (sub)
     tracker         0.00 ms  (sub)
[PROF 11:58:55]  40 frames   42.98 ms/frame  ->  23.3 FPS
   capture           5.33 ms   12.4%
   track            24.69 ms   57.5%
   ctrl+mav          0.84 ms    1.9%
   hud               5.42 ms   12.6%
   display           6.69 ms   15.6%
     detect          0.00 ms  (sub)
     tracker         0.00 ms  (sub)
[PROF 11:58:57]  42 frames   43.35 ms/frame  ->  23.1 FPS
   capture           5.44 ms   12.5%
   track            25.49 ms   58.8%
   ctrl+mav          0.76 ms    1.8%
   hud               5.16 ms   11.9%
   display           6.50 ms   15.0%
     detect          0.00 ms  (sub)
     tracker         0.00 ms  (sub)
[PROF 11:58:59]  41 frames   45.05 ms/frame  ->  22.2 FPS
   capture           5.74 ms   12.7%
   track            26.60 ms   59.1%
   ctrl+mav          0.84 ms    1.9%
   hud               5.29 ms   11.7%
   display           6.58 ms   14.6%
     detect          0.00 ms  (sub)
     tracker         0.00 ms  (sub)
[PROF 11:59:01]  43 frames   43.66 ms/frame  ->  22.9 FPS
   capture           5.33 ms   12.2%
   track            25.54 ms   58.5%
   ctrl+mav          0.74 ms    1.7%
   hud               5.29 ms   12.1%
   display           6.76 ms   15.5%
     detect          0.00 ms  (sub)
     tracker         0.00 ms  (sub)
[PROF 11:59:03]  44 frames   43.90 ms/frame  ->  22.8 FPS
   capture           5.41 ms   12.3%
   track            25.94 ms   59.1%
   ctrl+mav          0.80 ms    1.8%
   hud               5.22 ms   11.9%
   display           6.54 ms   14.9%
     detect          0.00 ms  (sub)
     tracker         0.00 ms  (sub)
[PROF 11:59:05]  42 frames   44.61 ms/frame  ->  22.4 FPS
   capture           5.54 ms   12.4%
   track            25.93 ms   58.1%
   ctrl+mav          0.88 ms    2.0%
   hud               5.24 ms   11.8%
   display           7.02 ms   15.7%
     detect          0.00 ms  (sub)
     tracker         0.00 ms  (sub)
[PROF 11:59:07]  41 frames   44.42 ms/frame  ->  22.5 FPS
   capture           6.19 ms   13.9%
   track            25.23 ms   56.8%
   ctrl+mav          0.87 ms    2.0%
   hud               5.26 ms   11.8%
   display           6.87 ms   15.5%
     detect          0.00 ms  (sub)
     tracker         0.00 ms  (sub)
[PROF 11:59:09]  43 frames   43.50 ms/frame  ->  23.0 FPS
   capture           5.67 ms   13.0%
   track            24.87 ms   57.2%
   ctrl+mav          0.87 ms    2.0%
   hud               5.51 ms   12.7%
   display           6.58 ms   15.1%
     detect          0.00 ms  (sub)
     tracker         0.00 ms  (sub)
[PROF 11:59:11]  45 frames   42.90 ms/frame  ->  23.3 FPS
   capture           5.47 ms   12.7%
   track            24.95 ms   58.2%
   ctrl+mav          0.77 ms    1.8%
   hud               5.12 ms   11.9%
   display           6.59 ms   15.4%
     detect          0.00 ms  (sub)
     tracker         0.00 ms  (sub)
[PROF 11:59:13]  41 frames   43.92 ms/frame  ->  22.8 FPS
   capture           5.66 ms   12.9%
   track            25.60 ms   58.3%
   ctrl+mav          0.75 ms    1.7%
   hud               5.50 ms   12.5%
   display           6.41 ms   14.6%
     detect          0.00 ms  (sub)
     tracker         0.00 ms  (sub)
[PROF 11:59:15]  42 frames   44.59 ms/frame  ->  22.4 FPS
   capture           5.72 ms   12.8%
   track            26.21 ms   58.8%
   ctrl+mav          0.72 ms    1.6%
   hud               5.44 ms   12.2%
   display           6.50 ms   14.6%
     detect          0.00 ms  (sub)
     tracker         0.00 ms  (sub)
[PROF 11:59:17]  45 frames   44.23 ms/frame  ->  22.6 FPS
   capture           5.40 ms   12.2%
   track            25.95 ms   58.7%
   ctrl+mav          0.87 ms    2.0%
   hud               5.45 ms   12.3%
   display           6.57 ms   14.9%
     detect          0.00 ms  (sub)
     tracker         0.00 ms  (sub)
[PROF 11:59:19]  42 frames   44.16 ms/frame  ->  22.6 FPS
   capture           5.84 ms   13.2%
   track            25.59 ms   58.0%
   ctrl+mav          0.95 ms    2.1%
   hud               5.36 ms   12.1%
   display           6.41 ms   14.5%
     detect          0.00 ms  (sub)
     tracker         0.00 ms  (sub)
[PROF 11:59:21]  41 frames   43.35 ms/frame  ->  23.1 FPS
   capture           5.25 ms   12.1%
   track            24.98 ms   57.6%
   ctrl+mav          0.84 ms    1.9%
   hud               5.72 ms   13.2%
   display           6.56 ms   15.1%
     detect          0.00 ms  (sub)
     tracker         0.00 ms  (sub)
[PROF 11:59:23]  42 frames   43.68 ms/frame  ->  22.9 FPS
   capture           5.93 ms   13.6%
   track            24.94 ms   57.1%
   ctrl+mav          0.75 ms    1.7%
   hud               5.35 ms   12.2%
   display           6.71 ms   15.4%
     detect          0.00 ms  (sub)
     tracker         0.00 ms  (sub)
[PROF 11:59:25]  40 frames   44.76 ms/frame  ->  22.3 FPS
   capture           6.34 ms   14.2%
   track            25.68 ms   57.4%
   ctrl+mav          0.87 ms    1.9%
   hud               5.32 ms   11.9%
   display           6.56 ms   14.7%
     detect          0.00 ms  (sub)
     tracker         0.00 ms  (sub)
[PROF 11:59:27]  41 frames   44.07 ms/frame  ->  22.7 FPS
   capture           5.97 ms   13.6%
   track            24.96 ms   56.7%
   ctrl+mav          0.74 ms    1.7%
   hud               5.72 ms   13.0%
   display           6.67 ms   15.1%
     detect          0.00 ms  (sub)
     tracker         0.00 ms  (sub)
[PROF 11:59:29]  43 frames   44.18 ms/frame  ->  22.6 FPS
   capture           5.83 ms   13.2%
   track            24.86 ms   56.3%
   ctrl+mav          0.80 ms    1.8%
   hud               6.00 ms   13.6%
   display           6.68 ms   15.1%
     detect          0.00 ms  (sub)
     tracker         0.00 ms  (sub)
[PROF 11:59:31]  44 frames   40.78 ms/frame  ->  24.5 FPS
   capture           5.51 ms   13.5%
   track            22.59 ms   55.4%
   ctrl+mav          0.75 ms    1.8%
   hud               5.36 ms   13.1%
   display           6.57 ms   16.1%
     detect          0.00 ms  (sub)
     tracker         0.00 ms  (sub)
[PROF 11:59:33]  39 frames   48.28 ms/frame  ->  20.7 FPS
   capture           8.23 ms   17.0%
   track             6.24 ms   12.9%
   ctrl+mav          2.54 ms    5.3%
   hud               6.59 ms   13.6%
   display          24.69 ms   51.1%
     detect          0.00 ms  (sub)
     tracker         0.00 ms  (sub)
[PROF 11:59:35]  45 frames   42.58 ms/frame  ->  23.5 FPS
   capture           8.27 ms   19.4%
   track             4.18 ms    9.8%
   ctrl+mav          0.96 ms    2.3%
   hud               6.86 ms   16.1%
   display          22.30 ms   52.4%
     detect          0.00 ms  (sub)
     tracker         0.00 ms  (sub)
[PROF 11:59:37]  42 frames   42.77 ms/frame  ->  23.4 FPS
   capture           8.57 ms   20.0%
   track             3.82 ms    8.9%
   ctrl+mav          1.40 ms    3.3%
   hud               6.91 ms   16.2%
   display          22.08 ms   51.6%
     detect          0.00 ms  (sub)
     tracker         0.00 ms  (sub)
[PROF 11:59:39]  45 frames   42.34 ms/frame  ->  23.6 FPS
   capture           8.41 ms   19.9%
   track             3.71 ms    8.8%
   ctrl+mav          1.24 ms    2.9%
   hud               6.90 ms   16.3%
   display          22.08 ms   52.2%
     detect          0.00 ms  (sub)
     tracker         0.00 ms  (sub)
[PROF 11:59:41]  45 frames   39.98 ms/frame  ->  25.0 FPS
   capture           7.99 ms   20.0%
   track             4.17 ms   10.4%
   ctrl+mav          0.90 ms    2.3%
   hud               7.08 ms   17.7%
   display          19.85 ms   49.6%
     detect          0.00 ms  (sub)
     tracker         0.00 ms  (sub)
[PROF 11:59:43]  44 frames   41.44 ms/frame  ->  24.1 FPS
   capture           7.82 ms   18.9%
   track             4.26 ms   10.3%
   ctrl+mav          0.95 ms    2.3%
   hud               6.63 ms   16.0%
   display          21.79 ms   52.6%
     detect          0.00 ms  (sub)
     tracker         0.00 ms  (sub)
[PROF 11:59:45]  44 frames   41.46 ms/frame  ->  24.1 FPS
   capture           7.67 ms   18.5%
   track             3.98 ms    9.6%
   ctrl+mav          0.93 ms    2.2%
   hud               6.87 ms   16.6%
   display          22.01 ms   53.1%
     detect          0.00 ms  (sub)
     tracker         0.00 ms  (sub)
[PROF 11:59:47]  44 frames   42.73 ms/frame  ->  23.4 FPS
   capture           9.01 ms   21.1%
   track             4.18 ms    9.8%
   ctrl+mav          1.21 ms    2.8%
   hud               7.05 ms   16.5%
   display          21.28 ms   49.8%
     detect          0.00 ms  (sub)
     tracker         0.00 ms  (sub)
[PROF 11:59:49]  43 frames   42.92 ms/frame  ->  23.3 FPS
   capture           8.69 ms   20.2%
   track             4.86 ms   11.3%
   ctrl+mav          1.00 ms    2.3%
   hud               7.28 ms   17.0%
   display          21.10 ms   49.2%
     detect          0.00 ms  (sub)
     tracker         0.00 ms  (sub)
[PROF 11:59:51]  41 frames   44.96 ms/frame  ->  22.2 FPS
   capture           8.17 ms   18.2%
   track             7.40 ms   16.5%
   ctrl+mav          0.88 ms    2.0%
   hud               6.84 ms   15.2%
   display          21.68 ms   48.2%
     detect          0.00 ms  (sub)
     tracker         0.00 ms  (sub)
[PROF 11:59:53]  29 frames   65.67 ms/frame  ->  15.2 FPS
   capture           7.20 ms   11.0%
   track            29.67 ms   45.2%
   ctrl+mav          1.01 ms    1.5%
   hud               5.70 ms    8.7%
   display          22.09 ms   33.6%
     detect          0.00 ms  (sub)
     tracker         0.00 ms  (sub)
[PROF 11:59:55]   4 frames  517.58 ms/frame  ->   1.9 FPS
   capture           6.63 ms    1.3%
   track           482.60 ms   93.2%
   ctrl+mav          4.55 ms    0.9%
   hud               5.69 ms    1.1%
   display          18.11 ms    3.5%
     detect          0.00 ms  (sub)
     tracker         0.00 ms  (sub)
[PROF 11:59:57]  39 frames   49.77 ms/frame  ->  20.1 FPS
   capture           8.44 ms   17.0%
   track            12.58 ms   25.3%
   ctrl+mav          1.88 ms    3.8%
   hud               6.01 ms   12.1%
   display          20.86 ms   41.9%
     detect          0.00 ms  (sub)
     tracker         0.00 ms  (sub)
