# pipeline profile — started 2026-07-21 10:07:23
[PROF 10:07:23]   1 frames   30.79 ms/frame  ->  32.5 FPS
   capture           2.27 ms    7.4%
   track            17.59 ms   57.1%
   ctrl+mav          0.26 ms    0.8%
   hud               3.19 ms   10.3%
   display           7.48 ms   24.3%
     detect          0.00 ms  (sub)
     tracker         0.00 ms  (sub)
[PROF 10:07:25]  48 frames   33.77 ms/frame  ->  29.6 FPS
   capture           3.89 ms   11.5%
   track            19.20 ms   56.9%
   ctrl+mav          0.51 ms    1.5%
   hud               3.54 ms   10.5%
   display           6.63 ms   19.6%
     detect          0.00 ms  (sub)
     tracker         0.00 ms  (sub)
[PROF 10:07:27]  53 frames   33.07 ms/frame  ->  30.2 FPS
   capture           3.86 ms   11.7%
   track            18.84 ms   57.0%
   ctrl+mav          0.48 ms    1.4%
   hud               3.59 ms   10.8%
   display           6.30 ms   19.1%
     detect          0.00 ms  (sub)
     tracker         0.00 ms  (sub)
[PROF 10:07:29]  51 frames   35.58 ms/frame  ->  28.1 FPS
   capture           3.80 ms   10.7%
   track            18.71 ms   52.6%
   ctrl+mav          2.84 ms    8.0%
   hud               3.64 ms   10.2%
   display           6.59 ms   18.5%
     detect          0.00 ms  (sub)
     tracker         0.00 ms  (sub)
[PROF 10:07:31]  47 frames   35.36 ms/frame  ->  28.3 FPS
   capture           3.99 ms   11.3%
   track            20.45 ms   57.8%
   ctrl+mav          0.55 ms    1.5%
   hud               3.70 ms   10.5%
   display           6.67 ms   18.9%
     detect          0.00 ms  (sub)
     tracker         0.00 ms  (sub)
[PROF 10:07:33]  49 frames   33.31 ms/frame  ->  30.0 FPS
   capture           3.59 ms   10.8%
   track            19.11 ms   57.4%
   ctrl+mav          0.57 ms    1.7%
   hud               3.59 ms   10.8%
   display           6.45 ms   19.4%
     detect          0.00 ms  (sub)
     tracker         0.00 ms  (sub)
[PROF 10:07:35]  51 frames   31.44 ms/frame  ->  31.8 FPS
   capture           3.70 ms   11.8%
   track            16.44 ms   52.3%
   ctrl+mav          0.53 ms    1.7%
   hud               3.81 ms   12.1%
   display           6.95 ms   22.1%
     detect          0.00 ms  (sub)
     tracker         0.00 ms  (sub)
[PROF 10:07:37]  36 frames   53.44 ms/frame  ->  18.7 FPS
   capture           3.63 ms    6.8%
   track            38.21 ms   71.5%
   ctrl+mav          0.64 ms    1.2%
   hud               4.16 ms    7.8%
   display           6.81 ms   12.7%
     detect          0.00 ms  (sub)
     tracker         0.00 ms  (sub)
[PROF 10:07:39]  19 frames  105.82 ms/frame  ->   9.4 FPS
   capture           3.69 ms    3.5%
   track            90.94 ms   85.9%
   ctrl+mav          0.85 ms    0.8%
   hud               4.10 ms    3.9%
   display           6.24 ms    5.9%
     detect          0.00 ms  (sub)
     tracker         0.00 ms  (sub)
[PROF 10:07:41]  55 frames   35.04 ms/frame  ->  28.5 FPS
   capture           4.00 ms   11.4%
   track            19.54 ms   55.8%
   ctrl+mav          0.53 ms    1.5%
   hud               4.14 ms   11.8%
   display           6.83 ms   19.5%
     detect          0.00 ms  (sub)
     tracker         0.00 ms  (sub)
[PROF 10:07:43]  54 frames   34.29 ms/frame  ->  29.2 FPS
   capture           3.74 ms   10.9%
   track            19.30 ms   56.3%
   ctrl+mav          0.53 ms    1.5%
   hud               4.20 ms   12.3%
   display           6.52 ms   19.0%
     detect          0.00 ms  (sub)
     tracker         0.00 ms  (sub)
[PROF 10:07:45]  53 frames   34.69 ms/frame  ->  28.8 FPS
   capture           3.80 ms   11.0%
   track            18.84 ms   54.3%
   ctrl+mav          0.59 ms    1.7%
   hud               4.22 ms   12.2%
   display           7.23 ms   20.9%
     detect          0.00 ms  (sub)
     tracker         0.00 ms  (sub)
[PROF 10:07:47]  52 frames   34.92 ms/frame  ->  28.6 FPS
   capture           3.80 ms   10.9%
   track            19.88 ms   56.9%
   ctrl+mav          0.59 ms    1.7%
   hud               3.86 ms   11.1%
   display           6.79 ms   19.4%
     detect          0.00 ms  (sub)
     tracker         0.00 ms  (sub)
[PROF 10:07:49]  48 frames   35.25 ms/frame  ->  28.4 FPS
   capture           3.86 ms   11.0%
   track            19.50 ms   55.3%
   ctrl+mav          0.61 ms    1.7%
   hud               4.48 ms   12.7%
   display           6.80 ms   19.3%
     detect          0.00 ms  (sub)
     tracker         0.00 ms  (sub)
[PROF 10:07:51]  47 frames   34.78 ms/frame  ->  28.8 FPS
   capture           3.93 ms   11.3%
   track            19.85 ms   57.1%
   ctrl+mav          0.54 ms    1.6%
   hud               4.09 ms   11.8%
   display           6.37 ms   18.3%
     detect          0.00 ms  (sub)
     tracker         0.00 ms  (sub)
[PROF 10:07:53]  49 frames   34.94 ms/frame  ->  28.6 FPS
   capture           3.79 ms   10.8%
   track            19.64 ms   56.2%
   ctrl+mav          0.53 ms    1.5%
   hud               3.77 ms   10.8%
   display           7.21 ms   20.6%
     detect          0.00 ms  (sub)
     tracker         0.00 ms  (sub)
[PROF 10:07:55]  49 frames   33.91 ms/frame  ->  29.5 FPS
   capture           3.50 ms   10.3%
   track            19.24 ms   56.7%
   ctrl+mav          0.59 ms    1.7%
   hud               3.97 ms   11.7%
   display           6.61 ms   19.5%
     detect          0.00 ms  (sub)
     tracker         0.00 ms  (sub)
[PROF 10:07:58]  45 frames   35.13 ms/frame  ->  28.5 FPS
   capture           4.11 ms   11.7%
   track            19.36 ms   55.1%
   ctrl+mav          0.53 ms    1.5%
   hud               4.23 ms   12.0%
   display           6.91 ms   19.7%
     detect          0.00 ms  (sub)
     tracker         0.00 ms  (sub)
[PROF 10:08:00]  49 frames   33.99 ms/frame  ->  29.4 FPS
   capture           3.82 ms   11.2%
   track            19.38 ms   57.0%
   ctrl+mav          0.51 ms    1.5%
   hud               3.82 ms   11.2%
   display           6.46 ms   19.0%
     detect          0.00 ms  (sub)
     tracker         0.00 ms  (sub)
[PROF 10:08:02]  47 frames   34.22 ms/frame  ->  29.2 FPS
   capture           3.80 ms   11.1%
   track            19.35 ms   56.6%
   ctrl+mav          0.54 ms    1.6%
   hud               3.75 ms   11.0%
   display           6.79 ms   19.8%
     detect          0.00 ms  (sub)
     tracker         0.00 ms  (sub)
[PROF 10:08:04]  52 frames   34.09 ms/frame  ->  29.3 FPS
   capture           3.93 ms   11.5%
   track            19.08 ms   56.0%
   ctrl+mav          0.56 ms    1.6%
   hud               3.79 ms   11.1%
   display           6.73 ms   19.7%
     detect          0.00 ms  (sub)
     tracker         0.00 ms  (sub)
[PROF 10:08:06]  53 frames   34.34 ms/frame  ->  29.1 FPS
   capture           4.05 ms   11.8%
   track            18.84 ms   54.9%
   ctrl+mav          0.55 ms    1.6%
   hud               4.02 ms   11.7%
   display           6.88 ms   20.0%
     detect          0.00 ms  (sub)
     tracker         0.00 ms  (sub)
[PROF 10:08:08]  48 frames   32.95 ms/frame  ->  30.4 FPS
   capture           3.42 ms   10.4%
   track            18.19 ms   55.2%
   ctrl+mav          0.56 ms    1.7%
   hud               4.25 ms   12.9%
   display           6.53 ms   19.8%
     detect          0.00 ms  (sub)
     tracker         0.00 ms  (sub)
[PROF 10:08:10]  49 frames   33.58 ms/frame  ->  29.8 FPS
   capture           3.72 ms   11.1%
   track            18.35 ms   54.7%
   ctrl+mav          0.58 ms    1.7%
   hud               4.05 ms   12.1%
   display           6.87 ms   20.5%
     detect          0.00 ms  (sub)
     tracker         0.00 ms  (sub)
[PROF 10:08:12]  48 frames   36.27 ms/frame  ->  27.6 FPS
   capture           3.75 ms   10.3%
   track            21.76 ms   60.0%
   ctrl+mav          0.54 ms    1.5%
   hud               3.95 ms   10.9%
   display           6.28 ms   17.3%
     detect          0.00 ms  (sub)
     tracker         0.00 ms  (sub)
[PROF 10:08:14]  41 frames   47.70 ms/frame  ->  21.0 FPS
   capture           3.52 ms    7.4%
   track            33.06 ms   69.3%
   ctrl+mav          0.55 ms    1.1%
   hud               4.08 ms    8.6%
   display           6.49 ms   13.6%
     detect          0.00 ms  (sub)
     tracker         0.00 ms  (sub)
[PROF 10:08:16]  45 frames   34.25 ms/frame  ->  29.2 FPS
   capture           3.69 ms   10.8%
   track            19.08 ms   55.7%
   ctrl+mav          0.56 ms    1.6%
   hud               4.18 ms   12.2%
   display           6.74 ms   19.7%
     detect          0.00 ms  (sub)
     tracker         0.00 ms  (sub)
[PROF 10:08:18]  48 frames   35.52 ms/frame  ->  28.2 FPS
   capture           3.82 ms   10.7%
   track            20.03 ms   56.4%
   ctrl+mav          0.58 ms    1.6%
   hud               4.31 ms   12.1%
   display           6.78 ms   19.1%
     detect          0.00 ms  (sub)
     tracker         0.00 ms  (sub)
[PROF 10:08:20]  54 frames   33.94 ms/frame  ->  29.5 FPS
   capture           4.12 ms   12.2%
   track            18.76 ms   55.3%
   ctrl+mav          0.56 ms    1.7%
   hud               3.93 ms   11.6%
   display           6.57 ms   19.3%
     detect          0.00 ms  (sub)
     tracker         0.00 ms  (sub)
[PROF 10:08:22]  46 frames   34.71 ms/frame  ->  28.8 FPS
   capture           3.93 ms   11.3%
   track            19.82 ms   57.1%
   ctrl+mav          0.52 ms    1.5%
   hud               3.88 ms   11.2%
   display           6.56 ms   18.9%
     detect          0.00 ms  (sub)
     tracker         0.00 ms  (sub)
[PROF 10:08:24]  50 frames   32.69 ms/frame  ->  30.6 FPS
   capture           3.39 ms   10.4%
   track            18.18 ms   55.6%
   ctrl+mav          0.59 ms    1.8%
   hud               3.96 ms   12.1%
   display           6.55 ms   20.1%
     detect          0.00 ms  (sub)
     tracker         0.00 ms  (sub)
[PROF 10:08:26]  48 frames   33.81 ms/frame  ->  29.6 FPS
   capture           3.61 ms   10.7%
   track            19.06 ms   56.4%
   ctrl+mav          0.54 ms    1.6%
   hud               3.82 ms   11.3%
   display           6.77 ms   20.0%
     detect          0.00 ms  (sub)
     tracker         0.00 ms  (sub)
[PROF 10:08:28]  50 frames   33.86 ms/frame  ->  29.5 FPS
   capture           3.69 ms   10.9%
   track            19.14 ms   56.5%
   ctrl+mav          0.52 ms    1.5%
   hud               3.83 ms   11.3%
   display           6.68 ms   19.7%
     detect          0.00 ms  (sub)
     tracker         0.00 ms  (sub)
[PROF 10:08:30]  47 frames   33.88 ms/frame  ->  29.5 FPS
   capture           3.99 ms   11.8%
   track            18.79 ms   55.5%
   ctrl+mav          0.57 ms    1.7%
   hud               3.97 ms   11.7%
   display           6.56 ms   19.4%
     detect          0.00 ms  (sub)
     tracker         0.00 ms  (sub)
[PROF 10:08:32]  37 frames   47.69 ms/frame  ->  21.0 FPS
   capture           3.46 ms    7.3%
   track            33.36 ms   69.9%
   ctrl+mav          0.58 ms    1.2%
   hud               3.88 ms    8.1%
   display           6.41 ms   13.4%
     detect          0.00 ms  (sub)
     tracker         0.00 ms  (sub)
[PROF 10:08:34]  38 frames   48.04 ms/frame  ->  20.8 FPS
   capture           4.15 ms    8.6%
   track            32.63 ms   67.9%
   ctrl+mav          0.61 ms    1.3%
   hud               4.00 ms    8.3%
   display           6.65 ms   13.8%
     detect          0.00 ms  (sub)
     tracker         0.00 ms  (sub)
[PROF 10:08:36]  25 frames   64.80 ms/frame  ->  15.4 FPS
   capture           3.75 ms    5.8%
   track            50.37 ms   77.7%
   ctrl+mav          0.64 ms    1.0%
   hud               4.05 ms    6.3%
   display           5.98 ms    9.2%
     detect          0.00 ms  (sub)
     tracker         0.00 ms  (sub)
[PROF 10:08:38]  22 frames   88.14 ms/frame  ->  11.3 FPS
   capture           4.36 ms    5.0%
   track            73.06 ms   82.9%
   ctrl+mav          0.70 ms    0.8%
   hud               3.83 ms    4.3%
   display           6.19 ms    7.0%
     detect          0.00 ms  (sub)
     tracker         0.00 ms  (sub)
[PROF 10:08:40]  26 frames   80.37 ms/frame  ->  12.4 FPS
   capture           3.70 ms    4.6%
   track            66.11 ms   82.3%
   ctrl+mav          0.69 ms    0.9%
   hud               3.82 ms    4.7%
   display           6.06 ms    7.5%
     detect          0.00 ms  (sub)
     tracker         0.00 ms  (sub)
[PROF 10:08:42]  22 frames   92.62 ms/frame  ->  10.8 FPS
   capture           4.65 ms    5.0%
   track            76.88 ms   83.0%
   ctrl+mav          0.74 ms    0.8%
   hud               4.20 ms    4.5%
   display           6.15 ms    6.6%
     detect          0.00 ms  (sub)
     tracker         0.00 ms  (sub)
[PROF 10:08:44]  22 frames   94.65 ms/frame  ->  10.6 FPS
   capture           3.96 ms    4.2%
   track            79.69 ms   84.2%
   ctrl+mav          0.76 ms    0.8%
   hud               3.82 ms    4.0%
   display           6.43 ms    6.8%
     detect          0.00 ms  (sub)
     tracker         0.00 ms  (sub)
[PROF 10:08:46]  21 frames   98.40 ms/frame  ->  10.2 FPS
   capture           4.58 ms    4.7%
   track            69.71 ms   70.8%
   ctrl+mav          2.15 ms    2.2%
   hud               3.72 ms    3.8%
   display          18.23 ms   18.5%
     detect          0.00 ms  (sub)
     tracker         0.00 ms  (sub)
[PROF 10:08:48]  30 frames   66.47 ms/frame  ->  15.0 FPS
   capture           4.31 ms    6.5%
   track            46.38 ms   69.8%
   ctrl+mav          0.75 ms    1.1%
   hud               3.87 ms    5.8%
   display          11.17 ms   16.8%
     detect          0.00 ms  (sub)
     tracker         0.00 ms  (sub)
[PROF 10:08:50]  33 frames   59.16 ms/frame  ->  16.9 FPS
   capture           4.38 ms    7.4%
   track            38.63 ms   65.3%
   ctrl+mav          0.68 ms    1.1%
   hud               4.01 ms    6.8%
   display          11.46 ms   19.4%
     detect          0.00 ms  (sub)
     tracker         0.00 ms  (sub)
[PROF 10:08:52]  30 frames   66.99 ms/frame  ->  14.9 FPS
   capture           5.36 ms    8.0%
   track            45.07 ms   67.3%
   ctrl+mav          0.75 ms    1.1%
   hud               3.85 ms    5.8%
   display          11.95 ms   17.8%
     detect          0.00 ms  (sub)
     tracker         0.00 ms  (sub)
[PROF 10:08:54]  32 frames   59.69 ms/frame  ->  16.8 FPS
   capture           4.51 ms    7.6%
   track            38.34 ms   64.2%
   ctrl+mav          0.78 ms    1.3%
   hud               4.21 ms    7.0%
   display          11.85 ms   19.9%
     detect          0.00 ms  (sub)
     tracker         0.00 ms  (sub)
[PROF 10:08:56]  32 frames   59.92 ms/frame  ->  16.7 FPS
   capture           4.55 ms    7.6%
   track            38.94 ms   65.0%
   ctrl+mav          0.75 ms    1.3%
   hud               4.03 ms    6.7%
   display          11.64 ms   19.4%
     detect          0.00 ms  (sub)
     tracker         0.00 ms  (sub)
[PROF 10:08:58]  32 frames   62.73 ms/frame  ->  15.9 FPS
   capture           4.97 ms    7.9%
   track            41.41 ms   66.0%
   ctrl+mav          0.76 ms    1.2%
   hud               4.00 ms    6.4%
   display          11.59 ms   18.5%
     detect          0.00 ms  (sub)
     tracker         0.00 ms  (sub)
[PROF 10:09:00]  29 frames   68.42 ms/frame  ->  14.6 FPS
   capture           4.48 ms    6.5%
   track            47.76 ms   69.8%
   ctrl+mav          0.76 ms    1.1%
   hud               3.89 ms    5.7%
   display          11.53 ms   16.9%
     detect          0.00 ms  (sub)
     tracker         0.00 ms  (sub)
[PROF 10:09:02]  29 frames   68.11 ms/frame  ->  14.7 FPS
   capture           4.99 ms    7.3%
   track            46.84 ms   68.8%
   ctrl+mav          0.76 ms    1.1%
   hud               3.95 ms    5.8%
   display          11.57 ms   17.0%
     detect          0.00 ms  (sub)
     tracker         0.00 ms  (sub)
[PROF 10:09:04]  21 frames   95.49 ms/frame  ->  10.5 FPS
   capture           4.65 ms    4.9%
   track            73.90 ms   77.4%
   ctrl+mav          0.97 ms    1.0%
   hud               3.96 ms    4.1%
   display          12.02 ms   12.6%
     detect          0.00 ms  (sub)
     tracker         0.00 ms  (sub)
[PROF 10:09:06]  15 frames  135.04 ms/frame  ->   7.4 FPS
   capture           4.13 ms    3.1%
   track           113.69 ms   84.2%
   ctrl+mav          1.18 ms    0.9%
   hud               4.02 ms    3.0%
   display          12.02 ms    8.9%
     detect          0.00 ms  (sub)
     tracker         0.00 ms  (sub)
[PROF 10:09:09]   8 frames  365.92 ms/frame  ->   2.7 FPS
   capture           5.15 ms    1.4%
   track           343.44 ms   93.9%
   ctrl+mav          2.18 ms    0.6%
   hud               3.85 ms    1.1%
   display          11.30 ms    3.1%
     detect          0.00 ms  (sub)
     tracker         0.00 ms  (sub)
[PROF 10:09:20]   1 frames  10800.93 ms/frame  ->   0.1 FPS
   capture           4.72 ms    0.0%
   track          10701.92 ms   99.1%
   ctrl+mav         84.54 ms    0.8%
   hud               4.28 ms    0.0%
   display           5.46 ms    0.1%
     detect          0.00 ms  (sub)
     tracker         0.00 ms  (sub)
