# pipeline profile — started 2026-07-21 09:39:52
[PROF 09:39:52]   1 frames   35.05 ms/frame  ->  28.5 FPS
   capture           3.06 ms    8.7%
   track            18.60 ms   53.1%
   ctrl+mav          0.42 ms    1.2%
   hud               5.42 ms   15.5%
   display           7.56 ms   21.6%
     detect          0.00 ms  (sub)
     tracker         0.00 ms  (sub)
[PROF 09:39:54]  54 frames   34.57 ms/frame  ->  28.9 FPS
   capture           3.87 ms   11.2%
   track            19.33 ms   55.9%
   ctrl+mav          0.59 ms    1.7%
   hud               3.76 ms   10.9%
   display           7.02 ms   20.3%
     detect          0.00 ms  (sub)
     tracker         0.00 ms  (sub)
[PROF 09:39:56]  50 frames   36.50 ms/frame  ->  27.4 FPS
   capture           3.56 ms    9.8%
   track            18.97 ms   52.0%
   ctrl+mav          3.10 ms    8.5%
   hud               3.96 ms   10.9%
   display           6.91 ms   18.9%
     detect          0.00 ms  (sub)
     tracker         0.00 ms  (sub)
[PROF 09:39:58]  54 frames   34.19 ms/frame  ->  29.2 FPS
   capture           3.83 ms   11.2%
   track            19.16 ms   56.0%
   ctrl+mav          0.55 ms    1.6%
   hud               3.68 ms   10.8%
   display           6.97 ms   20.4%
     detect          0.00 ms  (sub)
     tracker         0.00 ms  (sub)
[PROF 09:40:00]  53 frames   33.04 ms/frame  ->  30.3 FPS
   capture           4.04 ms   12.2%
   track            18.10 ms   54.8%
   ctrl+mav          0.52 ms    1.6%
   hud               3.65 ms   11.0%
   display           6.74 ms   20.4%
     detect          0.00 ms  (sub)
     tracker         0.00 ms  (sub)
[PROF 09:40:02]  32 frames   59.28 ms/frame  ->  16.9 FPS
   capture           3.90 ms    6.6%
   track            44.10 ms   74.4%
   ctrl+mav          0.65 ms    1.1%
   hud               3.77 ms    6.4%
   display           6.87 ms   11.6%
     detect          0.00 ms  (sub)
     tracker         0.00 ms  (sub)
[PROF 09:40:04]  46 frames   42.78 ms/frame  ->  23.4 FPS
   capture           3.22 ms    7.5%
   track            28.00 ms   65.5%
   ctrl+mav          0.60 ms    1.4%
   hud               4.08 ms    9.5%
   display           6.88 ms   16.1%
     detect          0.00 ms  (sub)
     tracker         0.00 ms  (sub)
[PROF 09:40:06]  54 frames   34.16 ms/frame  ->  29.3 FPS
   capture           3.84 ms   11.3%
   track            19.13 ms   56.0%
   ctrl+mav          0.52 ms    1.5%
   hud               4.20 ms   12.3%
   display           6.47 ms   18.9%
     detect          0.00 ms  (sub)
     tracker         0.00 ms  (sub)
[PROF 09:40:08]  57 frames   31.64 ms/frame  ->  31.6 FPS
   capture           3.60 ms   11.4%
   track            16.81 ms   53.1%
   ctrl+mav          0.67 ms    2.1%
   hud               4.00 ms   12.6%
   display           6.56 ms   20.7%
     detect          0.00 ms  (sub)
     tracker         0.00 ms  (sub)
[PROF 09:40:10]  52 frames   35.04 ms/frame  ->  28.5 FPS
   capture           3.64 ms   10.4%
   track            19.81 ms   56.5%
   ctrl+mav          0.58 ms    1.7%
   hud               4.10 ms   11.7%
   display           6.91 ms   19.7%
     detect          0.00 ms  (sub)
     tracker         0.00 ms  (sub)
[PROF 09:40:12]  51 frames   34.44 ms/frame  ->  29.0 FPS
   capture           3.97 ms   11.5%
   track            19.29 ms   56.0%
   ctrl+mav          0.59 ms    1.7%
   hud               4.06 ms   11.8%
   display           6.53 ms   19.0%
     detect          0.00 ms  (sub)
     tracker         0.00 ms  (sub)
[PROF 09:40:14]  52 frames   33.95 ms/frame  ->  29.5 FPS
   capture           3.73 ms   11.0%
   track            19.00 ms   56.0%
   ctrl+mav          0.60 ms    1.8%
   hud               3.85 ms   11.3%
   display           6.77 ms   19.9%
     detect          0.00 ms  (sub)
     tracker         0.00 ms  (sub)
[PROF 09:40:16]  50 frames   36.33 ms/frame  ->  27.5 FPS
   capture           3.26 ms    9.0%
   track            21.61 ms   59.5%
   ctrl+mav          0.61 ms    1.7%
   hud               4.01 ms   11.0%
   display           6.84 ms   18.8%
     detect          0.00 ms  (sub)
     tracker         0.00 ms  (sub)
[PROF 09:40:18]  52 frames   34.20 ms/frame  ->  29.2 FPS
   capture           3.66 ms   10.7%
   track            19.43 ms   56.8%
   ctrl+mav          0.54 ms    1.6%
   hud               3.75 ms   11.0%
   display           6.81 ms   19.9%
     detect          0.00 ms  (sub)
     tracker         0.00 ms  (sub)
[PROF 09:40:20]  54 frames   33.49 ms/frame  ->  29.9 FPS
   capture           3.74 ms   11.2%
   track            19.03 ms   56.8%
   ctrl+mav          0.50 ms    1.5%
   hud               3.80 ms   11.3%
   display           6.41 ms   19.1%
     detect          0.00 ms  (sub)
     tracker         0.00 ms  (sub)
[PROF 09:40:22]  49 frames   34.70 ms/frame  ->  28.8 FPS
   capture           3.85 ms   11.1%
   track            19.70 ms   56.8%
   ctrl+mav          0.56 ms    1.6%
   hud               3.97 ms   11.4%
   display           6.62 ms   19.1%
     detect          0.00 ms  (sub)
     tracker         0.00 ms  (sub)
[PROF 09:40:24]  48 frames   34.86 ms/frame  ->  28.7 FPS
   capture           3.50 ms   10.0%
   track            20.23 ms   58.0%
   ctrl+mav          0.57 ms    1.6%
   hud               3.92 ms   11.2%
   display           6.64 ms   19.1%
     detect          0.00 ms  (sub)
     tracker         0.00 ms  (sub)
[PROF 09:40:26]  49 frames   34.85 ms/frame  ->  28.7 FPS
   capture           4.04 ms   11.6%
   track            19.72 ms   56.6%
   ctrl+mav          0.59 ms    1.7%
   hud               3.86 ms   11.1%
   display           6.63 ms   19.0%
     detect          0.00 ms  (sub)
     tracker         0.00 ms  (sub)
[PROF 09:40:28]  51 frames   33.81 ms/frame  ->  29.6 FPS
   capture           3.54 ms   10.5%
   track            19.20 ms   56.8%
   ctrl+mav          0.58 ms    1.7%
   hud               3.89 ms   11.5%
   display           6.60 ms   19.5%
     detect          0.00 ms  (sub)
     tracker         0.00 ms  (sub)
[PROF 09:40:30]  49 frames   34.94 ms/frame  ->  28.6 FPS
   capture           3.88 ms   11.1%
   track            19.73 ms   56.5%
   ctrl+mav          0.57 ms    1.6%
   hud               3.98 ms   11.4%
   display           6.77 ms   19.4%
     detect          0.00 ms  (sub)
     tracker         0.00 ms  (sub)
[PROF 09:40:32]  49 frames   34.40 ms/frame  ->  29.1 FPS
   capture           3.73 ms   10.9%
   track            19.58 ms   56.9%
   ctrl+mav          0.52 ms    1.5%
   hud               3.72 ms   10.8%
   display           6.84 ms   19.9%
     detect          0.00 ms  (sub)
     tracker         0.00 ms  (sub)
[PROF 09:40:34]  51 frames   33.90 ms/frame  ->  29.5 FPS
   capture           3.89 ms   11.5%
   track            19.45 ms   57.4%
   ctrl+mav          0.54 ms    1.6%
   hud               3.51 ms   10.3%
   display           6.52 ms   19.2%
     detect          0.00 ms  (sub)
     tracker         0.00 ms  (sub)
[PROF 09:40:36]  48 frames   35.26 ms/frame  ->  28.4 FPS
   capture           3.88 ms   11.0%
   track            19.82 ms   56.2%
   ctrl+mav          0.56 ms    1.6%
   hud               4.01 ms   11.4%
   display           6.99 ms   19.8%
     detect          0.00 ms  (sub)
     tracker         0.00 ms  (sub)
[PROF 09:40:38]  50 frames   36.38 ms/frame  ->  27.5 FPS
   capture           4.11 ms   11.3%
   track            21.03 ms   57.8%
   ctrl+mav          0.61 ms    1.7%
   hud               3.86 ms   10.6%
   display           6.77 ms   18.6%
     detect          0.00 ms  (sub)
     tracker         0.00 ms  (sub)
[PROF 09:40:41]  49 frames   34.59 ms/frame  ->  28.9 FPS
   capture           3.90 ms   11.3%
   track            19.49 ms   56.3%
   ctrl+mav          0.57 ms    1.7%
   hud               3.83 ms   11.1%
   display           6.80 ms   19.7%
     detect          0.00 ms  (sub)
     tracker         0.00 ms  (sub)
[PROF 09:40:43]  52 frames   34.71 ms/frame  ->  28.8 FPS
   capture           3.89 ms   11.2%
   track            20.18 ms   58.1%
   ctrl+mav          0.55 ms    1.6%
   hud               3.62 ms   10.4%
   display           6.48 ms   18.7%
     detect          0.00 ms  (sub)
     tracker         0.00 ms  (sub)
[PROF 09:40:45]  46 frames   35.34 ms/frame  ->  28.3 FPS
   capture           4.17 ms   11.8%
   track            19.87 ms   56.2%
   ctrl+mav          0.57 ms    1.6%
   hud               3.96 ms   11.2%
   display           6.77 ms   19.2%
     detect          0.00 ms  (sub)
     tracker         0.00 ms  (sub)
[PROF 09:40:47]  52 frames   34.51 ms/frame  ->  29.0 FPS
   capture           4.00 ms   11.6%
   track            19.38 ms   56.2%
   ctrl+mav          0.57 ms    1.6%
   hud               3.87 ms   11.2%
   display           6.69 ms   19.4%
     detect          0.00 ms  (sub)
     tracker         0.00 ms  (sub)
[PROF 09:40:49]  49 frames   34.77 ms/frame  ->  28.8 FPS
   capture           3.89 ms   11.2%
   track            19.91 ms   57.2%
   ctrl+mav          0.58 ms    1.7%
   hud               3.68 ms   10.6%
   display           6.72 ms   19.3%
     detect          0.00 ms  (sub)
     tracker         0.00 ms  (sub)
[PROF 09:40:51]  50 frames   33.96 ms/frame  ->  29.4 FPS
   capture           3.72 ms   11.0%
   track            19.66 ms   57.9%
   ctrl+mav          0.58 ms    1.7%
   hud               3.63 ms   10.7%
   display           6.36 ms   18.7%
     detect          0.00 ms  (sub)
     tracker         0.00 ms  (sub)
[PROF 09:40:53]  28 frames   67.76 ms/frame  ->  14.8 FPS
   capture           3.55 ms    5.2%
   track            53.80 ms   79.4%
   ctrl+mav          0.62 ms    0.9%
   hud               3.77 ms    5.6%
   display           6.03 ms    8.9%
     detect          0.00 ms  (sub)
     tracker         0.00 ms  (sub)
[PROF 09:40:55]  49 frames   35.02 ms/frame  ->  28.6 FPS
   capture           3.73 ms   10.6%
   track            19.73 ms   56.3%
   ctrl+mav          0.60 ms    1.7%
   hud               4.06 ms   11.6%
   display           6.90 ms   19.7%
     detect          0.00 ms  (sub)
     tracker         0.00 ms  (sub)
[PROF 09:40:57]  45 frames   39.26 ms/frame  ->  25.5 FPS
   capture           3.60 ms    9.2%
   track            25.05 ms   63.8%
   ctrl+mav          0.51 ms    1.3%
   hud               3.80 ms    9.7%
   display           6.29 ms   16.0%
     detect          0.00 ms  (sub)
     tracker         0.00 ms  (sub)
[PROF 09:40:59]  43 frames   43.04 ms/frame  ->  23.2 FPS
   capture           3.88 ms    9.0%
   track            28.46 ms   66.1%
   ctrl+mav          0.50 ms    1.2%
   hud               3.93 ms    9.1%
   display           6.27 ms   14.6%
     detect          0.00 ms  (sub)
     tracker         0.00 ms  (sub)
[PROF 09:41:01]  37 frames   47.94 ms/frame  ->  20.9 FPS
   capture           3.95 ms    8.2%
   track            33.18 ms   69.2%
   ctrl+mav          0.56 ms    1.2%
   hud               3.99 ms    8.3%
   display           6.26 ms   13.1%
     detect          0.00 ms  (sub)
     tracker         0.00 ms  (sub)
[PROF 09:41:03]  37 frames   50.94 ms/frame  ->  19.6 FPS
   capture           3.67 ms    7.2%
   track            36.50 ms   71.7%
   ctrl+mav          0.54 ms    1.1%
   hud               3.98 ms    7.8%
   display           6.25 ms   12.3%
     detect          0.00 ms  (sub)
     tracker         0.00 ms  (sub)
[PROF 09:41:05]  32 frames   62.13 ms/frame  ->  16.1 FPS
   capture           3.77 ms    6.1%
   track            47.34 ms   76.2%
   ctrl+mav          0.60 ms    1.0%
   hud               4.05 ms    6.5%
   display           6.35 ms   10.2%
     detect          0.00 ms  (sub)
     tracker         0.00 ms  (sub)
[PROF 09:41:07]  37 frames   51.44 ms/frame  ->  19.4 FPS
   capture           3.70 ms    7.2%
   track            36.64 ms   71.2%
   ctrl+mav          0.63 ms    1.2%
   hud               3.84 ms    7.5%
   display           6.62 ms   12.9%
     detect          0.00 ms  (sub)
     tracker         0.00 ms  (sub)
[PROF 09:41:09]  43 frames   44.58 ms/frame  ->  22.4 FPS
   capture           3.63 ms    8.1%
   track            29.92 ms   67.1%
   ctrl+mav          0.56 ms    1.3%
   hud               4.02 ms    9.0%
   display           6.44 ms   14.5%
     detect          0.00 ms  (sub)
     tracker         0.00 ms  (sub)
[PROF 09:41:11]  41 frames   44.56 ms/frame  ->  22.4 FPS
   capture           3.71 ms    8.3%
   track            29.64 ms   66.5%
   ctrl+mav          0.69 ms    1.5%
   hud               4.07 ms    9.1%
   display           6.45 ms   14.5%
     detect          0.00 ms  (sub)
     tracker         0.00 ms  (sub)
[PROF 09:41:13]  38 frames   50.20 ms/frame  ->  19.9 FPS
   capture           4.18 ms    8.3%
   track            29.97 ms   59.7%
   ctrl+mav          1.44 ms    2.9%
   hud               4.09 ms    8.1%
   display          10.52 ms   21.0%
     detect          0.00 ms  (sub)
     tracker         0.00 ms  (sub)
[PROF 09:41:15]  39 frames   49.72 ms/frame  ->  20.1 FPS
   capture           4.74 ms    9.5%
   track            29.05 ms   58.4%
   ctrl+mav          0.71 ms    1.4%
   hud               3.84 ms    7.7%
   display          11.36 ms   22.9%
     detect          0.00 ms  (sub)
     tracker         0.00 ms  (sub)
[PROF 09:41:17]  38 frames   49.83 ms/frame  ->  20.1 FPS
   capture           4.47 ms    9.0%
   track            28.50 ms   57.2%
   ctrl+mav          0.63 ms    1.3%
   hud               3.94 ms    7.9%
   display          12.29 ms   24.7%
     detect          0.00 ms  (sub)
     tracker         0.00 ms  (sub)
[PROF 09:41:19]  30 frames   62.68 ms/frame  ->  16.0 FPS
   capture           4.07 ms    6.5%
   track            42.70 ms   68.1%
   ctrl+mav          0.74 ms    1.2%
   hud               3.84 ms    6.1%
   display          11.33 ms   18.1%
     detect          0.00 ms  (sub)
     tracker         0.00 ms  (sub)
[PROF 09:41:21]  35 frames   54.53 ms/frame  ->  18.3 FPS
   capture           4.59 ms    8.4%
   track            32.98 ms   60.5%
   ctrl+mav          0.76 ms    1.4%
   hud               4.06 ms    7.4%
   display          12.14 ms   22.3%
     detect          0.00 ms  (sub)
     tracker         0.00 ms  (sub)
[PROF 09:41:23]  32 frames   61.29 ms/frame  ->  16.3 FPS
   capture           4.88 ms    8.0%
   track            40.41 ms   65.9%
   ctrl+mav          0.78 ms    1.3%
   hud               4.37 ms    7.1%
   display          10.85 ms   17.7%
     detect          0.00 ms  (sub)
     tracker         0.00 ms  (sub)
[PROF 09:41:25]  37 frames   54.98 ms/frame  ->  18.2 FPS
   capture           4.85 ms    8.8%
   track            33.28 ms   60.5%
   ctrl+mav          0.72 ms    1.3%
   hud               3.85 ms    7.0%
   display          12.28 ms   22.3%
     detect          0.00 ms  (sub)
     tracker         0.00 ms  (sub)
[PROF 09:41:27]  33 frames   60.16 ms/frame  ->  16.6 FPS
   capture           5.07 ms    8.4%
   track            37.83 ms   62.9%
   ctrl+mav          0.75 ms    1.2%
   hud               4.38 ms    7.3%
   display          12.13 ms   20.2%
     detect          0.00 ms  (sub)
     tracker         0.00 ms  (sub)
[PROF 09:41:29]  30 frames   67.86 ms/frame  ->  14.7 FPS
   capture           4.89 ms    7.2%
   track            45.70 ms   67.3%
   ctrl+mav          0.82 ms    1.2%
   hud               4.33 ms    6.4%
   display          12.12 ms   17.9%
     detect          0.00 ms  (sub)
     tracker         0.00 ms  (sub)
[PROF 09:41:31]  23 frames   88.55 ms/frame  ->  11.3 FPS
   capture           4.60 ms    5.2%
   track            67.13 ms   75.8%
   ctrl+mav          0.90 ms    1.0%
   hud               4.06 ms    4.6%
   display          11.86 ms   13.4%
     detect          0.00 ms  (sub)
     tracker         0.00 ms  (sub)
[PROF 09:41:33]  13 frames  164.30 ms/frame  ->   6.1 FPS
   capture           4.29 ms    2.6%
   track           143.11 ms   87.1%
   ctrl+mav          1.17 ms    0.7%
   hud               3.77 ms    2.3%
   display          11.97 ms    7.3%
     detect          0.00 ms  (sub)
     tracker         0.00 ms  (sub)
[PROF 09:41:37]   5 frames  680.88 ms/frame  ->   1.5 FPS
   capture           4.21 ms    0.6%
   track           658.03 ms   96.6%
   ctrl+mav          3.66 ms    0.5%
   hud               3.66 ms    0.5%
   display          11.33 ms    1.7%
     detect          0.00 ms  (sub)
     tracker         0.00 ms  (sub)
[PROF 09:41:40]   2 frames  1663.94 ms/frame  ->   0.6 FPS
   capture           4.69 ms    0.3%
   track          1635.88 ms   98.3%
   ctrl+mav          8.10 ms    0.5%
   hud               4.02 ms    0.2%
   display          11.26 ms    0.7%
     detect          0.00 ms  (sub)
     tracker         0.00 ms  (sub)
[PROF 09:41:43]   1 frames  2575.73 ms/frame  ->   0.4 FPS
   capture           3.41 ms    0.1%
   track          2545.28 ms   98.8%
   ctrl+mav         13.03 ms    0.5%
   hud               3.55 ms    0.1%
   display          10.46 ms    0.4%
     detect          0.00 ms  (sub)
     tracker         0.00 ms  (sub)
