# pipeline profile — started 2026-07-21 09:19:59
[PROF 09:19:59]   1 frames   35.02 ms/frame  ->  28.6 FPS
   capture           3.20 ms    9.1%
   track            18.48 ms   52.8%
   ctrl+mav          0.45 ms    1.3%
   hud               4.54 ms   13.0%
   display           8.35 ms   23.8%
     detect          0.00 ms  (sub)
     tracker         0.00 ms  (sub)
[PROF 09:20:01]  49 frames   34.25 ms/frame  ->  29.2 FPS
   capture           3.60 ms   10.5%
   track            19.53 ms   57.0%
   ctrl+mav          0.51 ms    1.5%
   hud               3.61 ms   10.5%
   display           7.00 ms   20.4%
     detect          0.00 ms  (sub)
     tracker         0.00 ms  (sub)
[PROF 09:20:03]  51 frames   36.23 ms/frame  ->  27.6 FPS
   capture           3.87 ms   10.7%
   track            19.29 ms   53.2%
   ctrl+mav          2.86 ms    7.9%
   hud               3.58 ms    9.9%
   display           6.63 ms   18.3%
     detect          0.00 ms  (sub)
     tracker         0.00 ms  (sub)
[PROF 09:20:05]  54 frames   34.54 ms/frame  ->  29.0 FPS
   capture           3.69 ms   10.7%
   track            19.84 ms   57.4%
   ctrl+mav          0.55 ms    1.6%
   hud               3.65 ms   10.6%
   display           6.80 ms   19.7%
     detect          0.00 ms  (sub)
     tracker         0.00 ms  (sub)
[PROF 09:20:07]  49 frames   33.23 ms/frame  ->  30.1 FPS
   capture           4.11 ms   12.4%
   track            18.12 ms   54.5%
   ctrl+mav          0.52 ms    1.6%
   hud               3.82 ms   11.5%
   display           6.65 ms   20.0%
     detect          0.00 ms  (sub)
     tracker         0.00 ms  (sub)
[PROF 09:20:09]  34 frames   54.59 ms/frame  ->  18.3 FPS
   capture           3.55 ms    6.5%
   track            39.91 ms   73.1%
   ctrl+mav          0.55 ms    1.0%
   hud               3.99 ms    7.3%
   display           6.57 ms   12.0%
     detect          0.00 ms  (sub)
     tracker         0.00 ms  (sub)
[PROF 09:20:11]  45 frames   41.72 ms/frame  ->  24.0 FPS
   capture           3.63 ms    8.7%
   track            26.71 ms   64.0%
   ctrl+mav          0.54 ms    1.3%
   hud               4.07 ms    9.8%
   display           6.77 ms   16.2%
     detect          0.00 ms  (sub)
     tracker         0.00 ms  (sub)
[PROF 09:20:13]  44 frames   42.29 ms/frame  ->  23.6 FPS
   capture           3.32 ms    7.9%
   track            27.67 ms   65.4%
   ctrl+mav          0.64 ms    1.5%
   hud               4.24 ms   10.0%
   display           6.42 ms   15.2%
     detect          0.00 ms  (sub)
     tracker         0.00 ms  (sub)
[PROF 09:20:15]  50 frames   35.31 ms/frame  ->  28.3 FPS
   capture           3.84 ms   10.9%
   track            19.34 ms   54.8%
   ctrl+mav          0.49 ms    1.4%
   hud               4.39 ms   12.4%
   display           7.24 ms   20.5%
     detect          0.00 ms  (sub)
     tracker         0.00 ms  (sub)
[PROF 09:20:17]  51 frames   34.80 ms/frame  ->  28.7 FPS
   capture           4.17 ms   12.0%
   track            19.33 ms   55.5%
   ctrl+mav          0.56 ms    1.6%
   hud               4.06 ms   11.7%
   display           6.68 ms   19.2%
     detect          0.00 ms  (sub)
     tracker         0.00 ms  (sub)
[PROF 09:20:19]  50 frames   34.96 ms/frame  ->  28.6 FPS
   capture           3.89 ms   11.1%
   track            19.62 ms   56.1%
   ctrl+mav          0.57 ms    1.6%
   hud               4.11 ms   11.8%
   display           6.77 ms   19.4%
     detect          0.00 ms  (sub)
     tracker         0.00 ms  (sub)
[PROF 09:20:21]  43 frames   35.56 ms/frame  ->  28.1 FPS
   capture           3.72 ms   10.5%
   track            20.40 ms   57.4%
   ctrl+mav          0.53 ms    1.5%
   hud               4.05 ms   11.4%
   display           6.87 ms   19.3%
     detect          0.00 ms  (sub)
     tracker         0.00 ms  (sub)
[PROF 09:20:23]  48 frames   35.14 ms/frame  ->  28.5 FPS
   capture           3.96 ms   11.3%
   track            19.58 ms   55.7%
   ctrl+mav          0.62 ms    1.8%
   hud               4.21 ms   12.0%
   display           6.77 ms   19.3%
     detect          0.00 ms  (sub)
     tracker         0.00 ms  (sub)
[PROF 09:20:25]  49 frames   34.80 ms/frame  ->  28.7 FPS
   capture           4.23 ms   12.2%
   track            19.14 ms   55.0%
   ctrl+mav          0.53 ms    1.5%
   hud               4.20 ms   12.1%
   display           6.70 ms   19.2%
     detect          0.00 ms  (sub)
     tracker         0.00 ms  (sub)
[PROF 09:20:27]  50 frames   34.01 ms/frame  ->  29.4 FPS
   capture           3.68 ms   10.8%
   track            18.99 ms   55.8%
   ctrl+mav          0.54 ms    1.6%
   hud               4.25 ms   12.5%
   display           6.56 ms   19.3%
     detect          0.00 ms  (sub)
     tracker         0.00 ms  (sub)
[PROF 09:20:29]  44 frames   35.94 ms/frame  ->  27.8 FPS
   capture           4.06 ms   11.3%
   track            20.19 ms   56.2%
   ctrl+mav          0.64 ms    1.8%
   hud               4.20 ms   11.7%
   display           6.87 ms   19.1%
     detect          0.00 ms  (sub)
     tracker         0.00 ms  (sub)
[PROF 09:20:31]  43 frames   36.48 ms/frame  ->  27.4 FPS
   capture           4.02 ms   11.0%
   track            20.67 ms   56.7%
   ctrl+mav          0.59 ms    1.6%
   hud               4.36 ms   12.0%
   display           6.84 ms   18.7%
     detect          0.00 ms  (sub)
     tracker         0.00 ms  (sub)
[PROF 09:20:33]  52 frames   33.66 ms/frame  ->  29.7 FPS
   capture           3.85 ms   11.4%
   track            17.99 ms   53.4%
   ctrl+mav          0.59 ms    1.8%
   hud               4.15 ms   12.3%
   display           7.09 ms   21.1%
     detect          0.00 ms  (sub)
     tracker         0.00 ms  (sub)
[PROF 09:20:35]  33 frames   57.32 ms/frame  ->  17.4 FPS
   capture           3.77 ms    6.6%
   track            42.18 ms   73.6%
   ctrl+mav          0.67 ms    1.2%
   hud               4.31 ms    7.5%
   display           6.40 ms   11.2%
     detect          0.00 ms  (sub)
     tracker         0.00 ms  (sub)
[PROF 09:20:37]  33 frames   59.42 ms/frame  ->  16.8 FPS
   capture           3.75 ms    6.3%
   track            44.49 ms   74.9%
   ctrl+mav          0.58 ms    1.0%
   hud               4.00 ms    6.7%
   display           6.59 ms   11.1%
     detect          0.00 ms  (sub)
     tracker         0.00 ms  (sub)
[PROF 09:20:39]  53 frames   34.56 ms/frame  ->  28.9 FPS
   capture           3.74 ms   10.8%
   track            19.42 ms   56.2%
   ctrl+mav          0.61 ms    1.8%
   hud               4.06 ms   11.8%
   display           6.73 ms   19.5%
     detect          0.00 ms  (sub)
     tracker         0.00 ms  (sub)
[PROF 09:20:41]  48 frames   35.01 ms/frame  ->  28.6 FPS
   capture           4.12 ms   11.8%
   track            20.09 ms   57.4%
   ctrl+mav          0.56 ms    1.6%
   hud               3.91 ms   11.2%
   display           6.33 ms   18.1%
     detect          0.00 ms  (sub)
     tracker         0.00 ms  (sub)
[PROF 09:20:44]  51 frames   34.08 ms/frame  ->  29.3 FPS
   capture           3.55 ms   10.4%
   track            19.25 ms   56.5%
   ctrl+mav          0.55 ms    1.6%
   hud               4.20 ms   12.3%
   display           6.53 ms   19.1%
     detect          0.00 ms  (sub)
     tracker         0.00 ms  (sub)
[PROF 09:20:46]  48 frames   34.37 ms/frame  ->  29.1 FPS
   capture           3.96 ms   11.5%
   track            19.41 ms   56.5%
   ctrl+mav          0.50 ms    1.5%
   hud               4.02 ms   11.7%
   display           6.48 ms   18.8%
     detect          0.00 ms  (sub)
     tracker         0.00 ms  (sub)
[PROF 09:20:48]  49 frames   34.66 ms/frame  ->  28.8 FPS
   capture           3.74 ms   10.8%
   track            19.56 ms   56.4%
   ctrl+mav          0.64 ms    1.8%
   hud               4.07 ms   11.7%
   display           6.65 ms   19.2%
     detect          0.00 ms  (sub)
     tracker         0.00 ms  (sub)
[PROF 09:20:50]  48 frames   34.99 ms/frame  ->  28.6 FPS
   capture           3.98 ms   11.4%
   track            19.28 ms   55.1%
   ctrl+mav          0.70 ms    2.0%
   hud               4.06 ms   11.6%
   display           6.97 ms   19.9%
     detect          0.00 ms  (sub)
     tracker         0.00 ms  (sub)
[PROF 09:20:52]  47 frames   34.76 ms/frame  ->  28.8 FPS
   capture           4.04 ms   11.6%
   track            19.80 ms   57.0%
   ctrl+mav          0.53 ms    1.5%
   hud               3.80 ms   10.9%
   display           6.59 ms   19.0%
     detect          0.00 ms  (sub)
     tracker         0.00 ms  (sub)
[PROF 09:20:54]  50 frames   35.04 ms/frame  ->  28.5 FPS
   capture           4.03 ms   11.5%
   track            19.68 ms   56.2%
   ctrl+mav          0.57 ms    1.6%
   hud               3.91 ms   11.2%
   display           6.85 ms   19.5%
     detect          0.00 ms  (sub)
     tracker         0.00 ms  (sub)
[PROF 09:20:56]  49 frames   35.18 ms/frame  ->  28.4 FPS
   capture           3.61 ms   10.2%
   track            20.45 ms   58.1%
   ctrl+mav          0.60 ms    1.7%
   hud               4.01 ms   11.4%
   display           6.50 ms   18.5%
     detect          0.00 ms  (sub)
     tracker         0.00 ms  (sub)
[PROF 09:20:58]  50 frames   33.94 ms/frame  ->  29.5 FPS
   capture           3.79 ms   11.2%
   track            19.25 ms   56.7%
   ctrl+mav          0.53 ms    1.6%
   hud               3.89 ms   11.5%
   display           6.48 ms   19.1%
     detect          0.00 ms  (sub)
     tracker         0.00 ms  (sub)
[PROF 09:21:00]  45 frames   41.21 ms/frame  ->  24.3 FPS
   capture           3.74 ms    9.1%
   track            26.07 ms   63.3%
   ctrl+mav          0.61 ms    1.5%
   hud               4.26 ms   10.3%
   display           6.53 ms   15.8%
     detect          0.00 ms  (sub)
     tracker         0.00 ms  (sub)
[PROF 09:21:02]  34 frames   52.73 ms/frame  ->  19.0 FPS
   capture           4.17 ms    7.9%
   track            37.05 ms   70.3%
   ctrl+mav          0.68 ms    1.3%
   hud               3.87 ms    7.3%
   display           6.96 ms   13.2%
     detect          0.00 ms  (sub)
     tracker         0.00 ms  (sub)
[PROF 09:21:04]  52 frames   34.84 ms/frame  ->  28.7 FPS
   capture           4.05 ms   11.6%
   track            19.10 ms   54.8%
   ctrl+mav          0.55 ms    1.6%
   hud               4.27 ms   12.2%
   display           6.88 ms   19.8%
     detect          0.00 ms  (sub)
     tracker         0.00 ms  (sub)
[PROF 09:21:06]  53 frames   33.98 ms/frame  ->  29.4 FPS
   capture           3.95 ms   11.6%
   track            19.00 ms   55.9%
   ctrl+mav          0.56 ms    1.6%
   hud               3.88 ms   11.4%
   display           6.61 ms   19.4%
     detect          0.00 ms  (sub)
     tracker         0.00 ms  (sub)
[PROF 09:21:08]  44 frames   39.09 ms/frame  ->  25.6 FPS
   capture           3.80 ms    9.7%
   track            24.45 ms   62.5%
   ctrl+mav          0.55 ms    1.4%
   hud               3.94 ms   10.1%
   display           6.34 ms   16.2%
     detect          0.00 ms  (sub)
     tracker         0.00 ms  (sub)
[PROF 09:21:10]  47 frames   35.67 ms/frame  ->  28.0 FPS
   capture           3.62 ms   10.2%
   track            20.15 ms   56.5%
   ctrl+mav          0.60 ms    1.7%
   hud               4.39 ms   12.3%
   display           6.91 ms   19.4%
     detect          0.00 ms  (sub)
     tracker         0.00 ms  (sub)
[PROF 09:21:12]  47 frames   34.86 ms/frame  ->  28.7 FPS
   capture           3.74 ms   10.7%
   track            19.45 ms   55.8%
   ctrl+mav          0.53 ms    1.5%
   hud               4.41 ms   12.6%
   display           6.73 ms   19.3%
     detect          0.00 ms  (sub)
     tracker         0.00 ms  (sub)
[PROF 09:21:14]  43 frames   40.58 ms/frame  ->  24.6 FPS
   capture           3.93 ms    9.7%
   track            25.41 ms   62.6%
   ctrl+mav          0.53 ms    1.3%
   hud               4.26 ms   10.5%
   display           6.46 ms   15.9%
     detect          0.00 ms  (sub)
     tracker         0.00 ms  (sub)
[PROF 09:21:16]  37 frames   47.03 ms/frame  ->  21.3 FPS
   capture           4.08 ms    8.7%
   track            31.09 ms   66.1%
   ctrl+mav          0.53 ms    1.1%
   hud               4.36 ms    9.3%
   display           6.97 ms   14.8%
     detect          0.00 ms  (sub)
     tracker         0.00 ms  (sub)
[PROF 09:21:18]  31 frames   59.36 ms/frame  ->  16.8 FPS
   capture           3.93 ms    6.6%
   track            37.29 ms   62.8%
   ctrl+mav          2.94 ms    5.0%
   hud               4.14 ms    7.0%
   display          11.07 ms   18.6%
     detect          0.00 ms  (sub)
     tracker         0.00 ms  (sub)
[PROF 09:21:20]  35 frames   56.42 ms/frame  ->  17.7 FPS
   capture           4.84 ms    8.6%
   track            34.30 ms   60.8%
   ctrl+mav          0.71 ms    1.3%
   hud               4.30 ms    7.6%
   display          12.27 ms   21.8%
     detect          0.00 ms  (sub)
     tracker         0.00 ms  (sub)
[PROF 09:21:22]  35 frames   53.55 ms/frame  ->  18.7 FPS
   capture           4.56 ms    8.5%
   track            30.93 ms   57.8%
   ctrl+mav          0.71 ms    1.3%
   hud               4.57 ms    8.5%
   display          12.77 ms   23.8%
     detect          0.00 ms  (sub)
     tracker         0.00 ms  (sub)
[PROF 09:21:24]  32 frames   61.40 ms/frame  ->  16.3 FPS
   capture           4.51 ms    7.3%
   track            39.14 ms   63.8%
   ctrl+mav          0.79 ms    1.3%
   hud               4.29 ms    7.0%
   display          12.66 ms   20.6%
     detect          0.00 ms  (sub)
     tracker         0.00 ms  (sub)
[PROF 09:21:26]  28 frames   68.81 ms/frame  ->  14.5 FPS
   capture           4.18 ms    6.1%
   track            48.30 ms   70.2%
   ctrl+mav          0.84 ms    1.2%
   hud               4.12 ms    6.0%
   display          11.37 ms   16.5%
     detect          0.00 ms  (sub)
     tracker         0.00 ms  (sub)
[PROF 09:21:28]  31 frames   62.90 ms/frame  ->  15.9 FPS
   capture           4.96 ms    7.9%
   track            40.64 ms   64.6%
   ctrl+mav          0.79 ms    1.3%
   hud               4.19 ms    6.7%
   display          12.32 ms   19.6%
     detect          0.00 ms  (sub)
     tracker         0.00 ms  (sub)
[PROF 09:21:30]  29 frames   68.20 ms/frame  ->  14.7 FPS
   capture           4.76 ms    7.0%
   track            46.46 ms   68.1%
   ctrl+mav          0.83 ms    1.2%
   hud               4.20 ms    6.2%
   display          11.94 ms   17.5%
     detect          0.00 ms  (sub)
     tracker         0.00 ms  (sub)
[PROF 09:21:32]  33 frames   59.90 ms/frame  ->  16.7 FPS
   capture           4.84 ms    8.1%
   track            37.59 ms   62.7%
   ctrl+mav          0.76 ms    1.3%
   hud               4.15 ms    6.9%
   display          12.57 ms   21.0%
     detect          0.00 ms  (sub)
     tracker         0.00 ms  (sub)
[PROF 09:21:34]  33 frames   57.70 ms/frame  ->  17.3 FPS
   capture           4.75 ms    8.2%
   track            36.19 ms   62.7%
   ctrl+mav          0.70 ms    1.2%
   hud               4.13 ms    7.2%
   display          11.93 ms   20.7%
     detect          0.00 ms  (sub)
     tracker         0.00 ms  (sub)
[PROF 09:21:36]  30 frames   62.04 ms/frame  ->  16.1 FPS
   capture           4.41 ms    7.1%
   track            41.30 ms   66.6%
   ctrl+mav          0.68 ms    1.1%
   hud               4.21 ms    6.8%
   display          11.44 ms   18.4%
     detect          0.00 ms  (sub)
     tracker         0.00 ms  (sub)
[PROF 09:21:38]  27 frames   73.89 ms/frame  ->  13.5 FPS
   capture           5.00 ms    6.8%
   track            51.68 ms   69.9%
   ctrl+mav          0.84 ms    1.1%
   hud               4.44 ms    6.0%
   display          11.92 ms   16.1%
     detect          0.00 ms  (sub)
     tracker         0.00 ms  (sub)
[PROF 09:21:40]  26 frames   77.84 ms/frame  ->  12.8 FPS
   capture           4.50 ms    5.8%
   track            56.48 ms   72.6%
   ctrl+mav          0.81 ms    1.0%
   hud               3.97 ms    5.1%
   display          12.07 ms   15.5%
     detect          0.00 ms  (sub)
     tracker         0.00 ms  (sub)
[PROF 09:21:42]  20 frames  104.35 ms/frame  ->   9.6 FPS
   capture           4.41 ms    4.2%
   track            82.18 ms   78.8%
   ctrl+mav          1.02 ms    1.0%
   hud               3.97 ms    3.8%
   display          12.76 ms   12.2%
     detect          0.00 ms  (sub)
     tracker         0.00 ms  (sub)
[PROF 09:21:44]  10 frames  204.44 ms/frame  ->   4.9 FPS
   capture           6.25 ms    3.1%
   track           180.29 ms   88.2%
   ctrl+mav          1.37 ms    0.7%
   hud               3.91 ms    1.9%
   display          12.62 ms    6.2%
     detect          0.00 ms  (sub)
     tracker         0.00 ms  (sub)
[PROF 09:21:46]   3 frames  692.08 ms/frame  ->   1.4 FPS
   capture           4.63 ms    0.7%
   track           669.37 ms   96.7%
   ctrl+mav          3.40 ms    0.5%
   hud               3.75 ms    0.5%
   display          10.93 ms    1.6%
     detect          0.00 ms  (sub)
     tracker         0.00 ms  (sub)
[PROF 09:21:49]   3 frames  947.19 ms/frame  ->   1.1 FPS
   capture           4.03 ms    0.4%
   track           924.57 ms   97.6%
   ctrl+mav          4.63 ms    0.5%
   hud               3.63 ms    0.4%
   display          10.32 ms    1.1%
     detect          0.00 ms  (sub)
     tracker         0.00 ms  (sub)
[PROF 09:21:51]   2 frames  1060.79 ms/frame  ->   0.9 FPS
   capture           7.81 ms    0.7%
   track          1033.76 ms   97.5%
   ctrl+mav          6.06 ms    0.6%
   hud               3.92 ms    0.4%
   display           9.24 ms    0.9%
     detect          0.00 ms  (sub)
     tracker         0.00 ms  (sub)
