# pipeline profile — started 2026-08-27 08:55:48
[PROF 08:55:48]   6 frames   22.56 ms/frame  ->  44.3 FPS
   capture           3.74 ms   16.6%
   track             5.91 ms   26.2%
   ctrl+mav          0.77 ms    3.4%
   hud               3.84 ms   17.0%
   display           8.30 ms   36.8%
     detect          5.34 ms  (sub)
     tracker         0.00 ms  (sub)
     hud:overlay     0.77 ms  (sub)
     hud:setup       0.11 ms  (sub)
     hud:ladder      0.10 ms  (sub)
     hud:warp        1.67 ms  (sub)
     hud:arc         0.05 ms  (sub)
     hud:blend       0.75 ms  (sub)
     hud:yaw         0.30 ms  (sub)
     hud:cross       0.05 ms  (sub)
     disp:record     0.00 ms  (sub)
     disp:imshow     1.58 ms  (sub)
     disp:waitkey    6.68 ms  (sub)
[PROF 08:55:50]  47 frames   17.86 ms/frame  ->  56.0 FPS
   capture           3.19 ms   17.9%
   track             5.75 ms   32.2%
   ctrl+mav          0.43 ms    2.4%
   hud               3.65 ms   20.5%
   display           4.84 ms   27.1%
     detect          5.20 ms  (sub)
     tracker         0.00 ms  (sub)
     hud:overlay     0.68 ms  (sub)
     hud:setup       0.08 ms  (sub)
     hud:ladder      0.09 ms  (sub)
     hud:warp        1.58 ms  (sub)
     hud:arc         0.05 ms  (sub)
     hud:blend       0.77 ms  (sub)
     hud:yaw         0.30 ms  (sub)
     hud:cross       0.07 ms  (sub)
     disp:record     0.00 ms  (sub)
     disp:imshow     0.63 ms  (sub)
     disp:waitkey    4.17 ms  (sub)
[PROF 08:55:52]  59 frames   16.83 ms/frame  ->  59.4 FPS
   capture           2.85 ms   16.9%
   track             5.23 ms   31.1%
   ctrl+mav          0.29 ms    1.7%
   hud               3.53 ms   21.0%
   display           4.94 ms   29.3%
     detect          4.75 ms  (sub)
     tracker         0.00 ms  (sub)
     hud:overlay     0.65 ms  (sub)
     hud:setup       0.08 ms  (sub)
     hud:ladder      0.09 ms  (sub)
     hud:warp        1.52 ms  (sub)
     hud:arc         0.05 ms  (sub)
     hud:blend       0.76 ms  (sub)
     hud:yaw         0.30 ms  (sub)
     hud:cross       0.05 ms  (sub)
     disp:record     0.00 ms  (sub)
     disp:imshow     0.57 ms  (sub)
     disp:waitkey    4.33 ms  (sub)
[PROF 08:55:54]  58 frames   16.74 ms/frame  ->  59.7 FPS
   capture           2.75 ms   16.5%
   track             5.13 ms   30.7%
   ctrl+mav          0.28 ms    1.7%
   hud               3.65 ms   21.8%
   display           4.92 ms   29.4%
     detect          4.71 ms  (sub)
     tracker         0.00 ms  (sub)
     hud:overlay     0.70 ms  (sub)
     hud:setup       0.08 ms  (sub)
     hud:ladder      0.09 ms  (sub)
     hud:warp        1.53 ms  (sub)
     hud:arc         0.05 ms  (sub)
     hud:blend       0.83 ms  (sub)
     hud:yaw         0.30 ms  (sub)
     hud:cross       0.04 ms  (sub)
     disp:record     0.00 ms  (sub)
     disp:imshow     0.64 ms  (sub)
     disp:waitkey    4.25 ms  (sub)
[PROF 08:55:56]  48 frames   17.15 ms/frame  ->  58.3 FPS
   capture           2.87 ms   16.7%
   track             5.48 ms   32.0%
   ctrl+mav          0.30 ms    1.8%
   hud               3.76 ms   21.9%
   display           4.74 ms   27.7%
     detect          5.02 ms  (sub)
     tracker         0.00 ms  (sub)
     hud:overlay     0.67 ms  (sub)
     hud:setup       0.08 ms  (sub)
     hud:ladder      0.11 ms  (sub)
     hud:warp        1.60 ms  (sub)
     hud:arc         0.06 ms  (sub)
     hud:blend       0.84 ms  (sub)
     hud:yaw         0.32 ms  (sub)
     hud:cross       0.04 ms  (sub)
     disp:record     0.00 ms  (sub)
     disp:imshow     0.52 ms  (sub)
     disp:waitkey    4.19 ms  (sub)
[PROF 08:55:58]  35 frames   20.33 ms/frame  ->  49.2 FPS
   capture           2.91 ms   14.3%
   track             5.92 ms   29.1%
   ctrl+mav          0.39 ms    1.9%
   hud               3.58 ms   17.6%
   display           7.52 ms   37.0%
     detect          5.42 ms  (sub)
     tracker         0.00 ms  (sub)
     hud:overlay     0.66 ms  (sub)
     hud:setup       0.09 ms  (sub)
     hud:ladder      0.09 ms  (sub)
     hud:warp        1.55 ms  (sub)
     hud:arc         0.05 ms  (sub)
     hud:blend       0.76 ms  (sub)
     hud:yaw         0.31 ms  (sub)
     hud:cross       0.04 ms  (sub)
     disp:record     0.00 ms  (sub)
     disp:imshow     0.48 ms  (sub)
     disp:waitkey    7.01 ms  (sub)
[PROF 08:56:00]  28 frames   17.49 ms/frame  ->  57.2 FPS
   capture           2.95 ms   16.9%
   track             5.64 ms   32.3%
   ctrl+mav          0.33 ms    1.9%
   hud               3.60 ms   20.6%
   display           4.97 ms   28.4%
     detect          5.20 ms  (sub)
     tracker         0.00 ms  (sub)
     hud:overlay     0.64 ms  (sub)
     hud:setup       0.10 ms  (sub)
     hud:ladder      0.10 ms  (sub)
     hud:warp        1.52 ms  (sub)
     hud:arc         0.07 ms  (sub)
     hud:blend       0.79 ms  (sub)
     hud:yaw         0.31 ms  (sub)
     hud:cross       0.04 ms  (sub)
     disp:record     0.00 ms  (sub)
     disp:imshow     0.56 ms  (sub)
     disp:waitkey    4.37 ms  (sub)
[PROF 08:56:02]  41 frames   17.34 ms/frame  ->  57.7 FPS
   capture           2.85 ms   16.4%
   track             5.59 ms   32.3%
   ctrl+mav          0.39 ms    2.2%
   hud               3.59 ms   20.7%
   display           4.92 ms   28.4%
     detect          5.11 ms  (sub)
     tracker         0.00 ms  (sub)
     hud:overlay     0.64 ms  (sub)
     hud:setup       0.09 ms  (sub)
     hud:ladder      0.09 ms  (sub)
     hud:warp        1.51 ms  (sub)
     hud:arc         0.05 ms  (sub)
     hud:blend       0.81 ms  (sub)
     hud:yaw         0.32 ms  (sub)
     hud:cross       0.04 ms  (sub)
     disp:record     0.00 ms  (sub)
     disp:imshow     0.55 ms  (sub)
     disp:waitkey    4.33 ms  (sub)
[PROF 08:56:04]  61 frames   16.95 ms/frame  ->  59.0 FPS
   capture           2.93 ms   17.3%
   track             5.54 ms   32.7%
   ctrl+mav          0.32 ms    1.9%
   hud               3.50 ms   20.7%
   display           4.66 ms   27.5%
     detect          5.08 ms  (sub)
     tracker         0.00 ms  (sub)
     hud:overlay     0.64 ms  (sub)
     hud:setup       0.08 ms  (sub)
     hud:ladder      0.09 ms  (sub)
     hud:warp        1.51 ms  (sub)
     hud:arc         0.05 ms  (sub)
     hud:blend       0.76 ms  (sub)
     hud:yaw         0.30 ms  (sub)
     hud:cross       0.04 ms  (sub)
     disp:record     0.00 ms  (sub)
     disp:imshow     0.50 ms  (sub)
     disp:waitkey    4.12 ms  (sub)
[PROF 08:56:06]  52 frames   16.97 ms/frame  ->  58.9 FPS
   capture           2.73 ms   16.1%
   track             5.42 ms   31.9%
   ctrl+mav          0.16 ms    0.9%
   hud               3.58 ms   21.1%
   display           5.08 ms   29.9%
     detect          4.97 ms  (sub)
     tracker         0.00 ms  (sub)
     hud:overlay     0.65 ms  (sub)
     hud:setup       0.08 ms  (sub)
     hud:ladder      0.09 ms  (sub)
     hud:warp        1.48 ms  (sub)
     hud:arc         0.06 ms  (sub)
     hud:blend       0.80 ms  (sub)
     hud:yaw         0.33 ms  (sub)
     hud:cross       0.04 ms  (sub)
     disp:record     0.00 ms  (sub)
     disp:imshow     0.62 ms  (sub)
     disp:waitkey    4.43 ms  (sub)
[PROF 08:56:08]  43 frames   17.08 ms/frame  ->  58.6 FPS
   capture           3.16 ms   18.5%
   track             5.53 ms   32.4%
   ctrl+mav          0.13 ms    0.8%
   hud               3.54 ms   20.7%
   display           4.72 ms   27.6%
     detect          4.98 ms  (sub)
     tracker         0.00 ms  (sub)
     hud:overlay     0.69 ms  (sub)
     hud:setup       0.14 ms  (sub)
     hud:ladder      0.09 ms  (sub)
     hud:warp        1.43 ms  (sub)
     hud:arc         0.05 ms  (sub)
     hud:blend       0.75 ms  (sub)
     hud:yaw         0.30 ms  (sub)
     hud:cross       0.04 ms  (sub)
     disp:record     0.00 ms  (sub)
     disp:imshow     0.52 ms  (sub)
     disp:waitkey    4.16 ms  (sub)
[PROF 08:56:10]  62 frames   17.64 ms/frame  ->  56.7 FPS
   capture           3.13 ms   17.7%
   track             5.46 ms   31.0%
   ctrl+mav          0.24 ms    1.3%
   hud               3.64 ms   20.7%
   display           5.17 ms   29.3%
     detect          4.98 ms  (sub)
     tracker         0.00 ms  (sub)
     hud:overlay     0.69 ms  (sub)
     hud:setup       0.09 ms  (sub)
     hud:ladder      0.09 ms  (sub)
     hud:warp        1.58 ms  (sub)
     hud:arc         0.05 ms  (sub)
     hud:blend       0.75 ms  (sub)
     hud:yaw         0.31 ms  (sub)
     hud:cross       0.04 ms  (sub)
     disp:record     0.00 ms  (sub)
     disp:imshow     0.55 ms  (sub)
     disp:waitkey    4.58 ms  (sub)
[PROF 08:56:12]  61 frames   16.55 ms/frame  ->  60.4 FPS
   capture           2.78 ms   16.8%
   track             5.26 ms   31.8%
   ctrl+mav          0.22 ms    1.3%
   hud               3.44 ms   20.8%
   display           4.85 ms   29.3%
     detect          4.84 ms  (sub)
     tracker         0.00 ms  (sub)
     hud:overlay     0.64 ms  (sub)
     hud:setup       0.08 ms  (sub)
     hud:ladder      0.10 ms  (sub)
     hud:warp        1.46 ms  (sub)
     hud:arc         0.05 ms  (sub)
     hud:blend       0.74 ms  (sub)
     hud:yaw         0.30 ms  (sub)
     hud:cross       0.04 ms  (sub)
     disp:record     0.00 ms  (sub)
     disp:imshow     0.51 ms  (sub)
     disp:waitkey    4.31 ms  (sub)
