# pipeline profile — started 2026-08-27 09:23:27
[PROF 09:23:27]   4 frames   25.54 ms/frame  ->  39.2 FPS
   capture           5.25 ms   20.6%
   track             5.84 ms   22.9%
   ctrl+mav          1.35 ms    5.3%
   hud               3.66 ms   14.3%
   display           9.44 ms   37.0%
     detect          5.26 ms  (sub)
     tracker         0.00 ms  (sub)
     hud:overlay     0.63 ms  (sub)
     hud:setup       0.11 ms  (sub)
     hud:ladder      0.09 ms  (sub)
     hud:warp        1.44 ms  (sub)
     hud:arc         0.06 ms  (sub)
     hud:blend       0.84 ms  (sub)
     hud:yaw         0.39 ms  (sub)
     hud:cross       0.05 ms  (sub)
     disp:record     0.01 ms  (sub)
     disp:imshow     2.01 ms  (sub)
     disp:waitkey    7.37 ms  (sub)
[PROF 09:23:29]  56 frames   17.66 ms/frame  ->  56.6 FPS
   capture           2.94 ms   16.7%
   track             5.55 ms   31.4%
   ctrl+mav          0.37 ms    2.1%
   hud               3.68 ms   20.8%
   display           5.14 ms   29.1%
     detect          5.04 ms  (sub)
     tracker         0.00 ms  (sub)
     hud:overlay     0.64 ms  (sub)
     hud:setup       0.09 ms  (sub)
     hud:ladder      0.10 ms  (sub)
     hud:warp        1.58 ms  (sub)
     hud:arc         0.06 ms  (sub)
     hud:blend       0.79 ms  (sub)
     hud:yaw         0.34 ms  (sub)
     hud:cross       0.04 ms  (sub)
     disp:record     0.00 ms  (sub)
     disp:imshow     0.62 ms  (sub)
     disp:waitkey    4.48 ms  (sub)
[PROF 09:23:31]  55 frames   17.89 ms/frame  ->  55.9 FPS
   capture           3.23 ms   18.0%
   track             5.71 ms   31.9%
   ctrl+mav          0.35 ms    2.0%
   hud               3.67 ms   20.5%
   display           4.92 ms   27.5%
     detect          5.19 ms  (sub)
     tracker         0.00 ms  (sub)
     hud:overlay     0.65 ms  (sub)
     hud:setup       0.09 ms  (sub)
     hud:ladder      0.10 ms  (sub)
     hud:warp        1.59 ms  (sub)
     hud:arc         0.06 ms  (sub)
     hud:blend       0.78 ms  (sub)
     hud:yaw         0.33 ms  (sub)
     hud:cross       0.04 ms  (sub)
     disp:record     0.00 ms  (sub)
     disp:imshow     0.61 ms  (sub)
     disp:waitkey    4.28 ms  (sub)
[PROF 09:23:33]  56 frames   18.03 ms/frame  ->  55.5 FPS
   capture           3.13 ms   17.4%
   track             5.68 ms   31.5%
   ctrl+mav          0.31 ms    1.7%
   hud               3.91 ms   21.7%
   display           5.00 ms   27.7%
     detect          5.21 ms  (sub)
     tracker         0.00 ms  (sub)
     hud:overlay     0.67 ms  (sub)
     hud:setup       0.08 ms  (sub)
     hud:ladder      0.14 ms  (sub)
     hud:warp        1.68 ms  (sub)
     hud:arc         0.05 ms  (sub)
     hud:blend       0.88 ms  (sub)
     hud:yaw         0.34 ms  (sub)
     hud:cross       0.04 ms  (sub)
     disp:record     0.00 ms  (sub)
     disp:imshow     0.62 ms  (sub)
     disp:waitkey    4.34 ms  (sub)
[PROF 09:23:35]  53 frames   18.49 ms/frame  ->  54.1 FPS
   capture           3.39 ms   18.3%
   track             5.78 ms   31.2%
   ctrl+mav          0.37 ms    2.0%
   hud               4.00 ms   21.6%
   display           4.96 ms   26.8%
     detect          5.28 ms  (sub)
     tracker         0.00 ms  (sub)
     hud:overlay     0.67 ms  (sub)
     hud:setup       0.09 ms  (sub)
     hud:ladder      0.09 ms  (sub)
     hud:warp        1.80 ms  (sub)
     hud:arc         0.05 ms  (sub)
     hud:blend       0.87 ms  (sub)
     hud:yaw         0.34 ms  (sub)
     hud:cross       0.04 ms  (sub)
     disp:record     0.00 ms  (sub)
     disp:imshow     0.57 ms  (sub)
     disp:waitkey    4.35 ms  (sub)
[PROF 09:23:37]  60 frames   17.68 ms/frame  ->  56.6 FPS
   capture           3.13 ms   17.7%
   track             5.63 ms   31.9%
   ctrl+mav          0.33 ms    1.9%
   hud               3.72 ms   21.1%
   display           4.87 ms   27.5%
     detect          5.08 ms  (sub)
     tracker         0.00 ms  (sub)
     hud:overlay     0.66 ms  (sub)
     hud:setup       0.08 ms  (sub)
     hud:ladder      0.09 ms  (sub)
     hud:warp        1.60 ms  (sub)
     hud:arc         0.05 ms  (sub)
     hud:blend       0.81 ms  (sub)
     hud:yaw         0.35 ms  (sub)
     hud:cross       0.04 ms  (sub)
     disp:record     0.00 ms  (sub)
     disp:imshow     0.50 ms  (sub)
     disp:waitkey    4.33 ms  (sub)
[PROF 09:23:39]  53 frames   18.75 ms/frame  ->  53.3 FPS
   capture           3.33 ms   17.8%
   track             6.03 ms   32.2%
   ctrl+mav          0.38 ms    2.0%
   hud               4.07 ms   21.7%
   display           4.94 ms   26.3%
     detect          5.51 ms  (sub)
     tracker         0.00 ms  (sub)
     hud:overlay     0.68 ms  (sub)
     hud:setup       0.13 ms  (sub)
     hud:ladder      0.11 ms  (sub)
     hud:warp        1.79 ms  (sub)
     hud:arc         0.05 ms  (sub)
     hud:blend       0.86 ms  (sub)
     hud:yaw         0.36 ms  (sub)
     hud:cross       0.04 ms  (sub)
     disp:record     0.00 ms  (sub)
     disp:imshow     0.55 ms  (sub)
     disp:waitkey    4.34 ms  (sub)
[PROF 09:23:41]  54 frames   18.34 ms/frame  ->  54.5 FPS
   capture           3.36 ms   18.3%
   track             6.05 ms   33.0%
   ctrl+mav          0.33 ms    1.8%
   hud               3.77 ms   20.6%
   display           4.82 ms   26.3%
     detect          5.51 ms  (sub)
     tracker         0.00 ms  (sub)
     hud:overlay     0.66 ms  (sub)
     hud:setup       0.09 ms  (sub)
     hud:ladder      0.09 ms  (sub)
     hud:warp        1.60 ms  (sub)
     hud:arc         0.05 ms  (sub)
     hud:blend       0.84 ms  (sub)
     hud:yaw         0.36 ms  (sub)
     hud:cross       0.05 ms  (sub)
     disp:record     0.00 ms  (sub)
     disp:imshow     0.54 ms  (sub)
     disp:waitkey    4.25 ms  (sub)
[PROF 09:23:43]  58 frames   17.59 ms/frame  ->  56.8 FPS
   capture           3.33 ms   19.0%
   track             5.33 ms   30.3%
   ctrl+mav          0.31 ms    1.8%
   hud               3.64 ms   20.7%
   display           4.97 ms   28.3%
     detect          4.89 ms  (sub)
     tracker         0.00 ms  (sub)
     hud:overlay     0.66 ms  (sub)
     hud:setup       0.08 ms  (sub)
     hud:ladder      0.09 ms  (sub)
     hud:warp        1.55 ms  (sub)
     hud:arc         0.05 ms  (sub)
     hud:blend       0.80 ms  (sub)
     hud:yaw         0.34 ms  (sub)
     hud:cross       0.04 ms  (sub)
     disp:record     0.00 ms  (sub)
     disp:imshow     0.55 ms  (sub)
     disp:waitkey    4.39 ms  (sub)
[PROF 09:23:45]  57 frames   18.12 ms/frame  ->  55.2 FPS
   capture           3.27 ms   18.0%
   track             5.47 ms   30.2%
   ctrl+mav          0.31 ms    1.7%
   hud               3.87 ms   21.4%
   display           5.20 ms   28.7%
     detect          5.02 ms  (sub)
     tracker         0.00 ms  (sub)
     hud:overlay     0.67 ms  (sub)
     hud:setup       0.09 ms  (sub)
     hud:ladder      0.10 ms  (sub)
     hud:warp        1.65 ms  (sub)
     hud:arc         0.05 ms  (sub)
     hud:blend       0.87 ms  (sub)
     hud:yaw         0.36 ms  (sub)
     hud:cross       0.04 ms  (sub)
     disp:record     0.00 ms  (sub)
     disp:imshow     0.52 ms  (sub)
     disp:waitkey    4.64 ms  (sub)
[PROF 09:23:47]  55 frames   18.41 ms/frame  ->  54.3 FPS
   capture           3.22 ms   17.5%
   track             5.82 ms   31.6%
   ctrl+mav          0.33 ms    1.8%
   hud               3.79 ms   20.6%
   display           5.25 ms   28.5%
     detect          5.30 ms  (sub)
     tracker         0.00 ms  (sub)
     hud:overlay     0.66 ms  (sub)
     hud:setup       0.08 ms  (sub)
     hud:ladder      0.09 ms  (sub)
     hud:warp        1.63 ms  (sub)
     hud:arc         0.06 ms  (sub)
     hud:blend       0.86 ms  (sub)
     hud:yaw         0.35 ms  (sub)
     hud:cross       0.04 ms  (sub)
     disp:record     0.00 ms  (sub)
     disp:imshow     0.53 ms  (sub)
     disp:waitkey    4.69 ms  (sub)
[PROF 09:23:49]  56 frames   18.05 ms/frame  ->  55.4 FPS
   capture           3.25 ms   18.0%
   track             5.74 ms   31.8%
   ctrl+mav          0.36 ms    2.0%
   hud               3.81 ms   21.1%
   display           4.88 ms   27.0%
     detect          5.28 ms  (sub)
     tracker         0.00 ms  (sub)
     hud:overlay     0.67 ms  (sub)
     hud:setup       0.09 ms  (sub)
     hud:ladder      0.09 ms  (sub)
     hud:warp        1.62 ms  (sub)
     hud:arc         0.05 ms  (sub)
     hud:blend       0.84 ms  (sub)
     hud:yaw         0.37 ms  (sub)
     hud:cross       0.05 ms  (sub)
     disp:record     0.00 ms  (sub)
     disp:imshow     0.56 ms  (sub)
     disp:waitkey    4.29 ms  (sub)
[PROF 09:23:51]  56 frames   18.17 ms/frame  ->  55.0 FPS
   capture           3.34 ms   18.4%
   track             5.62 ms   30.9%
   ctrl+mav          0.34 ms    1.8%
   hud               3.90 ms   21.5%
   display           4.97 ms   27.4%
     detect          5.15 ms  (sub)
     tracker         0.00 ms  (sub)
     hud:overlay     0.71 ms  (sub)
     hud:setup       0.08 ms  (sub)
     hud:ladder      0.10 ms  (sub)
     hud:warp        1.63 ms  (sub)
     hud:arc         0.05 ms  (sub)
     hud:blend       0.87 ms  (sub)
     hud:yaw         0.37 ms  (sub)
     hud:cross       0.05 ms  (sub)
     disp:record     0.00 ms  (sub)
     disp:imshow     0.54 ms  (sub)
     disp:waitkey    4.39 ms  (sub)
[PROF 09:23:53]  57 frames   18.03 ms/frame  ->  55.5 FPS
   capture           3.45 ms   19.1%
   track             5.71 ms   31.7%
   ctrl+mav          0.32 ms    1.8%
   hud               3.76 ms   20.9%
   display           4.79 ms   26.6%
     detect          5.27 ms  (sub)
     tracker         0.00 ms  (sub)
     hud:overlay     0.68 ms  (sub)
     hud:setup       0.08 ms  (sub)
     hud:ladder      0.09 ms  (sub)
     hud:warp        1.60 ms  (sub)
     hud:arc         0.05 ms  (sub)
     hud:blend       0.84 ms  (sub)
     hud:yaw         0.34 ms  (sub)
     hud:cross       0.05 ms  (sub)
     disp:record     0.00 ms  (sub)
     disp:imshow     0.58 ms  (sub)
     disp:waitkey    4.17 ms  (sub)
[PROF 09:23:55]  53 frames   19.67 ms/frame  ->  50.8 FPS
   capture           3.21 ms   16.3%
   track             5.54 ms   28.2%
   ctrl+mav          0.36 ms    1.8%
   hud               3.87 ms   19.7%
   display           6.68 ms   34.0%
     detect          5.09 ms  (sub)
     tracker         0.00 ms  (sub)
     hud:overlay     0.71 ms  (sub)
     hud:setup       0.09 ms  (sub)
     hud:ladder      0.10 ms  (sub)
     hud:warp        1.64 ms  (sub)
     hud:arc         0.05 ms  (sub)
     hud:blend       0.86 ms  (sub)
     hud:yaw         0.35 ms  (sub)
     hud:cross       0.05 ms  (sub)
     disp:record     0.01 ms  (sub)
     disp:imshow     0.55 ms  (sub)
     disp:waitkey    6.09 ms  (sub)
[PROF 09:23:57]  56 frames   17.87 ms/frame  ->  55.9 FPS
   capture           3.21 ms   18.0%
   track             5.64 ms   31.6%
   ctrl+mav          0.30 ms    1.7%
   hud               3.85 ms   21.5%
   display           4.87 ms   27.2%
     detect          5.15 ms  (sub)
     tracker         0.00 ms  (sub)
     hud:overlay     0.68 ms  (sub)
     hud:setup       0.08 ms  (sub)
     hud:ladder      0.10 ms  (sub)
     hud:warp        1.62 ms  (sub)
     hud:arc         0.05 ms  (sub)
     hud:blend       0.87 ms  (sub)
     hud:yaw         0.36 ms  (sub)
     hud:cross       0.05 ms  (sub)
     disp:record     0.00 ms  (sub)
     disp:imshow     0.56 ms  (sub)
     disp:waitkey    4.27 ms  (sub)
[PROF 09:23:59]  58 frames   17.65 ms/frame  ->  56.7 FPS
   capture           3.05 ms   17.3%
   track             5.62 ms   31.9%
   ctrl+mav          0.37 ms    2.1%
   hud               3.82 ms   21.7%
   display           4.79 ms   27.1%
     detect          5.14 ms  (sub)
     tracker         0.00 ms  (sub)
     hud:overlay     0.68 ms  (sub)
     hud:setup       0.08 ms  (sub)
     hud:ladder      0.09 ms  (sub)
     hud:warp        1.68 ms  (sub)
     hud:arc         0.05 ms  (sub)
     hud:blend       0.81 ms  (sub)
     hud:yaw         0.36 ms  (sub)
     hud:cross       0.05 ms  (sub)
     disp:record     0.00 ms  (sub)
     disp:imshow     0.57 ms  (sub)
     disp:waitkey    4.18 ms  (sub)
[PROF 09:24:01]  52 frames   18.53 ms/frame  ->  54.0 FPS
   capture           3.31 ms   17.9%
   track             5.91 ms   31.9%
   ctrl+mav          0.34 ms    1.8%
   hud               3.92 ms   21.1%
   display           5.06 ms   27.3%
     detect          5.40 ms  (sub)
     tracker         0.00 ms  (sub)
     hud:overlay     0.68 ms  (sub)
     hud:setup       0.09 ms  (sub)
     hud:ladder      0.10 ms  (sub)
     hud:warp        1.62 ms  (sub)
     hud:arc         0.05 ms  (sub)
     hud:blend       0.91 ms  (sub)
     hud:yaw         0.38 ms  (sub)
     hud:cross       0.05 ms  (sub)
     disp:record     0.00 ms  (sub)
     disp:imshow     0.59 ms  (sub)
     disp:waitkey    4.41 ms  (sub)
[PROF 09:24:03]  58 frames   17.21 ms/frame  ->  58.1 FPS
   capture           2.99 ms   17.4%
   track             5.41 ms   31.4%
   ctrl+mav          0.34 ms    2.0%
   hud               3.72 ms   21.6%
   display           4.75 ms   27.6%
     detect          4.97 ms  (sub)
     tracker         0.00 ms  (sub)
     hud:overlay     0.69 ms  (sub)
     hud:setup       0.09 ms  (sub)
     hud:ladder      0.10 ms  (sub)
     hud:warp        1.56 ms  (sub)
     hud:arc         0.05 ms  (sub)
     hud:blend       0.82 ms  (sub)
     hud:yaw         0.34 ms  (sub)
     hud:cross       0.04 ms  (sub)
     disp:record     0.00 ms  (sub)
     disp:imshow     0.50 ms  (sub)
     disp:waitkey    4.22 ms  (sub)
[PROF 09:24:05]  56 frames   17.81 ms/frame  ->  56.1 FPS
   capture           3.09 ms   17.3%
   track             5.44 ms   30.5%
   ctrl+mav          0.33 ms    1.9%
   hud               3.73 ms   21.0%
   display           5.22 ms   29.3%
     detect          4.98 ms  (sub)
     tracker         0.00 ms  (sub)
     hud:overlay     0.70 ms  (sub)
     hud:setup       0.09 ms  (sub)
     hud:ladder      0.10 ms  (sub)
     hud:warp        1.56 ms  (sub)
     hud:arc         0.06 ms  (sub)
     hud:blend       0.81 ms  (sub)
     hud:yaw         0.35 ms  (sub)
     hud:cross       0.04 ms  (sub)
     disp:record     0.00 ms  (sub)
     disp:imshow     0.53 ms  (sub)
     disp:waitkey    4.66 ms  (sub)
[PROF 09:24:07]  56 frames   17.88 ms/frame  ->  55.9 FPS
   capture           3.38 ms   18.9%
   track             5.58 ms   31.2%
   ctrl+mav          0.35 ms    2.0%
   hud               3.77 ms   21.1%
   display           4.80 ms   26.9%
     detect          5.06 ms  (sub)
     tracker         0.00 ms  (sub)
     hud:overlay     0.67 ms  (sub)
     hud:setup       0.08 ms  (sub)
     hud:ladder      0.09 ms  (sub)
     hud:warp        1.58 ms  (sub)
     hud:arc         0.06 ms  (sub)
     hud:blend       0.85 ms  (sub)
     hud:yaw         0.33 ms  (sub)
     hud:cross       0.08 ms  (sub)
     disp:record     0.00 ms  (sub)
     disp:imshow     0.55 ms  (sub)
     disp:waitkey    4.22 ms  (sub)
[PROF 09:24:09]  57 frames   17.81 ms/frame  ->  56.1 FPS
   capture           3.30 ms   18.5%
   track             5.46 ms   30.6%
   ctrl+mav          0.29 ms    1.6%
   hud               3.79 ms   21.3%
   display           4.97 ms   27.9%
     detect          4.94 ms  (sub)
     tracker         0.00 ms  (sub)
     hud:overlay     0.69 ms  (sub)
     hud:setup       0.08 ms  (sub)
     hud:ladder      0.10 ms  (sub)
     hud:warp        1.62 ms  (sub)
     hud:arc         0.05 ms  (sub)
     hud:blend       0.82 ms  (sub)
     hud:yaw         0.35 ms  (sub)
     hud:cross       0.04 ms  (sub)
     disp:record     0.00 ms  (sub)
     disp:imshow     0.54 ms  (sub)
     disp:waitkey    4.39 ms  (sub)
[PROF 09:24:11]  57 frames   18.00 ms/frame  ->  55.6 FPS
   capture           3.34 ms   18.6%
   track             5.68 ms   31.6%
   ctrl+mav          0.32 ms    1.8%
   hud               3.92 ms   21.8%
   display           4.74 ms   26.3%
     detect          5.21 ms  (sub)
     tracker         0.00 ms  (sub)
     hud:overlay     0.71 ms  (sub)
     hud:setup       0.08 ms  (sub)
     hud:ladder      0.10 ms  (sub)
     hud:warp        1.70 ms  (sub)
     hud:arc         0.06 ms  (sub)
     hud:blend       0.84 ms  (sub)
     hud:yaw         0.35 ms  (sub)
     hud:cross       0.04 ms  (sub)
     disp:record     0.00 ms  (sub)
     disp:imshow     0.50 ms  (sub)
     disp:waitkey    4.20 ms  (sub)
[PROF 09:24:13]  56 frames   18.13 ms/frame  ->  55.2 FPS
   capture           3.22 ms   17.8%
   track             5.71 ms   31.5%
   ctrl+mav          0.24 ms    1.3%
   hud               4.00 ms   22.1%
   display           4.94 ms   27.3%
     detect          5.26 ms  (sub)
     tracker         0.00 ms  (sub)
     hud:overlay     0.68 ms  (sub)
     hud:setup       0.08 ms  (sub)
     hud:ladder      0.10 ms  (sub)
     hud:warp        1.78 ms  (sub)
     hud:arc         0.06 ms  (sub)
     hud:blend       0.86 ms  (sub)
     hud:yaw         0.35 ms  (sub)
     hud:cross       0.06 ms  (sub)
     disp:record     0.00 ms  (sub)
     disp:imshow     0.57 ms  (sub)
     disp:waitkey    4.34 ms  (sub)
[PROF 09:24:15]  53 frames   18.02 ms/frame  ->  55.5 FPS
   capture           3.21 ms   17.8%
   track             5.90 ms   32.7%
   ctrl+mav          0.13 ms    0.7%
   hud               3.84 ms   21.3%
   display           4.93 ms   27.4%
     detect          5.42 ms  (sub)
     tracker         0.00 ms  (sub)
     hud:overlay     0.72 ms  (sub)
     hud:setup       0.08 ms  (sub)
     hud:ladder      0.10 ms  (sub)
     hud:warp        1.62 ms  (sub)
     hud:arc         0.05 ms  (sub)
     hud:blend       0.86 ms  (sub)
     hud:yaw         0.34 ms  (sub)
     hud:cross       0.04 ms  (sub)
     disp:record     0.00 ms  (sub)
     disp:imshow     0.57 ms  (sub)
     disp:waitkey    4.32 ms  (sub)
