# pipeline profile — started 2026-08-27 09:26:42
[PROF 09:26:42]  18 frames   18.96 ms/frame  ->  52.7 FPS
   capture           3.16 ms   16.7%
   track             5.15 ms   27.2%
   ctrl+mav          0.57 ms    3.0%
   hud               3.46 ms   18.3%
   display           6.62 ms   34.9%
     detect          4.70 ms  (sub)
     tracker         0.00 ms  (sub)
     hud:overlay     0.61 ms  (sub)
     hud:setup       0.08 ms  (sub)
     hud:ladder      0.09 ms  (sub)
     hud:warp        1.45 ms  (sub)
     hud:arc         0.05 ms  (sub)
     hud:blend       0.80 ms  (sub)
     hud:yaw         0.31 ms  (sub)
     hud:cross       0.04 ms  (sub)
     disp:record     0.00 ms  (sub)
     disp:imshow     1.07 ms  (sub)
     disp:waitkey    5.51 ms  (sub)
[PROF 09:26:44]  50 frames   17.98 ms/frame  ->  55.6 FPS
   capture           2.98 ms   16.6%
   track             5.76 ms   32.0%
   ctrl+mav          0.38 ms    2.1%
   hud               3.81 ms   21.2%
   display           5.05 ms   28.1%
     detect          5.28 ms  (sub)
     tracker         0.00 ms  (sub)
     hud:overlay     0.73 ms  (sub)
     hud:setup       0.09 ms  (sub)
     hud:ladder      0.11 ms  (sub)
     hud:warp        1.67 ms  (sub)
     hud:arc         0.05 ms  (sub)
     hud:blend       0.78 ms  (sub)
     hud:yaw         0.30 ms  (sub)
     hud:cross       0.04 ms  (sub)
     disp:record     0.00 ms  (sub)
     disp:imshow     0.58 ms  (sub)
     disp:waitkey    4.44 ms  (sub)
[PROF 09:26:46]  56 frames   17.78 ms/frame  ->  56.2 FPS
   capture           3.22 ms   18.1%
   track             5.65 ms   31.8%
   ctrl+mav          0.34 ms    1.9%
   hud               3.67 ms   20.7%
   display           4.90 ms   27.6%
     detect          5.16 ms  (sub)
     tracker         0.00 ms  (sub)
     hud:overlay     0.64 ms  (sub)
     hud:setup       0.08 ms  (sub)
     hud:ladder      0.10 ms  (sub)
     hud:warp        1.63 ms  (sub)
     hud:arc         0.05 ms  (sub)
     hud:blend       0.80 ms  (sub)
     hud:yaw         0.31 ms  (sub)
     hud:cross       0.05 ms  (sub)
     disp:record     0.00 ms  (sub)
     disp:imshow     0.62 ms  (sub)
     disp:waitkey    4.24 ms  (sub)
[PROF 09:26:48]  56 frames   18.03 ms/frame  ->  55.5 FPS
   capture           3.37 ms   18.7%
   track             5.69 ms   31.6%
   ctrl+mav          0.32 ms    1.8%
   hud               3.62 ms   20.1%
   display           5.02 ms   27.8%
     detect          5.18 ms  (sub)
     tracker         0.00 ms  (sub)
     hud:overlay     0.65 ms  (sub)
     hud:setup       0.08 ms  (sub)
     hud:ladder      0.10 ms  (sub)
     hud:warp        1.55 ms  (sub)
     hud:arc         0.05 ms  (sub)
     hud:blend       0.77 ms  (sub)
     hud:yaw         0.33 ms  (sub)
     hud:cross       0.07 ms  (sub)
     disp:record     0.00 ms  (sub)
     disp:imshow     0.61 ms  (sub)
     disp:waitkey    4.37 ms  (sub)
[PROF 09:26:50]  52 frames   18.24 ms/frame  ->  54.8 FPS
   capture           3.26 ms   17.9%
   track             5.86 ms   32.1%
   ctrl+mav          0.33 ms    1.8%
   hud               3.88 ms   21.3%
   display           4.92 ms   26.9%
     detect          5.30 ms  (sub)
     tracker         0.00 ms  (sub)
     hud:overlay     0.67 ms  (sub)
     hud:setup       0.09 ms  (sub)
     hud:ladder      0.12 ms  (sub)
     hud:warp        1.69 ms  (sub)
     hud:arc         0.05 ms  (sub)
     hud:blend       0.84 ms  (sub)
     hud:yaw         0.33 ms  (sub)
     hud:cross       0.04 ms  (sub)
     disp:record     0.00 ms  (sub)
     disp:imshow     0.54 ms  (sub)
     disp:waitkey    4.34 ms  (sub)
[PROF 09:26:52]  56 frames   17.82 ms/frame  ->  56.1 FPS
   capture           3.12 ms   17.5%
   track             5.57 ms   31.3%
   ctrl+mav          0.33 ms    1.9%
   hud               3.86 ms   21.6%
   display           4.94 ms   27.7%
     detect          5.06 ms  (sub)
     tracker         0.00 ms  (sub)
     hud:overlay     0.72 ms  (sub)
     hud:setup       0.08 ms  (sub)
     hud:ladder      0.10 ms  (sub)
     hud:warp        1.63 ms  (sub)
     hud:arc         0.05 ms  (sub)
     hud:blend       0.85 ms  (sub)
     hud:yaw         0.35 ms  (sub)
     hud:cross       0.05 ms  (sub)
     disp:record     0.00 ms  (sub)
     disp:imshow     0.54 ms  (sub)
     disp:waitkey    4.36 ms  (sub)
[PROF 09:26:54]  53 frames   17.71 ms/frame  ->  56.5 FPS
   capture           3.13 ms   17.7%
   track             5.52 ms   31.2%
   ctrl+mav          0.28 ms    1.6%
   hud               3.71 ms   21.0%
   display           5.06 ms   28.6%
     detect          5.08 ms  (sub)
     tracker         0.00 ms  (sub)
     hud:overlay     0.67 ms  (sub)
     hud:setup       0.08 ms  (sub)
     hud:ladder      0.10 ms  (sub)
     hud:warp        1.58 ms  (sub)
     hud:arc         0.06 ms  (sub)
     hud:blend       0.81 ms  (sub)
     hud:yaw         0.34 ms  (sub)
     hud:cross       0.04 ms  (sub)
     disp:record     0.00 ms  (sub)
     disp:imshow     0.52 ms  (sub)
     disp:waitkey    4.50 ms  (sub)
[PROF 09:26:57]  57 frames   18.06 ms/frame  ->  55.4 FPS
   capture           3.19 ms   17.7%
   track             5.70 ms   31.6%
   ctrl+mav          0.32 ms    1.8%
   hud               3.87 ms   21.4%
   display           4.98 ms   27.6%
     detect          5.19 ms  (sub)
     tracker         0.00 ms  (sub)
     hud:overlay     0.67 ms  (sub)
     hud:setup       0.08 ms  (sub)
     hud:ladder      0.10 ms  (sub)
     hud:warp        1.70 ms  (sub)
     hud:arc         0.05 ms  (sub)
     hud:blend       0.84 ms  (sub)
     hud:yaw         0.35 ms  (sub)
     hud:cross       0.05 ms  (sub)
     disp:record     0.00 ms  (sub)
     disp:imshow     0.54 ms  (sub)
     disp:waitkey    4.41 ms  (sub)
[PROF 09:26:59]  57 frames   17.92 ms/frame  ->  55.8 FPS
   capture           3.16 ms   17.6%
   track             5.51 ms   30.7%
   ctrl+mav          0.33 ms    1.8%
   hud               3.83 ms   21.4%
   display           5.10 ms   28.4%
     detect          5.03 ms  (sub)
     tracker         0.00 ms  (sub)
     hud:overlay     0.65 ms  (sub)
     hud:setup       0.08 ms  (sub)
     hud:ladder      0.10 ms  (sub)
     hud:warp        1.73 ms  (sub)
     hud:arc         0.05 ms  (sub)
     hud:blend       0.82 ms  (sub)
     hud:yaw         0.33 ms  (sub)
     hud:cross       0.04 ms  (sub)
     disp:record     0.00 ms  (sub)
     disp:imshow     0.54 ms  (sub)
     disp:waitkey    4.52 ms  (sub)
[PROF 09:27:01]  55 frames   17.95 ms/frame  ->  55.7 FPS
   capture           3.25 ms   18.1%
   track             5.83 ms   32.5%
   ctrl+mav          0.31 ms    1.7%
   hud               3.84 ms   21.4%
   display           4.72 ms   26.3%
     detect          5.36 ms  (sub)
     tracker         0.00 ms  (sub)
     hud:overlay     0.66 ms  (sub)
     hud:setup       0.08 ms  (sub)
     hud:ladder      0.10 ms  (sub)
     hud:warp        1.68 ms  (sub)
     hud:arc         0.05 ms  (sub)
     hud:blend       0.83 ms  (sub)
     hud:yaw         0.35 ms  (sub)
     hud:cross       0.04 ms  (sub)
     disp:record     0.00 ms  (sub)
     disp:imshow     0.49 ms  (sub)
     disp:waitkey    4.19 ms  (sub)
[PROF 09:27:03]  57 frames   17.94 ms/frame  ->  55.7 FPS
   capture           3.26 ms   18.1%
   track             5.87 ms   32.7%
   ctrl+mav          0.39 ms    2.2%
   hud               3.81 ms   21.2%
   display           4.62 ms   25.7%
     detect          5.40 ms  (sub)
     tracker         0.00 ms  (sub)
     hud:overlay     0.67 ms  (sub)
     hud:setup       0.08 ms  (sub)
     hud:ladder      0.10 ms  (sub)
     hud:warp        1.63 ms  (sub)
     hud:arc         0.05 ms  (sub)
     hud:blend       0.85 ms  (sub)
     hud:yaw         0.35 ms  (sub)
     hud:cross       0.04 ms  (sub)
     disp:record     0.00 ms  (sub)
     disp:imshow     0.49 ms  (sub)
     disp:waitkey    4.09 ms  (sub)
[PROF 09:27:05]  54 frames   18.32 ms/frame  ->  54.6 FPS
   capture           3.32 ms   18.1%
   track             5.81 ms   31.7%
   ctrl+mav          0.34 ms    1.8%
   hud               3.94 ms   21.5%
   display           4.91 ms   26.8%
     detect          5.34 ms  (sub)
     tracker         0.00 ms  (sub)
     hud:overlay     0.66 ms  (sub)
     hud:setup       0.08 ms  (sub)
     hud:ladder      0.10 ms  (sub)
     hud:warp        1.78 ms  (sub)
     hud:arc         0.05 ms  (sub)
     hud:blend       0.82 ms  (sub)
     hud:yaw         0.37 ms  (sub)
     hud:cross       0.05 ms  (sub)
     disp:record     0.00 ms  (sub)
     disp:imshow     0.52 ms  (sub)
     disp:waitkey    4.36 ms  (sub)
[PROF 09:27:07]  56 frames   18.43 ms/frame  ->  54.2 FPS
   capture           3.39 ms   18.4%
   track             5.62 ms   30.5%
   ctrl+mav          0.39 ms    2.1%
   hud               3.95 ms   21.4%
   display           5.09 ms   27.6%
     detect          5.11 ms  (sub)
     tracker         0.00 ms  (sub)
     hud:overlay     0.70 ms  (sub)
     hud:setup       0.08 ms  (sub)
     hud:ladder      0.10 ms  (sub)
     hud:warp        1.71 ms  (sub)
     hud:arc         0.06 ms  (sub)
     hud:blend       0.85 ms  (sub)
     hud:yaw         0.37 ms  (sub)
     hud:cross       0.05 ms  (sub)
     disp:record     0.00 ms  (sub)
     disp:imshow     0.60 ms  (sub)
     disp:waitkey    4.45 ms  (sub)
[PROF 09:27:09]  51 frames   18.65 ms/frame  ->  53.6 FPS
   capture           3.45 ms   18.5%
   track             5.76 ms   30.9%
   ctrl+mav          0.42 ms    2.3%
   hud               3.91 ms   21.0%
   display           5.11 ms   27.4%
     detect          5.27 ms  (sub)
     tracker         0.00 ms  (sub)
     hud:overlay     0.68 ms  (sub)
     hud:setup       0.08 ms  (sub)
     hud:ladder      0.10 ms  (sub)
     hud:warp        1.69 ms  (sub)
     hud:arc         0.06 ms  (sub)
     hud:blend       0.88 ms  (sub)
     hud:yaw         0.34 ms  (sub)
     hud:cross       0.05 ms  (sub)
     disp:record     0.00 ms  (sub)
     disp:imshow     0.51 ms  (sub)
     disp:waitkey    4.56 ms  (sub)
[PROF 09:27:11]  56 frames   18.12 ms/frame  ->  55.2 FPS
   capture           3.02 ms   16.7%
   track             6.11 ms   33.7%
   ctrl+mav          0.32 ms    1.8%
   hud               3.97 ms   21.9%
   display           4.70 ms   25.9%
     detect          5.57 ms  (sub)
     tracker         0.00 ms  (sub)
     hud:overlay     0.68 ms  (sub)
     hud:setup       0.08 ms  (sub)
     hud:ladder      0.10 ms  (sub)
     hud:warp        1.71 ms  (sub)
     hud:arc         0.05 ms  (sub)
     hud:blend       0.87 ms  (sub)
     hud:yaw         0.34 ms  (sub)
     hud:cross       0.10 ms  (sub)
     disp:record     0.00 ms  (sub)
     disp:imshow     0.49 ms  (sub)
     disp:waitkey    4.17 ms  (sub)
[PROF 09:27:13]  57 frames   17.77 ms/frame  ->  56.3 FPS
   capture           3.24 ms   18.2%
   track             5.68 ms   32.0%
   ctrl+mav          0.33 ms    1.8%
   hud               3.71 ms   20.9%
   display           4.81 ms   27.1%
     detect          5.18 ms  (sub)
     tracker         0.00 ms  (sub)
     hud:overlay     0.67 ms  (sub)
     hud:setup       0.08 ms  (sub)
     hud:ladder      0.10 ms  (sub)
     hud:warp        1.58 ms  (sub)
     hud:arc         0.06 ms  (sub)
     hud:blend       0.80 ms  (sub)
     hud:yaw         0.34 ms  (sub)
     hud:cross       0.05 ms  (sub)
     disp:record     0.00 ms  (sub)
     disp:imshow     0.52 ms  (sub)
     disp:waitkey    4.25 ms  (sub)
[PROF 09:27:15]  54 frames   18.28 ms/frame  ->  54.7 FPS
   capture           3.26 ms   17.8%
   track             5.96 ms   32.6%
   ctrl+mav          0.38 ms    2.1%
   hud               3.81 ms   20.8%
   display           4.88 ms   26.7%
     detect          5.45 ms  (sub)
     tracker         0.00 ms  (sub)
     hud:overlay     0.66 ms  (sub)
     hud:setup       0.08 ms  (sub)
     hud:ladder      0.10 ms  (sub)
     hud:warp        1.68 ms  (sub)
     hud:arc         0.05 ms  (sub)
     hud:blend       0.83 ms  (sub)
     hud:yaw         0.33 ms  (sub)
     hud:cross       0.04 ms  (sub)
     disp:record     0.00 ms  (sub)
     disp:imshow     0.54 ms  (sub)
     disp:waitkey    4.29 ms  (sub)
[PROF 09:27:17]  56 frames   17.79 ms/frame  ->  56.2 FPS
   capture           3.20 ms   18.0%
   track             5.74 ms   32.3%
   ctrl+mav          0.30 ms    1.7%
   hud               3.76 ms   21.1%
   display           4.79 ms   26.9%
     detect          5.26 ms  (sub)
     tracker         0.00 ms  (sub)
     hud:overlay     0.65 ms  (sub)
     hud:setup       0.08 ms  (sub)
     hud:ladder      0.10 ms  (sub)
     hud:warp        1.66 ms  (sub)
     hud:arc         0.05 ms  (sub)
     hud:blend       0.80 ms  (sub)
     hud:yaw         0.33 ms  (sub)
     hud:cross       0.04 ms  (sub)
     disp:record     0.01 ms  (sub)
     disp:imshow     0.51 ms  (sub)
     disp:waitkey    4.23 ms  (sub)
[PROF 09:27:19]  54 frames   18.58 ms/frame  ->  53.8 FPS
   capture           3.42 ms   18.4%
   track             5.78 ms   31.1%
   ctrl+mav          0.36 ms    1.9%
   hud               3.86 ms   20.8%
   display           5.17 ms   27.8%
     detect          5.27 ms  (sub)
     tracker         0.00 ms  (sub)
     hud:overlay     0.66 ms  (sub)
     hud:setup       0.08 ms  (sub)
     hud:ladder      0.10 ms  (sub)
     hud:warp        1.66 ms  (sub)
     hud:arc         0.05 ms  (sub)
     hud:blend       0.84 ms  (sub)
     hud:yaw         0.39 ms  (sub)
     hud:cross       0.05 ms  (sub)
     disp:record     0.00 ms  (sub)
     disp:imshow     0.55 ms  (sub)
     disp:waitkey    4.58 ms  (sub)
[PROF 09:27:21]  53 frames   18.59 ms/frame  ->  53.8 FPS
   capture           3.50 ms   18.8%
   track             5.72 ms   30.8%
   ctrl+mav          0.41 ms    2.2%
   hud               3.84 ms   20.7%
   display           5.12 ms   27.5%
     detect          5.24 ms  (sub)
     tracker         0.00 ms  (sub)
     hud:overlay     0.67 ms  (sub)
     hud:setup       0.09 ms  (sub)
     hud:ladder      0.11 ms  (sub)
     hud:warp        1.66 ms  (sub)
     hud:arc         0.05 ms  (sub)
     hud:blend       0.83 ms  (sub)
     hud:yaw         0.34 ms  (sub)
     hud:cross       0.05 ms  (sub)
     disp:record     0.00 ms  (sub)
     disp:imshow     0.56 ms  (sub)
     disp:waitkey    4.52 ms  (sub)
[PROF 09:27:23]  54 frames   18.02 ms/frame  ->  55.5 FPS
   capture           3.33 ms   18.5%
   track             5.70 ms   31.7%
   ctrl+mav          0.33 ms    1.8%
   hud               3.77 ms   20.9%
   display           4.88 ms   27.1%
     detect          5.25 ms  (sub)
     tracker         0.00 ms  (sub)
     hud:overlay     0.67 ms  (sub)
     hud:setup       0.08 ms  (sub)
     hud:ladder      0.10 ms  (sub)
     hud:warp        1.58 ms  (sub)
     hud:arc         0.06 ms  (sub)
     hud:blend       0.87 ms  (sub)
     hud:yaw         0.33 ms  (sub)
     hud:cross       0.05 ms  (sub)
     disp:record     0.00 ms  (sub)
     disp:imshow     0.50 ms  (sub)
     disp:waitkey    4.35 ms  (sub)
[PROF 09:27:25]  56 frames   17.56 ms/frame  ->  56.9 FPS
   capture           3.11 ms   17.7%
   track             5.48 ms   31.2%
   ctrl+mav          0.35 ms    2.0%
   hud               3.73 ms   21.2%
   display           4.89 ms   27.8%
     detect          5.03 ms  (sub)
     tracker         0.00 ms  (sub)
     hud:overlay     0.70 ms  (sub)
     hud:setup       0.09 ms  (sub)
     hud:ladder      0.10 ms  (sub)
     hud:warp        1.58 ms  (sub)
     hud:arc         0.05 ms  (sub)
     hud:blend       0.80 ms  (sub)
     hud:yaw         0.33 ms  (sub)
     hud:cross       0.04 ms  (sub)
     disp:record     0.00 ms  (sub)
     disp:imshow     0.50 ms  (sub)
     disp:waitkey    4.35 ms  (sub)
[PROF 09:27:27]  59 frames   17.96 ms/frame  ->  55.7 FPS
   capture           3.19 ms   17.8%
   track             5.61 ms   31.3%
   ctrl+mav          0.34 ms    1.9%
   hud               3.80 ms   21.2%
   display           5.01 ms   27.9%
     detect          5.15 ms  (sub)
     tracker         0.00 ms  (sub)
     hud:overlay     0.67 ms  (sub)
     hud:setup       0.11 ms  (sub)
     hud:ladder      0.10 ms  (sub)
     hud:warp        1.66 ms  (sub)
     hud:arc         0.05 ms  (sub)
     hud:blend       0.79 ms  (sub)
     hud:yaw         0.35 ms  (sub)
     hud:cross       0.05 ms  (sub)
     disp:record     0.00 ms  (sub)
     disp:imshow     0.51 ms  (sub)
     disp:waitkey    4.46 ms  (sub)
[PROF 09:27:29]  52 frames   18.07 ms/frame  ->  55.3 FPS
   capture           3.32 ms   18.4%
   track             5.76 ms   31.8%
   ctrl+mav          0.35 ms    1.9%
   hud               3.91 ms   21.6%
   display           4.74 ms   26.2%
     detect          5.24 ms  (sub)
     tracker         0.00 ms  (sub)
     hud:overlay     0.67 ms  (sub)
     hud:setup       0.10 ms  (sub)
     hud:ladder      0.11 ms  (sub)
     hud:warp        1.75 ms  (sub)
     hud:arc         0.05 ms  (sub)
     hud:blend       0.82 ms  (sub)
     hud:yaw         0.35 ms  (sub)
     hud:cross       0.04 ms  (sub)
     disp:record     0.00 ms  (sub)
     disp:imshow     0.53 ms  (sub)
     disp:waitkey    4.17 ms  (sub)
[PROF 09:27:31]  57 frames   18.37 ms/frame  ->  54.4 FPS
   capture           3.27 ms   17.8%
   track             5.83 ms   31.7%
   ctrl+mav          0.33 ms    1.8%
   hud               4.01 ms   21.8%
   display           4.92 ms   26.8%
     detect          5.33 ms  (sub)
     tracker         0.00 ms  (sub)
     hud:overlay     0.69 ms  (sub)
     hud:setup       0.09 ms  (sub)
     hud:ladder      0.10 ms  (sub)
     hud:warp        1.70 ms  (sub)
     hud:arc         0.05 ms  (sub)
     hud:blend       0.96 ms  (sub)
     hud:yaw         0.34 ms  (sub)
     hud:cross       0.04 ms  (sub)
     disp:record     0.00 ms  (sub)
     disp:imshow     0.54 ms  (sub)
     disp:waitkey    4.35 ms  (sub)
[PROF 09:27:33]  59 frames   17.58 ms/frame  ->  56.9 FPS
   capture           3.10 ms   17.6%
   track             5.47 ms   31.1%
   ctrl+mav          0.30 ms    1.7%
   hud               3.74 ms   21.2%
   display           4.98 ms   28.3%
     detect          5.02 ms  (sub)
     tracker         0.00 ms  (sub)
     hud:overlay     0.67 ms  (sub)
     hud:setup       0.09 ms  (sub)
     hud:ladder      0.10 ms  (sub)
     hud:warp        1.59 ms  (sub)
     hud:arc         0.05 ms  (sub)
     hud:blend       0.84 ms  (sub)
     hud:yaw         0.33 ms  (sub)
     hud:cross       0.04 ms  (sub)
     disp:record     0.00 ms  (sub)
     disp:imshow     0.49 ms  (sub)
     disp:waitkey    4.45 ms  (sub)
[PROF 09:27:35]  52 frames   17.56 ms/frame  ->  56.9 FPS
   capture           2.87 ms   16.3%
   track             5.36 ms   30.5%
   ctrl+mav          0.32 ms    1.8%
   hud               3.91 ms   22.3%
   display           5.10 ms   29.0%
     detect          4.90 ms  (sub)
     tracker         0.00 ms  (sub)
     hud:overlay     0.70 ms  (sub)
     hud:setup       0.11 ms  (sub)
     hud:ladder      0.10 ms  (sub)
     hud:warp        1.65 ms  (sub)
     hud:arc         0.05 ms  (sub)
     hud:blend       0.87 ms  (sub)
     hud:yaw         0.34 ms  (sub)
     hud:cross       0.04 ms  (sub)
     disp:record     0.00 ms  (sub)
     disp:imshow     0.53 ms  (sub)
     disp:waitkey    4.53 ms  (sub)
[PROF 09:27:37]  57 frames   17.73 ms/frame  ->  56.4 FPS
   capture           3.08 ms   17.4%
   track             5.59 ms   31.5%
   ctrl+mav          0.35 ms    2.0%
   hud               3.83 ms   21.6%
   display           4.89 ms   27.6%
     detect          5.07 ms  (sub)
     tracker         0.00 ms  (sub)
     hud:overlay     0.68 ms  (sub)
     hud:setup       0.10 ms  (sub)
     hud:ladder      0.10 ms  (sub)
     hud:warp        1.66 ms  (sub)
     hud:arc         0.05 ms  (sub)
     hud:blend       0.82 ms  (sub)
     hud:yaw         0.34 ms  (sub)
     hud:cross       0.05 ms  (sub)
     disp:record     0.00 ms  (sub)
     disp:imshow     0.52 ms  (sub)
     disp:waitkey    4.32 ms  (sub)
[PROF 09:27:39]  50 frames   18.19 ms/frame  ->  55.0 FPS
   capture           3.30 ms   18.1%
   track             5.55 ms   30.5%
   ctrl+mav          0.38 ms    2.1%
   hud               4.05 ms   22.2%
   display           4.91 ms   27.0%
     detect          5.09 ms  (sub)
     tracker         0.00 ms  (sub)
     hud:overlay     0.66 ms  (sub)
     hud:setup       0.09 ms  (sub)
     hud:ladder      0.11 ms  (sub)
     hud:warp        1.83 ms  (sub)
     hud:arc         0.06 ms  (sub)
     hud:blend       0.84 ms  (sub)
     hud:yaw         0.36 ms  (sub)
     hud:cross       0.05 ms  (sub)
     disp:record     0.00 ms  (sub)
     disp:imshow     0.52 ms  (sub)
     disp:waitkey    4.35 ms  (sub)
[PROF 09:27:41]  57 frames   16.94 ms/frame  ->  59.0 FPS
   capture           2.73 ms   16.1%
   track             5.37 ms   31.7%
   ctrl+mav          0.28 ms    1.6%
   hud               3.95 ms   23.3%
   display           4.61 ms   27.2%
     detect          4.93 ms  (sub)
     tracker         0.00 ms  (sub)
     hud:overlay     0.70 ms  (sub)
     hud:setup       0.09 ms  (sub)
     hud:ladder      0.10 ms  (sub)
     hud:warp        1.77 ms  (sub)
     hud:arc         0.05 ms  (sub)
     hud:blend       0.82 ms  (sub)
     hud:yaw         0.34 ms  (sub)
     hud:cross       0.04 ms  (sub)
     disp:record     0.00 ms  (sub)
     disp:imshow     0.51 ms  (sub)
     disp:waitkey    4.06 ms  (sub)
[PROF 09:27:43]  57 frames   18.22 ms/frame  ->  54.9 FPS
   capture           3.36 ms   18.4%
   track             5.89 ms   32.3%
   ctrl+mav          0.13 ms    0.7%
   hud               4.00 ms   21.9%
   display           4.84 ms   26.6%
     detect          5.37 ms  (sub)
     tracker         0.00 ms  (sub)
     hud:overlay     0.69 ms  (sub)
     hud:setup       0.09 ms  (sub)
     hud:ladder      0.10 ms  (sub)
     hud:warp        1.70 ms  (sub)
     hud:arc         0.06 ms  (sub)
     hud:blend       0.95 ms  (sub)
     hud:yaw         0.33 ms  (sub)
     hud:cross       0.04 ms  (sub)
     disp:record     0.00 ms  (sub)
     disp:imshow     0.51 ms  (sub)
     disp:waitkey    4.30 ms  (sub)
[PROF 09:27:45]  61 frames   17.44 ms/frame  ->  57.3 FPS
   capture           3.10 ms   17.8%
   track             5.40 ms   31.0%
   ctrl+mav          0.13 ms    0.8%
   hud               3.75 ms   21.5%
   display           5.05 ms   28.9%
     detect          4.89 ms  (sub)
     tracker         0.00 ms  (sub)
     hud:overlay     0.69 ms  (sub)
     hud:setup       0.08 ms  (sub)
     hud:ladder      0.10 ms  (sub)
     hud:warp        1.60 ms  (sub)
     hud:arc         0.05 ms  (sub)
     hud:blend       0.82 ms  (sub)
     hud:yaw         0.33 ms  (sub)
     hud:cross       0.04 ms  (sub)
     disp:record     0.00 ms  (sub)
     disp:imshow     0.58 ms  (sub)
     disp:waitkey    4.43 ms  (sub)
[PROF 09:27:47]  56 frames   18.25 ms/frame  ->  54.8 FPS
   capture           3.51 ms   19.2%
   track             5.67 ms   31.1%
   ctrl+mav          0.25 ms    1.4%
   hud               3.85 ms   21.1%
   display           4.97 ms   27.2%
     detect          5.20 ms  (sub)
     tracker         0.00 ms  (sub)
     hud:overlay     0.68 ms  (sub)
     hud:setup       0.09 ms  (sub)
     hud:ladder      0.11 ms  (sub)
     hud:warp        1.68 ms  (sub)
     hud:arc         0.06 ms  (sub)
     hud:blend       0.82 ms  (sub)
     hud:yaw         0.33 ms  (sub)
     hud:cross       0.05 ms  (sub)
     disp:record     0.00 ms  (sub)
     disp:imshow     0.55 ms  (sub)
     disp:waitkey    4.39 ms  (sub)
[PROF 09:27:49]  59 frames   17.39 ms/frame  ->  57.5 FPS
   capture           3.04 ms   17.5%
   track             5.44 ms   31.3%
   ctrl+mav          0.24 ms    1.4%
   hud               3.91 ms   22.5%
   display           4.76 ms   27.4%
     detect          4.97 ms  (sub)
     tracker         0.00 ms  (sub)
     hud:overlay     0.67 ms  (sub)
     hud:setup       0.08 ms  (sub)
     hud:ladder      0.10 ms  (sub)
     hud:warp        1.69 ms  (sub)
     hud:arc         0.06 ms  (sub)
     hud:blend       0.84 ms  (sub)
     hud:yaw         0.33 ms  (sub)
     hud:cross       0.11 ms  (sub)
     disp:record     0.00 ms  (sub)
     disp:imshow     0.51 ms  (sub)
     disp:waitkey    4.21 ms  (sub)
[PROF 09:27:51]  59 frames   17.39 ms/frame  ->  57.5 FPS
   capture           2.94 ms   16.9%
   track             5.56 ms   32.0%
   ctrl+mav          0.25 ms    1.4%
   hud               3.80 ms   21.8%
   display           4.85 ms   27.9%
     detect          5.10 ms  (sub)
     tracker         0.00 ms  (sub)
     hud:overlay     0.66 ms  (sub)
     hud:setup       0.09 ms  (sub)
     hud:ladder      0.10 ms  (sub)
     hud:warp        1.63 ms  (sub)
     hud:arc         0.06 ms  (sub)
     hud:blend       0.83 ms  (sub)
     hud:yaw         0.34 ms  (sub)
     hud:cross       0.05 ms  (sub)
     disp:record     0.00 ms  (sub)
     disp:imshow     0.57 ms  (sub)
     disp:waitkey    4.24 ms  (sub)
[PROF 09:27:53]  53 frames   18.39 ms/frame  ->  54.4 FPS
   capture           3.33 ms   18.1%
   track             5.96 ms   32.4%
   ctrl+mav          0.26 ms    1.4%
   hud               3.98 ms   21.7%
   display           4.87 ms   26.5%
     detect          5.51 ms  (sub)
     tracker         0.00 ms  (sub)
     hud:overlay     0.67 ms  (sub)
     hud:setup       0.10 ms  (sub)
     hud:ladder      0.10 ms  (sub)
     hud:warp        1.75 ms  (sub)
     hud:arc         0.05 ms  (sub)
     hud:blend       0.88 ms  (sub)
     hud:yaw         0.35 ms  (sub)
     hud:cross       0.04 ms  (sub)
     disp:record     0.00 ms  (sub)
     disp:imshow     0.59 ms  (sub)
     disp:waitkey    4.24 ms  (sub)
[PROF 09:27:55]  50 frames   18.38 ms/frame  ->  54.4 FPS
   capture           3.42 ms   18.6%
   track             5.76 ms   31.4%
   ctrl+mav          0.36 ms    2.0%
   hud               3.91 ms   21.3%
   display           4.92 ms   26.8%
     detect          5.24 ms  (sub)
     tracker         0.00 ms  (sub)
     hud:overlay     0.67 ms  (sub)
     hud:setup       0.09 ms  (sub)
     hud:ladder      0.10 ms  (sub)
     hud:warp        1.72 ms  (sub)
     hud:arc         0.05 ms  (sub)
     hud:blend       0.85 ms  (sub)
     hud:yaw         0.34 ms  (sub)
     hud:cross       0.05 ms  (sub)
     disp:record     0.00 ms  (sub)
     disp:imshow     0.55 ms  (sub)
     disp:waitkey    4.33 ms  (sub)
[PROF 09:27:57]  57 frames   18.12 ms/frame  ->  55.2 FPS
   capture           3.23 ms   17.8%
   track             5.59 ms   30.9%
   ctrl+mav          0.28 ms    1.6%
   hud               3.96 ms   21.8%
   display           5.06 ms   27.9%
     detect          5.10 ms  (sub)
     tracker         0.00 ms  (sub)
     hud:overlay     0.67 ms  (sub)
     hud:setup       0.09 ms  (sub)
     hud:ladder      0.10 ms  (sub)
     hud:warp        1.74 ms  (sub)
     hud:arc         0.05 ms  (sub)
     hud:blend       0.83 ms  (sub)
     hud:yaw         0.38 ms  (sub)
     hud:cross       0.05 ms  (sub)
     disp:record     0.00 ms  (sub)
     disp:imshow     0.54 ms  (sub)
     disp:waitkey    4.46 ms  (sub)
