# pipeline profile — started 2026-08-27 09:15:55
[PROF 09:15:55]   5 frames   80.58 ms/frame  ->  12.4 FPS
   capture          27.12 ms   33.6%
   track            13.16 ms   16.3%
   ctrl+mav          4.81 ms    6.0%
   hud              17.12 ms   21.2%
   display          18.37 ms   22.8%
     detect         12.15 ms  (sub)
     tracker         0.00 ms  (sub)
     hud:overlay     2.84 ms  (sub)
     hud:setup       0.30 ms  (sub)
     hud:ladder      0.54 ms  (sub)
     hud:warp        6.63 ms  (sub)
     hud:arc         0.41 ms  (sub)
     hud:blend       3.29 ms  (sub)
     hud:yaw         1.87 ms  (sub)
     hud:cross       1.09 ms  (sub)
     disp:record     0.01 ms  (sub)
     disp:imshow     3.50 ms  (sub)
     disp:waitkey   14.62 ms  (sub)
[PROF 09:15:57]  34 frames   59.12 ms/frame  ->  16.9 FPS
   capture          18.33 ms   31.0%
   track            13.33 ms   22.5%
   ctrl+mav          3.04 ms    5.1%
   hud              15.25 ms   25.8%
   display           9.16 ms   15.5%
     detect         12.08 ms  (sub)
     tracker         0.00 ms  (sub)
     hud:overlay     2.59 ms  (sub)
     hud:setup       0.24 ms  (sub)
     hud:ladder      0.44 ms  (sub)
     hud:warp        7.30 ms  (sub)
     hud:arc         0.21 ms  (sub)
     hud:blend       2.98 ms  (sub)
     hud:yaw         1.23 ms  (sub)
     hud:cross       0.14 ms  (sub)
     disp:record     0.01 ms  (sub)
     disp:imshow     1.40 ms  (sub)
     disp:waitkey    7.68 ms  (sub)
[PROF 09:15:59]  30 frames   65.94 ms/frame  ->  15.2 FPS
   capture          21.96 ms   33.3%
   track            12.47 ms   18.9%
   ctrl+mav          2.93 ms    4.4%
   hud              18.15 ms   27.5%
   display          10.44 ms   15.8%
     detect         11.52 ms  (sub)
     tracker         0.00 ms  (sub)
     hud:overlay     2.93 ms  (sub)
     hud:setup       0.31 ms  (sub)
     hud:ladder      0.39 ms  (sub)
     hud:warp        9.10 ms  (sub)
     hud:arc         0.20 ms  (sub)
     hud:blend       3.42 ms  (sub)
     hud:yaw         1.51 ms  (sub)
     hud:cross       0.17 ms  (sub)
     disp:record     0.01 ms  (sub)
     disp:imshow     2.16 ms  (sub)
     disp:waitkey    8.18 ms  (sub)
[PROF 09:16:01]  28 frames   70.35 ms/frame  ->  14.2 FPS
   capture          23.08 ms   32.8%
   track            14.69 ms   20.9%
   ctrl+mav          3.55 ms    5.0%
   hud              18.26 ms   26.0%
   display          10.77 ms   15.3%
     detect         13.53 ms  (sub)
     tracker         0.00 ms  (sub)
     hud:overlay     3.25 ms  (sub)
     hud:setup       0.25 ms  (sub)
     hud:ladder      0.43 ms  (sub)
     hud:warp        8.11 ms  (sub)
     hud:arc         0.20 ms  (sub)
     hud:blend       3.85 ms  (sub)
     hud:yaw         1.87 ms  (sub)
     hud:cross       0.17 ms  (sub)
     disp:record     0.01 ms  (sub)
     disp:imshow     2.51 ms  (sub)
     disp:waitkey    8.17 ms  (sub)
[PROF 09:16:03]  28 frames   72.05 ms/frame  ->  13.9 FPS
   capture          23.50 ms   32.6%
   track            14.32 ms   19.9%
   ctrl+mav          4.33 ms    6.0%
   hud              20.15 ms   28.0%
   display           9.75 ms   13.5%
     detect         13.11 ms  (sub)
     tracker         0.00 ms  (sub)
     hud:overlay     3.81 ms  (sub)
     hud:setup       0.31 ms  (sub)
     hud:ladder      0.52 ms  (sub)
     hud:warp        9.10 ms  (sub)
     hud:arc         0.27 ms  (sub)
     hud:blend       4.25 ms  (sub)
     hud:yaw         1.55 ms  (sub)
     hud:cross       0.19 ms  (sub)
     disp:record     0.01 ms  (sub)
     disp:imshow     1.04 ms  (sub)
     disp:waitkey    8.61 ms  (sub)
[PROF 09:16:05]  23 frames   74.34 ms/frame  ->  13.5 FPS
   capture          25.70 ms   34.6%
   track            14.10 ms   19.0%
   ctrl+mav          4.07 ms    5.5%
   hud              20.39 ms   27.4%
   display          10.09 ms   13.6%
     detect         12.94 ms  (sub)
     tracker         0.00 ms  (sub)
     hud:overlay     3.46 ms  (sub)
     hud:setup       0.29 ms  (sub)
     hud:ladder      0.61 ms  (sub)
     hud:warp        9.79 ms  (sub)
     hud:arc         0.22 ms  (sub)
     hud:blend       3.94 ms  (sub)
     hud:yaw         1.70 ms  (sub)
     hud:cross       0.24 ms  (sub)
     disp:record     0.01 ms  (sub)
     disp:imshow     1.16 ms  (sub)
     disp:waitkey    8.83 ms  (sub)
[PROF 09:16:07]  29 frames   71.82 ms/frame  ->  13.9 FPS
   capture          22.23 ms   31.0%
   track            13.69 ms   19.1%
   ctrl+mav          3.99 ms    5.6%
   hud              21.67 ms   30.2%
   display          10.23 ms   14.2%
     detect         12.62 ms  (sub)
     tracker         0.00 ms  (sub)
     hud:overlay     3.49 ms  (sub)
     hud:setup       0.30 ms  (sub)
     hud:ladder      0.49 ms  (sub)
     hud:warp       10.97 ms  (sub)
     hud:arc         0.21 ms  (sub)
     hud:blend       4.10 ms  (sub)
     hud:yaw         1.72 ms  (sub)
     hud:cross       0.24 ms  (sub)
     disp:record     0.01 ms  (sub)
     disp:imshow     1.26 ms  (sub)
     disp:waitkey    8.84 ms  (sub)
[PROF 09:16:09]  25 frames   82.72 ms/frame  ->  12.1 FPS
   capture          26.25 ms   31.7%
   track            15.50 ms   18.7%
   ctrl+mav          4.61 ms    5.6%
   hud              25.87 ms   31.3%
   display          10.49 ms   12.7%
     detect         14.34 ms  (sub)
     tracker         0.00 ms  (sub)
     hud:overlay     4.08 ms  (sub)
     hud:setup       0.46 ms  (sub)
     hud:ladder      0.90 ms  (sub)
     hud:warp       12.50 ms  (sub)
     hud:arc         0.25 ms  (sub)
     hud:blend       5.48 ms  (sub)
     hud:yaw         1.80 ms  (sub)
     hud:cross       0.23 ms  (sub)
     disp:record     0.01 ms  (sub)
     disp:imshow     1.29 ms  (sub)
     disp:waitkey    9.10 ms  (sub)
[PROF 09:16:11]  23 frames   86.31 ms/frame  ->  11.6 FPS
   capture          25.14 ms   29.1%
   track            16.65 ms   19.3%
   ctrl+mav          5.89 ms    6.8%
   hud              26.51 ms   30.7%
   display          12.12 ms   14.0%
     detect         15.14 ms  (sub)
     tracker         0.00 ms  (sub)
     hud:overlay     4.35 ms  (sub)
     hud:setup       0.40 ms  (sub)
     hud:ladder      0.60 ms  (sub)
     hud:warp       13.03 ms  (sub)
     hud:arc         0.34 ms  (sub)
     hud:blend       5.21 ms  (sub)
     hud:yaw         2.21 ms  (sub)
     hud:cross       0.20 ms  (sub)
     disp:record     0.01 ms  (sub)
     disp:imshow     1.41 ms  (sub)
     disp:waitkey   10.60 ms  (sub)
[PROF 09:16:13]  27 frames   70.41 ms/frame  ->  14.2 FPS
   capture          22.16 ms   31.5%
   track            13.97 ms   19.8%
   ctrl+mav          4.12 ms    5.8%
   hud              20.24 ms   28.7%
   display           9.92 ms   14.1%
     detect         12.84 ms  (sub)
     tracker         0.00 ms  (sub)
     hud:overlay     3.57 ms  (sub)
     hud:setup       0.28 ms  (sub)
     hud:ladder      0.44 ms  (sub)
     hud:warp       10.02 ms  (sub)
     hud:arc         0.25 ms  (sub)
     hud:blend       3.79 ms  (sub)
     hud:yaw         1.58 ms  (sub)
     hud:cross       0.18 ms  (sub)
     disp:record     0.01 ms  (sub)
     disp:imshow     1.26 ms  (sub)
     disp:waitkey    8.57 ms  (sub)
[PROF 09:16:15]  18 frames  116.50 ms/frame  ->   8.6 FPS
   capture          38.26 ms   32.8%
   track            21.16 ms   18.2%
   ctrl+mav          7.62 ms    6.5%
   hud              33.09 ms   28.4%
   display          16.38 ms   14.1%
     detect         19.30 ms  (sub)
     tracker         0.00 ms  (sub)
     hud:overlay     5.28 ms  (sub)
     hud:setup       0.41 ms  (sub)
     hud:ladder      0.85 ms  (sub)
     hud:warp       16.60 ms  (sub)
     hud:arc         0.30 ms  (sub)
     hud:blend       6.24 ms  (sub)
     hud:yaw         2.91 ms  (sub)
     hud:cross       0.31 ms  (sub)
     disp:record     0.01 ms  (sub)
     disp:imshow     1.59 ms  (sub)
     disp:waitkey   14.65 ms  (sub)
[PROF 09:16:17]  27 frames   71.04 ms/frame  ->  14.1 FPS
   capture          22.88 ms   32.2%
   track            14.48 ms   20.4%
   ctrl+mav          3.83 ms    5.4%
   hud              20.06 ms   28.2%
   display           9.78 ms   13.8%
     detect         13.22 ms  (sub)
     tracker         0.00 ms  (sub)
     hud:overlay     3.53 ms  (sub)
     hud:setup       0.33 ms  (sub)
     hud:ladder      0.54 ms  (sub)
     hud:warp        9.55 ms  (sub)
     hud:arc         0.26 ms  (sub)
     hud:blend       3.61 ms  (sub)
     hud:yaw         1.91 ms  (sub)
     hud:cross       0.19 ms  (sub)
     disp:record     0.01 ms  (sub)
     disp:imshow     1.49 ms  (sub)
     disp:waitkey    8.20 ms  (sub)
