# pipeline profile — started 2026-08-27 09:04:18
[PROF 09:04:18]   1 frames   78.08 ms/frame  ->  12.8 FPS
   capture           9.27 ms   11.9%
   track             6.74 ms    8.6%
   ctrl+mav         10.66 ms   13.7%
   hud              24.60 ms   31.5%
   display          26.81 ms   34.3%
     detect          6.02 ms  (sub)
     tracker         0.00 ms  (sub)
     hud:overlay     6.58 ms  (sub)
     hud:setup       0.16 ms  (sub)
     hud:ladder      2.09 ms  (sub)
     hud:warp       10.25 ms  (sub)
     hud:arc         1.17 ms  (sub)
     hud:blend       3.76 ms  (sub)
     hud:yaw         0.45 ms  (sub)
     hud:cross       0.06 ms  (sub)
     disp:record     0.01 ms  (sub)
     disp:imshow     5.95 ms  (sub)
     disp:waitkey   20.81 ms  (sub)
[PROF 09:04:20]  52 frames   23.96 ms/frame  ->  41.7 FPS
   capture           5.82 ms   24.3%
   track             6.43 ms   26.8%
   ctrl+mav          0.51 ms    2.1%
   hud               5.69 ms   23.7%
   display           5.52 ms   23.0%
     detect          5.91 ms  (sub)
     tracker         0.00 ms  (sub)
     hud:overlay     1.00 ms  (sub)
     hud:setup       0.10 ms  (sub)
     hud:ladder      0.13 ms  (sub)
     hud:warp        2.64 ms  (sub)
     hud:arc         0.07 ms  (sub)
     hud:blend       1.21 ms  (sub)
     hud:yaw         0.43 ms  (sub)
     hud:cross       0.06 ms  (sub)
     disp:record     0.00 ms  (sub)
     disp:imshow     0.76 ms  (sub)
     disp:waitkey    4.72 ms  (sub)
[PROF 09:04:22]  59 frames   23.34 ms/frame  ->  42.8 FPS
   capture           4.72 ms   20.2%
   track             6.34 ms   27.2%
   ctrl+mav          0.46 ms    2.0%
   hud               5.79 ms   24.8%
   display           6.03 ms   25.8%
     detect          5.78 ms  (sub)
     tracker         0.00 ms  (sub)
     hud:overlay     1.01 ms  (sub)
     hud:setup       0.11 ms  (sub)
     hud:ladder      0.14 ms  (sub)
     hud:warp        2.61 ms  (sub)
     hud:arc         0.09 ms  (sub)
     hud:blend       1.25 ms  (sub)
     hud:yaw         0.46 ms  (sub)
     hud:cross       0.07 ms  (sub)
     disp:record     0.00 ms  (sub)
     disp:imshow     0.83 ms  (sub)
     disp:waitkey    5.15 ms  (sub)
[PROF 09:04:24]  55 frames   23.19 ms/frame  ->  43.1 FPS
   capture           4.78 ms   20.6%
   track             6.67 ms   28.7%
   ctrl+mav          0.45 ms    1.9%
   hud               5.70 ms   24.6%
   display           5.61 ms   24.2%
     detect          6.11 ms  (sub)
     tracker         0.00 ms  (sub)
     hud:overlay     1.01 ms  (sub)
     hud:setup       0.10 ms  (sub)
     hud:ladder      0.14 ms  (sub)
     hud:warp        2.54 ms  (sub)
     hud:arc         0.08 ms  (sub)
     hud:blend       1.26 ms  (sub)
     hud:yaw         0.46 ms  (sub)
     hud:cross       0.06 ms  (sub)
     disp:record     0.00 ms  (sub)
     disp:imshow     0.76 ms  (sub)
     disp:waitkey    4.80 ms  (sub)
[PROF 09:04:26]  56 frames   23.14 ms/frame  ->  43.2 FPS
   capture           4.85 ms   21.0%
   track             6.53 ms   28.2%
   ctrl+mav          0.49 ms    2.1%
   hud               5.69 ms   24.6%
   display           5.59 ms   24.1%
     detect          6.03 ms  (sub)
     tracker         0.00 ms  (sub)
     hud:overlay     0.99 ms  (sub)
     hud:setup       0.12 ms  (sub)
     hud:ladder      0.14 ms  (sub)
     hud:warp        2.60 ms  (sub)
     hud:arc         0.07 ms  (sub)
     hud:blend       1.20 ms  (sub)
     hud:yaw         0.47 ms  (sub)
     hud:cross       0.06 ms  (sub)
     disp:record     0.00 ms  (sub)
     disp:imshow     0.57 ms  (sub)
     disp:waitkey    4.97 ms  (sub)
[PROF 09:04:28]  56 frames   23.01 ms/frame  ->  43.5 FPS
   capture           4.68 ms   20.3%
   track             6.49 ms   28.2%
   ctrl+mav          0.48 ms    2.1%
   hud               5.85 ms   25.4%
   display           5.50 ms   23.9%
     detect          5.98 ms  (sub)
     tracker         0.00 ms  (sub)
     hud:overlay     1.01 ms  (sub)
     hud:setup       0.11 ms  (sub)
     hud:ladder      0.15 ms  (sub)
     hud:warp        2.72 ms  (sub)
     hud:arc         0.07 ms  (sub)
     hud:blend       1.21 ms  (sub)
     hud:yaw         0.47 ms  (sub)
     hud:cross       0.06 ms  (sub)
     disp:record     0.00 ms  (sub)
     disp:imshow     0.57 ms  (sub)
     disp:waitkey    4.89 ms  (sub)
[PROF 09:04:30]  54 frames   23.23 ms/frame  ->  43.0 FPS
   capture           5.22 ms   22.5%
   track             6.74 ms   29.0%
   ctrl+mav          0.57 ms    2.4%
   hud               5.46 ms   23.5%
   display           5.25 ms   22.6%
     detect          6.18 ms  (sub)
     tracker         0.00 ms  (sub)
     hud:overlay     1.02 ms  (sub)
     hud:setup       0.10 ms  (sub)
     hud:ladder      0.14 ms  (sub)
     hud:warp        2.40 ms  (sub)
     hud:arc         0.07 ms  (sub)
     hud:blend       1.17 ms  (sub)
     hud:yaw         0.46 ms  (sub)
     hud:cross       0.06 ms  (sub)
     disp:record     0.00 ms  (sub)
     disp:imshow     0.60 ms  (sub)
     disp:waitkey    4.60 ms  (sub)
[PROF 09:04:32]  60 frames   22.57 ms/frame  ->  44.3 FPS
   capture           4.89 ms   21.7%
   track             6.16 ms   27.3%
   ctrl+mav          0.46 ms    2.1%
   hud               5.64 ms   25.0%
   display           5.41 ms   24.0%
     detect          5.62 ms  (sub)
     tracker         0.00 ms  (sub)
     hud:overlay     0.99 ms  (sub)
     hud:setup       0.10 ms  (sub)
     hud:ladder      0.13 ms  (sub)
     hud:warp        2.63 ms  (sub)
     hud:arc         0.07 ms  (sub)
     hud:blend       1.17 ms  (sub)
     hud:yaw         0.46 ms  (sub)
     hud:cross       0.06 ms  (sub)
     disp:record     0.00 ms  (sub)
     disp:imshow     0.67 ms  (sub)
     disp:waitkey    4.70 ms  (sub)
[PROF 09:04:34]  59 frames   22.55 ms/frame  ->  44.3 FPS
   capture           4.77 ms   21.1%
   track             6.51 ms   28.9%
   ctrl+mav          0.43 ms    1.9%
   hud               5.52 ms   24.5%
   display           5.33 ms   23.6%
     detect          6.00 ms  (sub)
     tracker         0.00 ms  (sub)
     hud:overlay     1.04 ms  (sub)
     hud:setup       0.10 ms  (sub)
     hud:ladder      0.18 ms  (sub)
     hud:warp        2.40 ms  (sub)
     hud:arc         0.08 ms  (sub)
     hud:blend       1.18 ms  (sub)
     hud:yaw         0.45 ms  (sub)
     hud:cross       0.06 ms  (sub)
     disp:record     0.00 ms  (sub)
     disp:imshow     0.57 ms  (sub)
     disp:waitkey    4.71 ms  (sub)
[PROF 09:04:36]  56 frames   22.91 ms/frame  ->  43.6 FPS
   capture           5.15 ms   22.5%
   track             6.37 ms   27.8%
   ctrl+mav          0.50 ms    2.2%
   hud               5.45 ms   23.8%
   display           5.45 ms   23.8%
     detect          5.86 ms  (sub)
     tracker         0.00 ms  (sub)
     hud:overlay     1.00 ms  (sub)
     hud:setup       0.10 ms  (sub)
     hud:ladder      0.14 ms  (sub)
     hud:warp        2.37 ms  (sub)
     hud:arc         0.07 ms  (sub)
     hud:blend       1.18 ms  (sub)
     hud:yaw         0.49 ms  (sub)
     hud:cross       0.06 ms  (sub)
     disp:record     0.00 ms  (sub)
     disp:imshow     0.62 ms  (sub)
     disp:waitkey    4.78 ms  (sub)
[PROF 09:04:38]  57 frames   22.79 ms/frame  ->  43.9 FPS
   capture           5.19 ms   22.8%
   track             6.32 ms   27.7%
   ctrl+mav          0.45 ms    2.0%
   hud               5.55 ms   24.3%
   display           5.29 ms   23.2%
     detect          5.82 ms  (sub)
     tracker         0.00 ms  (sub)
     hud:overlay     1.02 ms  (sub)
     hud:setup       0.10 ms  (sub)
     hud:ladder      0.14 ms  (sub)
     hud:warp        2.44 ms  (sub)
     hud:arc         0.07 ms  (sub)
     hud:blend       1.20 ms  (sub)
     hud:yaw         0.47 ms  (sub)
     hud:cross       0.06 ms  (sub)
     disp:record     0.00 ms  (sub)
     disp:imshow     0.62 ms  (sub)
     disp:waitkey    4.62 ms  (sub)
[PROF 09:04:40]  58 frames   22.93 ms/frame  ->  43.6 FPS
   capture           5.20 ms   22.7%
   track             6.27 ms   27.3%
   ctrl+mav          0.42 ms    1.8%
   hud               5.68 ms   24.8%
   display           5.37 ms   23.4%
     detect          5.77 ms  (sub)
     tracker         0.00 ms  (sub)
     hud:overlay     1.00 ms  (sub)
     hud:setup       0.10 ms  (sub)
     hud:ladder      0.14 ms  (sub)
     hud:warp        2.56 ms  (sub)
     hud:arc         0.13 ms  (sub)
     hud:blend       1.17 ms  (sub)
     hud:yaw         0.47 ms  (sub)
     hud:cross       0.06 ms  (sub)
     disp:record     0.00 ms  (sub)
     disp:imshow     0.53 ms  (sub)
     disp:waitkey    4.80 ms  (sub)
[PROF 09:04:42]  59 frames   22.53 ms/frame  ->  44.4 FPS
   capture           4.64 ms   20.6%
   track             6.54 ms   29.0%
   ctrl+mav          0.47 ms    2.1%
   hud               5.37 ms   23.8%
   display           5.51 ms   24.4%
     detect          6.01 ms  (sub)
     tracker         0.00 ms  (sub)
     hud:overlay     1.01 ms  (sub)
     hud:setup       0.09 ms  (sub)
     hud:ladder      0.15 ms  (sub)
     hud:warp        2.30 ms  (sub)
     hud:arc         0.07 ms  (sub)
     hud:blend       1.18 ms  (sub)
     hud:yaw         0.47 ms  (sub)
     hud:cross       0.07 ms  (sub)
     disp:record     0.00 ms  (sub)
     disp:imshow     0.64 ms  (sub)
     disp:waitkey    4.82 ms  (sub)
[PROF 09:04:44]  53 frames   23.02 ms/frame  ->  43.4 FPS
   capture           5.21 ms   22.6%
   track             6.32 ms   27.4%
   ctrl+mav          0.45 ms    1.9%
   hud               5.77 ms   25.1%
   display           5.28 ms   22.9%
     detect          5.80 ms  (sub)
     tracker         0.00 ms  (sub)
     hud:overlay     1.04 ms  (sub)
     hud:setup       0.10 ms  (sub)
     hud:ladder      0.14 ms  (sub)
     hud:warp        2.57 ms  (sub)
     hud:arc         0.07 ms  (sub)
     hud:blend       1.22 ms  (sub)
     hud:yaw         0.53 ms  (sub)
     hud:cross       0.06 ms  (sub)
     disp:record     0.00 ms  (sub)
     disp:imshow     0.57 ms  (sub)
     disp:waitkey    4.66 ms  (sub)
[PROF 09:04:46]  55 frames   23.12 ms/frame  ->  43.3 FPS
   capture           5.05 ms   21.8%
   track             6.88 ms   29.8%
   ctrl+mav          0.15 ms    0.7%
   hud               5.67 ms   24.5%
   display           5.37 ms   23.2%
     detect          6.32 ms  (sub)
     tracker         0.00 ms  (sub)
     hud:overlay     1.03 ms  (sub)
     hud:setup       0.10 ms  (sub)
     hud:ladder      0.14 ms  (sub)
     hud:warp        2.50 ms  (sub)
     hud:arc         0.08 ms  (sub)
     hud:blend       1.15 ms  (sub)
     hud:yaw         0.49 ms  (sub)
     hud:cross       0.06 ms  (sub)
     disp:record     0.00 ms  (sub)
     disp:imshow     0.63 ms  (sub)
     disp:waitkey    4.70 ms  (sub)
[PROF 09:04:48]  58 frames   22.48 ms/frame  ->  44.5 FPS
   capture           4.65 ms   20.7%
   track             6.63 ms   29.5%
   ctrl+mav          0.17 ms    0.8%
   hud               5.69 ms   25.3%
   display           5.33 ms   23.7%
     detect          6.11 ms  (sub)
     tracker         0.00 ms  (sub)
     hud:overlay     1.10 ms  (sub)
     hud:setup       0.11 ms  (sub)
     hud:ladder      0.14 ms  (sub)
     hud:warp        2.40 ms  (sub)
     hud:arc         0.07 ms  (sub)
     hud:blend       1.26 ms  (sub)
     hud:yaw         0.51 ms  (sub)
     hud:cross       0.07 ms  (sub)
     disp:record     0.00 ms  (sub)
     disp:imshow     0.62 ms  (sub)
     disp:waitkey    4.66 ms  (sub)
[PROF 09:04:50]  57 frames   22.62 ms/frame  ->  44.2 FPS
   capture           4.70 ms   20.8%
   track             6.53 ms   28.9%
   ctrl+mav          0.37 ms    1.6%
   hud               5.54 ms   24.5%
   display           5.48 ms   24.2%
     detect          5.99 ms  (sub)
     tracker         0.00 ms  (sub)
     hud:overlay     1.03 ms  (sub)
     hud:setup       0.10 ms  (sub)
     hud:ladder      0.13 ms  (sub)
     hud:warp        2.45 ms  (sub)
     hud:arc         0.08 ms  (sub)
     hud:blend       1.19 ms  (sub)
     hud:yaw         0.46 ms  (sub)
     hud:cross       0.06 ms  (sub)
     disp:record     0.00 ms  (sub)
     disp:imshow     0.60 ms  (sub)
     disp:waitkey    4.84 ms  (sub)
[PROF 09:04:52]  57 frames   22.76 ms/frame  ->  43.9 FPS
   capture           5.10 ms   22.4%
   track             6.39 ms   28.1%
   ctrl+mav          0.41 ms    1.8%
   hud               5.45 ms   24.0%
   display           5.41 ms   23.7%
     detect          5.81 ms  (sub)
     tracker         0.00 ms  (sub)
     hud:overlay     1.01 ms  (sub)
     hud:setup       0.10 ms  (sub)
     hud:ladder      0.14 ms  (sub)
     hud:warp        2.41 ms  (sub)
     hud:arc         0.07 ms  (sub)
     hud:blend       1.17 ms  (sub)
     hud:yaw         0.46 ms  (sub)
     hud:cross       0.06 ms  (sub)
     disp:record     0.00 ms  (sub)
     disp:imshow     0.60 ms  (sub)
     disp:waitkey    4.76 ms  (sub)
[PROF 09:04:54]  58 frames   22.47 ms/frame  ->  44.5 FPS
   capture           4.78 ms   21.3%
   track             6.50 ms   28.9%
   ctrl+mav          0.37 ms    1.7%
   hud               5.46 ms   24.3%
   display           5.35 ms   23.8%
     detect          5.98 ms  (sub)
     tracker         0.00 ms  (sub)
     hud:overlay     1.00 ms  (sub)
     hud:setup       0.11 ms  (sub)
     hud:ladder      0.14 ms  (sub)
     hud:warp        2.40 ms  (sub)
     hud:arc         0.07 ms  (sub)
     hud:blend       1.17 ms  (sub)
     hud:yaw         0.47 ms  (sub)
     hud:cross       0.07 ms  (sub)
     disp:record     0.00 ms  (sub)
     disp:imshow     0.57 ms  (sub)
     disp:waitkey    4.74 ms  (sub)
[PROF 09:04:56]  56 frames   22.27 ms/frame  ->  44.9 FPS
   capture           4.82 ms   21.7%
   track             6.43 ms   28.9%
   ctrl+mav          0.33 ms    1.5%
   hud               5.32 ms   23.9%
   display           5.36 ms   24.1%
     detect          5.93 ms  (sub)
     tracker         0.00 ms  (sub)
     hud:overlay     1.00 ms  (sub)
     hud:setup       0.10 ms  (sub)
     hud:ladder      0.13 ms  (sub)
     hud:warp        2.31 ms  (sub)
     hud:arc         0.07 ms  (sub)
     hud:blend       1.14 ms  (sub)
     hud:yaw         0.47 ms  (sub)
     hud:cross       0.06 ms  (sub)
     disp:record     0.00 ms  (sub)
     disp:imshow     0.61 ms  (sub)
     disp:waitkey    4.71 ms  (sub)
[PROF 09:04:58]  58 frames   22.90 ms/frame  ->  43.7 FPS
   capture           5.17 ms   22.6%
   track             6.40 ms   27.9%
   ctrl+mav          0.33 ms    1.4%
   hud               5.48 ms   23.9%
   display           5.52 ms   24.1%
     detect          5.83 ms  (sub)
     tracker         0.00 ms  (sub)
     hud:overlay     0.99 ms  (sub)
     hud:setup       0.10 ms  (sub)
     hud:ladder      0.13 ms  (sub)
     hud:warp        2.43 ms  (sub)
     hud:arc         0.07 ms  (sub)
     hud:blend       1.19 ms  (sub)
     hud:yaw         0.47 ms  (sub)
     hud:cross       0.06 ms  (sub)
     disp:record     0.00 ms  (sub)
     disp:imshow     0.62 ms  (sub)
     disp:waitkey    4.85 ms  (sub)
[PROF 09:05:00]  56 frames   22.50 ms/frame  ->  44.5 FPS
   capture           4.91 ms   21.8%
   track             6.11 ms   27.2%
   ctrl+mav          0.35 ms    1.5%
   hud               5.61 ms   24.9%
   display           5.52 ms   24.5%
     detect          5.61 ms  (sub)
     tracker         0.00 ms  (sub)
     hud:overlay     1.01 ms  (sub)
     hud:setup       0.10 ms  (sub)
     hud:ladder      0.13 ms  (sub)
     hud:warp        2.41 ms  (sub)
     hud:arc         0.07 ms  (sub)
     hud:blend       1.21 ms  (sub)
     hud:yaw         0.58 ms  (sub)
     hud:cross       0.06 ms  (sub)
     disp:record     0.00 ms  (sub)
     disp:imshow     0.58 ms  (sub)
     disp:waitkey    4.89 ms  (sub)
[PROF 09:05:02]  59 frames   22.77 ms/frame  ->  43.9 FPS
   capture           4.74 ms   20.8%
   track             6.49 ms   28.5%
   ctrl+mav          0.39 ms    1.7%
   hud               5.64 ms   24.8%
   display           5.51 ms   24.2%
     detect          5.99 ms  (sub)
     tracker         0.00 ms  (sub)
     hud:overlay     1.01 ms  (sub)
     hud:setup       0.10 ms  (sub)
     hud:ladder      0.14 ms  (sub)
     hud:warp        2.50 ms  (sub)
     hud:arc         0.08 ms  (sub)
     hud:blend       1.22 ms  (sub)
     hud:yaw         0.49 ms  (sub)
     hud:cross       0.07 ms  (sub)
     disp:record     0.00 ms  (sub)
     disp:imshow     0.55 ms  (sub)
     disp:waitkey    4.91 ms  (sub)
[PROF 09:05:04]  58 frames   23.16 ms/frame  ->  43.2 FPS
   capture           5.23 ms   22.6%
   track             6.48 ms   28.0%
   ctrl+mav          0.35 ms    1.5%
   hud               5.58 ms   24.1%
   display           5.52 ms   23.8%
     detect          5.94 ms  (sub)
     tracker         0.00 ms  (sub)
     hud:overlay     1.03 ms  (sub)
     hud:setup       0.10 ms  (sub)
     hud:ladder      0.14 ms  (sub)
     hud:warp        2.47 ms  (sub)
     hud:arc         0.08 ms  (sub)
     hud:blend       1.19 ms  (sub)
     hud:yaw         0.47 ms  (sub)
     hud:cross       0.07 ms  (sub)
     disp:record     0.00 ms  (sub)
     disp:imshow     0.58 ms  (sub)
     disp:waitkey    4.90 ms  (sub)
[PROF 09:05:06]  58 frames   22.43 ms/frame  ->  44.6 FPS
   capture           5.01 ms   22.3%
   track             6.38 ms   28.4%
   ctrl+mav          0.37 ms    1.6%
   hud               5.46 ms   24.3%
   display           5.22 ms   23.3%
     detect          5.81 ms  (sub)
     tracker         0.00 ms  (sub)
     hud:overlay     1.00 ms  (sub)
     hud:setup       0.10 ms  (sub)
     hud:ladder      0.17 ms  (sub)
     hud:warp        2.37 ms  (sub)
     hud:arc         0.07 ms  (sub)
     hud:blend       1.14 ms  (sub)
     hud:yaw         0.50 ms  (sub)
     hud:cross       0.06 ms  (sub)
     disp:record     0.00 ms  (sub)
     disp:imshow     0.53 ms  (sub)
     disp:waitkey    4.65 ms  (sub)
[PROF 09:05:08]  51 frames   23.75 ms/frame  ->  42.1 FPS
   capture           5.44 ms   22.9%
   track             6.83 ms   28.8%
   ctrl+mav          0.41 ms    1.7%
   hud               5.75 ms   24.2%
   display           5.33 ms   22.4%
     detect          6.15 ms  (sub)
     tracker         0.00 ms  (sub)
     hud:overlay     1.04 ms  (sub)
     hud:setup       0.10 ms  (sub)
     hud:ladder      0.14 ms  (sub)
     hud:warp        2.67 ms  (sub)
     hud:arc         0.07 ms  (sub)
     hud:blend       1.14 ms  (sub)
     hud:yaw         0.48 ms  (sub)
     hud:cross       0.06 ms  (sub)
     disp:record     0.00 ms  (sub)
     disp:imshow     0.56 ms  (sub)
     disp:waitkey    4.73 ms  (sub)
[PROF 09:05:10]  55 frames   22.95 ms/frame  ->  43.6 FPS
   capture           4.98 ms   21.7%
   track             6.56 ms   28.6%
   ctrl+mav          0.42 ms    1.8%
   hud               5.61 ms   24.5%
   display           5.37 ms   23.4%
     detect          6.07 ms  (sub)
     tracker         0.00 ms  (sub)
     hud:overlay     0.98 ms  (sub)
     hud:setup       0.11 ms  (sub)
     hud:ladder      0.20 ms  (sub)
     hud:warp        2.49 ms  (sub)
     hud:arc         0.07 ms  (sub)
     hud:blend       1.15 ms  (sub)
     hud:yaw         0.48 ms  (sub)
     hud:cross       0.08 ms  (sub)
     disp:record     0.00 ms  (sub)
     disp:imshow     0.61 ms  (sub)
     disp:waitkey    4.72 ms  (sub)
[PROF 09:05:12]  51 frames   22.94 ms/frame  ->  43.6 FPS
   capture           5.15 ms   22.4%
   track             6.59 ms   28.7%
   ctrl+mav          0.34 ms    1.5%
   hud               5.42 ms   23.6%
   display           5.44 ms   23.7%
     detect          6.02 ms  (sub)
     tracker         0.00 ms  (sub)
     hud:overlay     1.05 ms  (sub)
     hud:setup       0.11 ms  (sub)
     hud:ladder      0.14 ms  (sub)
     hud:warp        2.35 ms  (sub)
     hud:arc         0.07 ms  (sub)
     hud:blend       1.14 ms  (sub)
     hud:yaw         0.45 ms  (sub)
     hud:cross       0.06 ms  (sub)
     disp:record     0.00 ms  (sub)
     disp:imshow     0.63 ms  (sub)
     disp:waitkey    4.76 ms  (sub)
[PROF 09:05:14]  56 frames   23.02 ms/frame  ->  43.4 FPS
   capture           5.06 ms   22.0%
   track             6.72 ms   29.2%
   ctrl+mav          0.45 ms    2.0%
   hud               5.39 ms   23.4%
   display           5.40 ms   23.5%
     detect          6.18 ms  (sub)
     tracker         0.00 ms  (sub)
     hud:overlay     0.99 ms  (sub)
     hud:setup       0.10 ms  (sub)
     hud:ladder      0.13 ms  (sub)
     hud:warp        2.34 ms  (sub)
     hud:arc         0.07 ms  (sub)
     hud:blend       1.19 ms  (sub)
     hud:yaw         0.46 ms  (sub)
     hud:cross       0.06 ms  (sub)
     disp:record     0.00 ms  (sub)
     disp:imshow     0.55 ms  (sub)
     disp:waitkey    4.80 ms  (sub)
[PROF 09:05:16]  55 frames   24.97 ms/frame  ->  40.1 FPS
   capture           5.07 ms   20.3%
   track             6.61 ms   26.5%
   ctrl+mav          0.38 ms    1.5%
   hud               5.74 ms   23.0%
   display           7.17 ms   28.7%
     detect          6.02 ms  (sub)
     tracker         0.00 ms  (sub)
     hud:overlay     1.00 ms  (sub)
     hud:setup       0.11 ms  (sub)
     hud:ladder      0.14 ms  (sub)
     hud:warp        2.62 ms  (sub)
     hud:arc         0.08 ms  (sub)
     hud:blend       1.20 ms  (sub)
     hud:yaw         0.48 ms  (sub)
     hud:cross       0.07 ms  (sub)
     disp:record     0.00 ms  (sub)
     disp:imshow     0.64 ms  (sub)
     disp:waitkey    6.49 ms  (sub)
[PROF 09:05:18]  59 frames   23.29 ms/frame  ->  42.9 FPS
   capture           4.83 ms   20.7%
   track             6.60 ms   28.3%
   ctrl+mav          0.39 ms    1.7%
   hud               5.77 ms   24.8%
   display           5.70 ms   24.5%
     detect          6.06 ms  (sub)
     tracker         0.00 ms  (sub)
     hud:overlay     1.06 ms  (sub)
     hud:setup       0.14 ms  (sub)
     hud:ladder      0.14 ms  (sub)
     hud:warp        2.57 ms  (sub)
     hud:arc         0.07 ms  (sub)
     hud:blend       1.21 ms  (sub)
     hud:yaw         0.48 ms  (sub)
     hud:cross       0.07 ms  (sub)
     disp:record     0.00 ms  (sub)
     disp:imshow     0.64 ms  (sub)
     disp:waitkey    5.01 ms  (sub)
[PROF 09:05:20]  59 frames   23.39 ms/frame  ->  42.8 FPS
   capture           5.12 ms   21.9%
   track             6.55 ms   28.0%
   ctrl+mav          0.37 ms    1.6%
   hud               5.71 ms   24.4%
   display           5.63 ms   24.1%
     detect          5.92 ms  (sub)
     tracker         0.00 ms  (sub)
     hud:overlay     1.10 ms  (sub)
     hud:setup       0.11 ms  (sub)
     hud:ladder      0.13 ms  (sub)
     hud:warp        2.56 ms  (sub)
     hud:arc         0.07 ms  (sub)
     hud:blend       1.18 ms  (sub)
     hud:yaw         0.45 ms  (sub)
     hud:cross       0.06 ms  (sub)
     disp:record     0.00 ms  (sub)
     disp:imshow     0.60 ms  (sub)
     disp:waitkey    4.99 ms  (sub)
[PROF 09:05:22]  60 frames   23.59 ms/frame  ->  42.4 FPS
   capture           4.85 ms   20.6%
   track             6.54 ms   27.7%
   ctrl+mav          0.40 ms    1.7%
   hud               5.86 ms   24.8%
   display           5.95 ms   25.2%
     detect          5.99 ms  (sub)
     tracker         0.00 ms  (sub)
     hud:overlay     1.04 ms  (sub)
     hud:setup       0.11 ms  (sub)
     hud:ladder      0.13 ms  (sub)
     hud:warp        2.59 ms  (sub)
     hud:arc         0.07 ms  (sub)
     hud:blend       1.32 ms  (sub)
     hud:yaw         0.46 ms  (sub)
     hud:cross       0.09 ms  (sub)
     disp:record     0.00 ms  (sub)
     disp:imshow     0.63 ms  (sub)
     disp:waitkey    5.27 ms  (sub)
[PROF 09:05:24]  56 frames   24.05 ms/frame  ->  41.6 FPS
   capture           4.98 ms   20.7%
   track             6.76 ms   28.1%
   ctrl+mav          0.44 ms    1.8%
   hud               5.82 ms   24.2%
   display           6.04 ms   25.1%
     detect          6.16 ms  (sub)
     tracker         0.00 ms  (sub)
     hud:overlay     1.03 ms  (sub)
     hud:setup       0.11 ms  (sub)
     hud:ladder      0.13 ms  (sub)
     hud:warp        2.64 ms  (sub)
     hud:arc         0.07 ms  (sub)
     hud:blend       1.24 ms  (sub)
     hud:yaw         0.49 ms  (sub)
     hud:cross       0.06 ms  (sub)
     disp:record     0.00 ms  (sub)
     disp:imshow     0.64 ms  (sub)
     disp:waitkey    5.35 ms  (sub)
[PROF 09:05:26]  59 frames   23.79 ms/frame  ->  42.0 FPS
   capture           5.05 ms   21.2%
   track             6.93 ms   29.1%
   ctrl+mav          0.45 ms    1.9%
   hud               5.59 ms   23.5%
   display           5.77 ms   24.3%
     detect          6.32 ms  (sub)
     tracker         0.00 ms  (sub)
     hud:overlay     1.03 ms  (sub)
     hud:setup       0.11 ms  (sub)
     hud:ladder      0.14 ms  (sub)
     hud:warp        2.41 ms  (sub)
     hud:arc         0.08 ms  (sub)
     hud:blend       1.26 ms  (sub)
     hud:yaw         0.47 ms  (sub)
     hud:cross       0.06 ms  (sub)
     disp:record     0.00 ms  (sub)
     disp:imshow     0.70 ms  (sub)
     disp:waitkey    5.02 ms  (sub)
[PROF 09:05:28]  57 frames   23.34 ms/frame  ->  42.9 FPS
   capture           4.62 ms   19.8%
   track             6.92 ms   29.6%
   ctrl+mav          0.40 ms    1.7%
   hud               5.70 ms   24.4%
   display           5.71 ms   24.5%
     detect          6.27 ms  (sub)
     tracker         0.00 ms  (sub)
     hud:overlay     1.08 ms  (sub)
     hud:setup       0.11 ms  (sub)
     hud:ladder      0.13 ms  (sub)
     hud:warp        2.40 ms  (sub)
     hud:arc         0.09 ms  (sub)
     hud:blend       1.27 ms  (sub)
     hud:yaw         0.50 ms  (sub)
     hud:cross       0.07 ms  (sub)
     disp:record     0.00 ms  (sub)
     disp:imshow     0.68 ms  (sub)
     disp:waitkey    4.99 ms  (sub)
[PROF 09:05:30]  60 frames   23.45 ms/frame  ->  42.6 FPS
   capture           4.73 ms   20.2%
   track             6.73 ms   28.7%
   ctrl+mav          0.36 ms    1.5%
   hud               5.86 ms   25.0%
   display           5.77 ms   24.6%
     detect          6.15 ms  (sub)
     tracker         0.00 ms  (sub)
     hud:overlay     1.03 ms  (sub)
     hud:setup       0.16 ms  (sub)
     hud:ladder      0.13 ms  (sub)
     hud:warp        2.53 ms  (sub)
     hud:arc         0.07 ms  (sub)
     hud:blend       1.30 ms  (sub)
     hud:yaw         0.51 ms  (sub)
     hud:cross       0.08 ms  (sub)
     disp:record     0.00 ms  (sub)
     disp:imshow     0.68 ms  (sub)
     disp:waitkey    5.04 ms  (sub)
[PROF 09:05:32]  59 frames   23.62 ms/frame  ->  42.3 FPS
   capture           4.92 ms   20.8%
   track             6.86 ms   29.1%
   ctrl+mav          0.38 ms    1.6%
   hud               5.74 ms   24.3%
   display           5.71 ms   24.2%
     detect          6.28 ms  (sub)
     tracker         0.00 ms  (sub)
     hud:overlay     1.06 ms  (sub)
     hud:setup       0.11 ms  (sub)
     hud:ladder      0.14 ms  (sub)
     hud:warp        2.53 ms  (sub)
     hud:arc         0.07 ms  (sub)
     hud:blend       1.22 ms  (sub)
     hud:yaw         0.51 ms  (sub)
     hud:cross       0.06 ms  (sub)
     disp:record     0.00 ms  (sub)
     disp:imshow     0.67 ms  (sub)
     disp:waitkey    5.00 ms  (sub)
[PROF 09:05:35]  60 frames   23.80 ms/frame  ->  42.0 FPS
   capture           4.87 ms   20.5%
   track             6.90 ms   29.0%
   ctrl+mav          0.37 ms    1.5%
   hud               5.86 ms   24.6%
   display           5.80 ms   24.4%
     detect          6.30 ms  (sub)
     tracker         0.00 ms  (sub)
     hud:overlay     1.07 ms  (sub)
     hud:setup       0.11 ms  (sub)
     hud:ladder      0.15 ms  (sub)
     hud:warp        2.65 ms  (sub)
     hud:arc         0.07 ms  (sub)
     hud:blend       1.21 ms  (sub)
     hud:yaw         0.48 ms  (sub)
     hud:cross       0.06 ms  (sub)
     disp:record     0.00 ms  (sub)
     disp:imshow     0.65 ms  (sub)
     disp:waitkey    5.11 ms  (sub)
[PROF 09:05:37]  58 frames   23.42 ms/frame  ->  42.7 FPS
   capture           5.28 ms   22.6%
   track             6.59 ms   28.1%
   ctrl+mav          0.42 ms    1.8%
   hud               5.64 ms   24.1%
   display           5.48 ms   23.4%
     detect          5.97 ms  (sub)
     tracker         0.00 ms  (sub)
     hud:overlay     1.05 ms  (sub)
     hud:setup       0.11 ms  (sub)
     hud:ladder      0.15 ms  (sub)
     hud:warp        2.45 ms  (sub)
     hud:arc         0.08 ms  (sub)
     hud:blend       1.19 ms  (sub)
     hud:yaw         0.49 ms  (sub)
     hud:cross       0.06 ms  (sub)
     disp:record     0.00 ms  (sub)
     disp:imshow     0.62 ms  (sub)
     disp:waitkey    4.82 ms  (sub)
[PROF 09:05:39]  58 frames   23.52 ms/frame  ->  42.5 FPS
   capture           5.07 ms   21.6%
   track             6.77 ms   28.8%
   ctrl+mav          0.38 ms    1.6%
   hud               5.82 ms   24.7%
   display           5.48 ms   23.3%
     detect          6.19 ms  (sub)
     tracker         0.00 ms  (sub)
     hud:overlay     1.06 ms  (sub)
     hud:setup       0.12 ms  (sub)
     hud:ladder      0.14 ms  (sub)
     hud:warp        2.48 ms  (sub)
     hud:arc         0.08 ms  (sub)
     hud:blend       1.32 ms  (sub)
     hud:yaw         0.50 ms  (sub)
     hud:cross       0.07 ms  (sub)
     disp:record     0.00 ms  (sub)
     disp:imshow     0.60 ms  (sub)
     disp:waitkey    4.82 ms  (sub)
[PROF 09:05:41]  55 frames   23.75 ms/frame  ->  42.1 FPS
   capture           4.99 ms   21.0%
   track             6.86 ms   28.9%
   ctrl+mav          0.42 ms    1.8%
   hud               5.85 ms   24.6%
   display           5.63 ms   23.7%
     detect          6.19 ms  (sub)
     tracker         0.00 ms  (sub)
     hud:overlay     1.09 ms  (sub)
     hud:setup       0.11 ms  (sub)
     hud:ladder      0.14 ms  (sub)
     hud:warp        2.62 ms  (sub)
     hud:arc         0.07 ms  (sub)
     hud:blend       1.22 ms  (sub)
     hud:yaw         0.48 ms  (sub)
     hud:cross       0.06 ms  (sub)
     disp:record     0.00 ms  (sub)
     disp:imshow     0.61 ms  (sub)
     disp:waitkey    4.97 ms  (sub)
[PROF 09:05:43]  57 frames   23.79 ms/frame  ->  42.0 FPS
   capture           4.92 ms   20.7%
   track             6.76 ms   28.4%
   ctrl+mav          0.44 ms    1.8%
   hud               5.90 ms   24.8%
   display           5.76 ms   24.2%
     detect          6.13 ms  (sub)
     tracker         0.00 ms  (sub)
     hud:overlay     1.07 ms  (sub)
     hud:setup       0.12 ms  (sub)
     hud:ladder      0.15 ms  (sub)
     hud:warp        2.67 ms  (sub)
     hud:arc         0.07 ms  (sub)
     hud:blend       1.23 ms  (sub)
     hud:yaw         0.48 ms  (sub)
     hud:cross       0.06 ms  (sub)
     disp:record     0.00 ms  (sub)
     disp:imshow     0.66 ms  (sub)
     disp:waitkey    5.05 ms  (sub)
[PROF 09:05:45]  58 frames   25.37 ms/frame  ->  39.4 FPS
   capture           5.84 ms   23.0%
   track             6.84 ms   27.0%
   ctrl+mav          0.49 ms    1.9%
   hud               6.29 ms   24.8%
   display           5.91 ms   23.3%
     detect          6.23 ms  (sub)
     tracker         0.00 ms  (sub)
     hud:overlay     1.12 ms  (sub)
     hud:setup       0.12 ms  (sub)
     hud:ladder      0.15 ms  (sub)
     hud:warp        2.96 ms  (sub)
     hud:arc         0.08 ms  (sub)
     hud:blend       1.28 ms  (sub)
     hud:yaw         0.49 ms  (sub)
     hud:cross       0.07 ms  (sub)
     disp:record     0.01 ms  (sub)
     disp:imshow     0.66 ms  (sub)
     disp:waitkey    5.20 ms  (sub)
[PROF 09:05:47]  52 frames   24.35 ms/frame  ->  41.1 FPS
   capture           5.09 ms   20.9%
   track             6.69 ms   27.5%
   ctrl+mav          0.44 ms    1.8%
   hud               5.96 ms   24.5%
   display           6.18 ms   25.4%
     detect          6.08 ms  (sub)
     tracker         0.00 ms  (sub)
     hud:overlay     1.09 ms  (sub)
     hud:setup       0.12 ms  (sub)
     hud:ladder      0.14 ms  (sub)
     hud:warp        2.64 ms  (sub)
     hud:arc         0.07 ms  (sub)
     hud:blend       1.28 ms  (sub)
     hud:yaw         0.50 ms  (sub)
     hud:cross       0.07 ms  (sub)
     disp:record     0.00 ms  (sub)
     disp:imshow     0.74 ms  (sub)
     disp:waitkey    5.39 ms  (sub)
[PROF 09:05:49]  52 frames   24.91 ms/frame  ->  40.1 FPS
   capture           5.36 ms   21.5%
   track             7.33 ms   29.4%
   ctrl+mav          0.43 ms    1.7%
   hud               6.04 ms   24.3%
   display           5.75 ms   23.1%
     detect          6.72 ms  (sub)
     tracker         0.00 ms  (sub)
     hud:overlay     1.15 ms  (sub)
     hud:setup       0.12 ms  (sub)
     hud:ladder      0.14 ms  (sub)
     hud:warp        2.71 ms  (sub)
     hud:arc         0.07 ms  (sub)
     hud:blend       1.26 ms  (sub)
     hud:yaw         0.49 ms  (sub)
     hud:cross       0.06 ms  (sub)
     disp:record     0.00 ms  (sub)
     disp:imshow     0.62 ms  (sub)
     disp:waitkey    5.08 ms  (sub)
[PROF 09:05:51]  57 frames   24.55 ms/frame  ->  40.7 FPS
   capture           5.49 ms   22.3%
   track             6.95 ms   28.3%
   ctrl+mav          0.48 ms    1.9%
   hud               5.93 ms   24.2%
   display           5.71 ms   23.3%
     detect          6.37 ms  (sub)
     tracker         0.00 ms  (sub)
     hud:overlay     1.11 ms  (sub)
     hud:setup       0.11 ms  (sub)
     hud:ladder      0.14 ms  (sub)
     hud:warp        2.62 ms  (sub)
     hud:arc         0.07 ms  (sub)
     hud:blend       1.31 ms  (sub)
     hud:yaw         0.48 ms  (sub)
     hud:cross       0.06 ms  (sub)
     disp:record     0.01 ms  (sub)
     disp:imshow     0.63 ms  (sub)
     disp:waitkey    5.04 ms  (sub)
[PROF 09:05:53]  56 frames   24.25 ms/frame  ->  41.2 FPS
   capture           5.15 ms   21.2%
   track             6.83 ms   28.2%
   ctrl+mav          0.44 ms    1.8%
   hud               6.03 ms   24.9%
   display           5.79 ms   23.9%
     detect          6.21 ms  (sub)
     tracker         0.00 ms  (sub)
     hud:overlay     1.11 ms  (sub)
     hud:setup       0.11 ms  (sub)
     hud:ladder      0.14 ms  (sub)
     hud:warp        2.77 ms  (sub)
     hud:arc         0.08 ms  (sub)
     hud:blend       1.22 ms  (sub)
     hud:yaw         0.50 ms  (sub)
     hud:cross       0.06 ms  (sub)
     disp:record     0.00 ms  (sub)
     disp:imshow     0.64 ms  (sub)
     disp:waitkey    5.10 ms  (sub)
[PROF 09:05:55]  54 frames   25.18 ms/frame  ->  39.7 FPS
   capture           5.51 ms   21.9%
   track             7.10 ms   28.2%
   ctrl+mav          0.43 ms    1.7%
   hud               6.10 ms   24.2%
   display           6.05 ms   24.0%
     detect          6.51 ms  (sub)
     tracker         0.00 ms  (sub)
     hud:overlay     1.15 ms  (sub)
     hud:setup       0.11 ms  (sub)
     hud:ladder      0.15 ms  (sub)
     hud:warp        2.66 ms  (sub)
     hud:arc         0.08 ms  (sub)
     hud:blend       1.27 ms  (sub)
     hud:yaw         0.57 ms  (sub)
     hud:cross       0.07 ms  (sub)
     disp:record     0.00 ms  (sub)
     disp:imshow     0.67 ms  (sub)
     disp:waitkey    5.33 ms  (sub)
[PROF 09:05:57]  50 frames   25.21 ms/frame  ->  39.7 FPS
   capture           5.36 ms   21.3%
   track             7.57 ms   30.0%
   ctrl+mav          0.64 ms    2.5%
   hud               6.05 ms   24.0%
   display           5.59 ms   22.2%
     detect          6.89 ms  (sub)
     tracker         0.00 ms  (sub)
     hud:overlay     1.08 ms  (sub)
     hud:setup       0.14 ms  (sub)
     hud:ladder      0.14 ms  (sub)
     hud:warp        2.70 ms  (sub)
     hud:arc         0.07 ms  (sub)
     hud:blend       1.30 ms  (sub)
     hud:yaw         0.51 ms  (sub)
     hud:cross       0.07 ms  (sub)
     disp:record     0.00 ms  (sub)
     disp:imshow     0.63 ms  (sub)
     disp:waitkey    4.90 ms  (sub)
[PROF 09:05:59]  58 frames   25.30 ms/frame  ->  39.5 FPS
   capture           5.63 ms   22.2%
   track             6.93 ms   27.4%
   ctrl+mav          0.48 ms    1.9%
   hud               6.23 ms   24.6%
   display           6.03 ms   23.8%
     detect          6.31 ms  (sub)
     tracker         0.00 ms  (sub)
     hud:overlay     1.16 ms  (sub)
     hud:setup       0.11 ms  (sub)
     hud:ladder      0.15 ms  (sub)
     hud:warp        2.81 ms  (sub)
     hud:arc         0.08 ms  (sub)
     hud:blend       1.27 ms  (sub)
     hud:yaw         0.53 ms  (sub)
     hud:cross       0.07 ms  (sub)
     disp:record     0.01 ms  (sub)
     disp:imshow     0.64 ms  (sub)
     disp:waitkey    5.34 ms  (sub)
[PROF 09:06:01]  58 frames   25.72 ms/frame  ->  38.9 FPS
   capture           6.20 ms   24.1%
   track             6.81 ms   26.5%
   ctrl+mav          0.47 ms    1.8%
   hud               6.64 ms   25.8%
   display           5.61 ms   21.8%
     detect          6.24 ms  (sub)
     tracker         0.00 ms  (sub)
     hud:overlay     1.28 ms  (sub)
     hud:setup       0.12 ms  (sub)
     hud:ladder      0.16 ms  (sub)
     hud:warp        2.80 ms  (sub)
     hud:arc         0.08 ms  (sub)
     hud:blend       1.54 ms  (sub)
     hud:yaw         0.52 ms  (sub)
     hud:cross       0.07 ms  (sub)
     disp:record     0.00 ms  (sub)
     disp:imshow     0.65 ms  (sub)
     disp:waitkey    4.91 ms  (sub)
[PROF 09:06:03]  53 frames   26.77 ms/frame  ->  37.4 FPS
   capture           5.98 ms   22.4%
   track             7.10 ms   26.5%
   ctrl+mav          0.60 ms    2.2%
   hud               7.00 ms   26.2%
   display           6.08 ms   22.7%
     detect          6.45 ms  (sub)
     tracker         0.00 ms  (sub)
     hud:overlay     1.28 ms  (sub)
     hud:setup       0.12 ms  (sub)
     hud:ladder      0.16 ms  (sub)
     hud:warp        3.20 ms  (sub)
     hud:arc         0.08 ms  (sub)
     hud:blend       1.45 ms  (sub)
     hud:yaw         0.51 ms  (sub)
     hud:cross       0.08 ms  (sub)
     disp:record     0.00 ms  (sub)
     disp:imshow     0.76 ms  (sub)
     disp:waitkey    5.27 ms  (sub)
[PROF 09:06:05]  54 frames   26.62 ms/frame  ->  37.6 FPS
   capture           5.97 ms   22.4%
   track             7.40 ms   27.8%
   ctrl+mav          0.51 ms    1.9%
   hud               6.90 ms   25.9%
   display           5.84 ms   22.0%
     detect          6.75 ms  (sub)
     tracker         0.00 ms  (sub)
     hud:overlay     1.26 ms  (sub)
     hud:setup       0.13 ms  (sub)
     hud:ladder      0.15 ms  (sub)
     hud:warp        3.30 ms  (sub)
     hud:arc         0.08 ms  (sub)
     hud:blend       1.33 ms  (sub)
     hud:yaw         0.53 ms  (sub)
     hud:cross       0.07 ms  (sub)
     disp:record     0.00 ms  (sub)
     disp:imshow     0.64 ms  (sub)
     disp:waitkey    5.15 ms  (sub)
[PROF 09:06:07]  54 frames   26.37 ms/frame  ->  37.9 FPS
   capture           5.76 ms   21.8%
   track             7.33 ms   27.8%
   ctrl+mav          0.55 ms    2.1%
   hud               6.82 ms   25.9%
   display           5.91 ms   22.4%
     detect          6.73 ms  (sub)
     tracker         0.00 ms  (sub)
     hud:overlay     1.30 ms  (sub)
     hud:setup       0.12 ms  (sub)
     hud:ladder      0.16 ms  (sub)
     hud:warp        3.11 ms  (sub)
     hud:arc         0.08 ms  (sub)
     hud:blend       1.39 ms  (sub)
     hud:yaw         0.53 ms  (sub)
     hud:cross       0.07 ms  (sub)
     disp:record     0.01 ms  (sub)
     disp:imshow     0.71 ms  (sub)
     disp:waitkey    5.15 ms  (sub)
[PROF 09:06:09]  54 frames   26.88 ms/frame  ->  37.2 FPS
   capture           6.00 ms   22.3%
   track             7.56 ms   28.1%
   ctrl+mav          0.48 ms    1.8%
   hud               7.17 ms   26.7%
   display           5.67 ms   21.1%
     detect          6.91 ms  (sub)
     tracker         0.00 ms  (sub)
     hud:overlay     1.28 ms  (sub)
     hud:setup       0.12 ms  (sub)
     hud:ladder      0.20 ms  (sub)
     hud:warp        3.47 ms  (sub)
     hud:arc         0.09 ms  (sub)
     hud:blend       1.39 ms  (sub)
     hud:yaw         0.51 ms  (sub)
     hud:cross       0.07 ms  (sub)
     disp:record     0.00 ms  (sub)
     disp:imshow     0.62 ms  (sub)
     disp:waitkey    4.99 ms  (sub)
[PROF 09:06:11]  55 frames   26.29 ms/frame  ->  38.0 FPS
   capture           6.08 ms   23.1%
   track             7.23 ms   27.5%
   ctrl+mav          0.49 ms    1.9%
   hud               6.72 ms   25.6%
   display           5.78 ms   22.0%
     detect          6.63 ms  (sub)
     tracker         0.00 ms  (sub)
     hud:overlay     1.25 ms  (sub)
     hud:setup       0.12 ms  (sub)
     hud:ladder      0.15 ms  (sub)
     hud:warp        3.04 ms  (sub)
     hud:arc         0.09 ms  (sub)
     hud:blend       1.41 ms  (sub)
     hud:yaw         0.53 ms  (sub)
     hud:cross       0.07 ms  (sub)
     disp:record     0.00 ms  (sub)
     disp:imshow     0.60 ms  (sub)
     disp:waitkey    5.13 ms  (sub)
[PROF 09:06:13]  56 frames   25.61 ms/frame  ->  39.0 FPS
   capture           6.11 ms   23.9%
   track             6.95 ms   27.1%
   ctrl+mav          0.47 ms    1.8%
   hud               6.23 ms   24.3%
   display           5.86 ms   22.9%
     detect          6.39 ms  (sub)
     tracker         0.00 ms  (sub)
     hud:overlay     1.18 ms  (sub)
     hud:setup       0.11 ms  (sub)
     hud:ladder      0.15 ms  (sub)
     hud:warp        2.70 ms  (sub)
     hud:arc         0.09 ms  (sub)
     hud:blend       1.37 ms  (sub)
     hud:yaw         0.52 ms  (sub)
     hud:cross       0.07 ms  (sub)
     disp:record     0.00 ms  (sub)
     disp:imshow     0.61 ms  (sub)
     disp:waitkey    5.20 ms  (sub)
[PROF 09:06:15]  50 frames   28.63 ms/frame  ->  34.9 FPS
   capture           6.87 ms   24.0%
   track             7.56 ms   26.4%
   ctrl+mav          0.52 ms    1.8%
   hud               6.82 ms   23.8%
   display           6.86 ms   24.0%
     detect          6.94 ms  (sub)
     tracker         0.00 ms  (sub)
     hud:overlay     1.34 ms  (sub)
     hud:setup       0.13 ms  (sub)
     hud:ladder      0.17 ms  (sub)
     hud:warp        3.05 ms  (sub)
     hud:arc         0.08 ms  (sub)
     hud:blend       1.40 ms  (sub)
     hud:yaw         0.52 ms  (sub)
     hud:cross       0.07 ms  (sub)
     disp:record     0.00 ms  (sub)
     disp:imshow     0.59 ms  (sub)
     disp:waitkey    6.23 ms  (sub)
[PROF 09:06:17]  55 frames   26.75 ms/frame  ->  37.4 FPS
   capture           6.40 ms   23.9%
   track             7.05 ms   26.4%
   ctrl+mav          0.50 ms    1.9%
   hud               6.85 ms   25.6%
   display           5.96 ms   22.3%
     detect          6.47 ms  (sub)
     tracker         0.00 ms  (sub)
     hud:overlay     1.24 ms  (sub)
     hud:setup       0.15 ms  (sub)
     hud:ladder      0.18 ms  (sub)
     hud:warp        3.03 ms  (sub)
     hud:arc         0.08 ms  (sub)
     hud:blend       1.45 ms  (sub)
     hud:yaw         0.59 ms  (sub)
     hud:cross       0.07 ms  (sub)
     disp:record     0.00 ms  (sub)
     disp:imshow     0.70 ms  (sub)
     disp:waitkey    5.21 ms  (sub)
[PROF 09:06:19]  51 frames   28.84 ms/frame  ->  34.7 FPS
   capture           6.77 ms   23.5%
   track             7.70 ms   26.7%
   ctrl+mav          0.56 ms    1.9%
   hud               7.63 ms   26.4%
   display           6.18 ms   21.4%
     detect          7.02 ms  (sub)
     tracker         0.00 ms  (sub)
     hud:overlay     1.45 ms  (sub)
     hud:setup       0.13 ms  (sub)
     hud:ladder      0.17 ms  (sub)
     hud:warp        3.40 ms  (sub)
     hud:arc         0.09 ms  (sub)
     hud:blend       1.63 ms  (sub)
     hud:yaw         0.63 ms  (sub)
     hud:cross       0.08 ms  (sub)
     disp:record     0.00 ms  (sub)
     disp:imshow     0.60 ms  (sub)
     disp:waitkey    5.52 ms  (sub)
[PROF 09:06:21]  51 frames   27.64 ms/frame  ->  36.2 FPS
   capture           6.64 ms   24.0%
   track             7.34 ms   26.5%
   ctrl+mav          0.57 ms    2.0%
   hud               7.19 ms   26.0%
   display           5.92 ms   21.4%
     detect          6.75 ms  (sub)
     tracker         0.00 ms  (sub)
     hud:overlay     1.30 ms  (sub)
     hud:setup       0.14 ms  (sub)
     hud:ladder      0.19 ms  (sub)
     hud:warp        3.29 ms  (sub)
     hud:arc         0.09 ms  (sub)
     hud:blend       1.51 ms  (sub)
     hud:yaw         0.55 ms  (sub)
     hud:cross       0.07 ms  (sub)
     disp:record     0.00 ms  (sub)
     disp:imshow     0.71 ms  (sub)
     disp:waitkey    5.16 ms  (sub)
[PROF 09:06:23]  55 frames   27.06 ms/frame  ->  37.0 FPS
   capture           6.34 ms   23.4%
   track             6.91 ms   25.5%
   ctrl+mav          0.51 ms    1.9%
   hud               7.27 ms   26.8%
   display           6.04 ms   22.3%
     detect          6.31 ms  (sub)
     tracker         0.00 ms  (sub)
     hud:overlay     1.22 ms  (sub)
     hud:setup       0.12 ms  (sub)
     hud:ladder      0.16 ms  (sub)
     hud:warp        3.52 ms  (sub)
     hud:arc         0.09 ms  (sub)
     hud:blend       1.47 ms  (sub)
     hud:yaw         0.58 ms  (sub)
     hud:cross       0.07 ms  (sub)
     disp:record     0.01 ms  (sub)
     disp:imshow     0.62 ms  (sub)
     disp:waitkey    5.36 ms  (sub)
[PROF 09:06:25]  53 frames   30.35 ms/frame  ->  32.9 FPS
   capture           6.79 ms   22.4%
   track             9.34 ms   30.8%
   ctrl+mav          0.69 ms    2.3%
   hud               7.74 ms   25.5%
   display           5.80 ms   19.1%
     detect          2.49 ms  (sub)
     tracker         5.85 ms  (sub)
     hud:overlay     1.55 ms  (sub)
     hud:setup       0.14 ms  (sub)
     hud:ladder      0.18 ms  (sub)
     hud:warp        3.50 ms  (sub)
     hud:arc         0.09 ms  (sub)
     hud:blend       1.59 ms  (sub)
     hud:yaw         0.55 ms  (sub)
     hud:cross       0.07 ms  (sub)
     disp:record     0.00 ms  (sub)
     disp:imshow     0.64 ms  (sub)
     disp:waitkey    5.10 ms  (sub)
[PROF 09:06:27]  34 frames   53.50 ms/frame  ->  18.7 FPS
   capture           7.70 ms   14.4%
   track             8.98 ms   16.8%
   ctrl+mav         11.80 ms   22.0%
   hud               7.72 ms   14.4%
   display          17.31 ms   32.4%
     detect          4.57 ms  (sub)
     tracker         3.71 ms  (sub)
     hud:overlay     1.41 ms  (sub)
     hud:setup       0.15 ms  (sub)
     hud:ladder      0.16 ms  (sub)
     hud:warp        3.72 ms  (sub)
     hud:arc         0.09 ms  (sub)
     hud:blend       1.47 ms  (sub)
     hud:yaw         0.58 ms  (sub)
     hud:cross       0.09 ms  (sub)
     disp:record     9.27 ms  (sub)
     disp:imshow     1.17 ms  (sub)
     disp:waitkey    6.80 ms  (sub)
[PROF 09:06:29]  42 frames   45.00 ms/frame  ->  22.2 FPS
   capture           9.95 ms   22.1%
   track             8.68 ms   19.3%
   ctrl+mav          3.59 ms    8.0%
   hud               8.00 ms   17.8%
   display          14.78 ms   32.9%
     detect          3.45 ms  (sub)
     tracker         4.46 ms  (sub)
     hud:overlay     1.69 ms  (sub)
     hud:setup       0.13 ms  (sub)
     hud:ladder      0.17 ms  (sub)
     hud:warp        3.59 ms  (sub)
     hud:arc         0.10 ms  (sub)
     hud:blend       1.55 ms  (sub)
     hud:yaw         0.61 ms  (sub)
     hud:cross       0.09 ms  (sub)
     disp:record     4.47 ms  (sub)
     disp:imshow     1.67 ms  (sub)
     disp:waitkey    8.57 ms  (sub)
[PROF 09:06:31]  44 frames   43.79 ms/frame  ->  22.8 FPS
   capture          10.35 ms   23.6%
   track             9.31 ms   21.3%
   ctrl+mav          1.03 ms    2.4%
   hud               8.48 ms   19.4%
   display          14.62 ms   33.4%
     detect          1.67 ms  (sub)
     tracker         6.66 ms  (sub)
     hud:overlay     1.81 ms  (sub)
     hud:setup       0.14 ms  (sub)
     hud:ladder      0.20 ms  (sub)
     hud:warp        3.87 ms  (sub)
     hud:arc         0.09 ms  (sub)
     hud:blend       1.58 ms  (sub)
     hud:yaw         0.65 ms  (sub)
     hud:cross       0.08 ms  (sub)
     disp:record     5.33 ms  (sub)
     disp:imshow     1.84 ms  (sub)
     disp:waitkey    7.36 ms  (sub)
[PROF 09:06:33]  43 frames   44.54 ms/frame  ->  22.5 FPS
   capture          10.31 ms   23.1%
   track             9.71 ms   21.8%
   ctrl+mav          1.13 ms    2.5%
   hud               8.85 ms   19.9%
   display          14.55 ms   32.7%
     detect          1.72 ms  (sub)
     tracker         7.11 ms  (sub)
     hud:overlay     1.85 ms  (sub)
     hud:setup       0.14 ms  (sub)
     hud:ladder      0.20 ms  (sub)
     hud:warp        4.04 ms  (sub)
     hud:arc         0.10 ms  (sub)
     hud:blend       1.66 ms  (sub)
     hud:yaw         0.68 ms  (sub)
     hud:cross       0.11 ms  (sub)
     disp:record     5.61 ms  (sub)
     disp:imshow     1.23 ms  (sub)
     disp:waitkey    7.59 ms  (sub)
[PROF 09:06:35]  43 frames   44.35 ms/frame  ->  22.5 FPS
   capture          11.43 ms   25.8%
   track             8.90 ms   20.1%
   ctrl+mav          1.00 ms    2.3%
   hud               8.31 ms   18.7%
   display          14.71 ms   33.2%
     detect          1.21 ms  (sub)
     tracker         6.75 ms  (sub)
     hud:overlay     1.82 ms  (sub)
     hud:setup       0.14 ms  (sub)
     hud:ladder      0.21 ms  (sub)
     hud:warp        3.75 ms  (sub)
     hud:arc         0.09 ms  (sub)
     hud:blend       1.53 ms  (sub)
     hud:yaw         0.65 ms  (sub)
     hud:cross       0.08 ms  (sub)
     disp:record     5.36 ms  (sub)
     disp:imshow     1.21 ms  (sub)
     disp:waitkey    8.04 ms  (sub)
[PROF 09:06:37]  42 frames   44.55 ms/frame  ->  22.4 FPS
   capture          10.49 ms   23.6%
   track             8.89 ms   20.0%
   ctrl+mav          1.00 ms    2.2%
   hud               8.50 ms   19.1%
   display          15.67 ms   35.2%
     detect          1.46 ms  (sub)
     tracker         6.65 ms  (sub)
     hud:overlay     1.87 ms  (sub)
     hud:setup       0.15 ms  (sub)
     hud:ladder      0.21 ms  (sub)
     hud:warp        3.66 ms  (sub)
     hud:arc         0.10 ms  (sub)
     hud:blend       1.67 ms  (sub)
     hud:yaw         0.72 ms  (sub)
     hud:cross       0.09 ms  (sub)
     disp:record     5.58 ms  (sub)
     disp:imshow     1.65 ms  (sub)
     disp:waitkey    8.36 ms  (sub)
[PROF 09:06:39]  40 frames   45.68 ms/frame  ->  21.9 FPS
   capture          10.96 ms   24.0%
   track             9.30 ms   20.4%
   ctrl+mav          1.01 ms    2.2%
   hud               8.58 ms   18.8%
   display          15.83 ms   34.7%
     detect          1.43 ms  (sub)
     tracker         6.97 ms  (sub)
     hud:overlay     1.90 ms  (sub)
     hud:setup       0.14 ms  (sub)
     hud:ladder      0.21 ms  (sub)
     hud:warp        3.82 ms  (sub)
     hud:arc         0.09 ms  (sub)
     hud:blend       1.58 ms  (sub)
     hud:yaw         0.70 ms  (sub)
     hud:cross       0.08 ms  (sub)
     disp:record     5.98 ms  (sub)
     disp:imshow     1.93 ms  (sub)
     disp:waitkey    7.85 ms  (sub)
[PROF 09:06:41]  41 frames   45.68 ms/frame  ->  21.9 FPS
   capture          10.59 ms   23.2%
   track             9.18 ms   20.1%
   ctrl+mav          1.07 ms    2.3%
   hud               8.90 ms   19.5%
   display          15.93 ms   34.9%
     detect          1.26 ms  (sub)
     tracker         6.94 ms  (sub)
     hud:overlay     1.98 ms  (sub)
     hud:setup       0.14 ms  (sub)
     hud:ladder      0.22 ms  (sub)
     hud:warp        3.93 ms  (sub)
     hud:arc         0.11 ms  (sub)
     hud:blend       1.64 ms  (sub)
     hud:yaw         0.73 ms  (sub)
     hud:cross       0.09 ms  (sub)
     disp:record     5.46 ms  (sub)
     disp:imshow     1.87 ms  (sub)
     disp:waitkey    8.51 ms  (sub)
[PROF 09:06:43]  41 frames   46.26 ms/frame  ->  21.6 FPS
   capture          11.38 ms   24.6%
   track             9.45 ms   20.4%
   ctrl+mav          1.08 ms    2.3%
   hud               8.89 ms   19.2%
   display          15.46 ms   33.4%
     detect          1.49 ms  (sub)
     tracker         7.00 ms  (sub)
     hud:overlay     1.99 ms  (sub)
     hud:setup       0.14 ms  (sub)
     hud:ladder      0.22 ms  (sub)
     hud:warp        3.82 ms  (sub)
     hud:arc         0.09 ms  (sub)
     hud:blend       1.68 ms  (sub)
     hud:yaw         0.80 ms  (sub)
     hud:cross       0.09 ms  (sub)
     disp:record     5.40 ms  (sub)
     disp:imshow     1.56 ms  (sub)
     disp:waitkey    8.33 ms  (sub)
[PROF 09:06:45]  39 frames   45.72 ms/frame  ->  21.9 FPS
   capture          11.46 ms   25.1%
   track             9.65 ms   21.1%
   ctrl+mav          1.02 ms    2.2%
   hud               8.91 ms   19.5%
   display          14.68 ms   32.1%
     detect          1.53 ms  (sub)
     tracker         7.22 ms  (sub)
     hud:overlay     2.01 ms  (sub)
     hud:setup       0.14 ms  (sub)
     hud:ladder      0.21 ms  (sub)
     hud:warp        3.84 ms  (sub)
     hud:arc         0.10 ms  (sub)
     hud:blend       1.72 ms  (sub)
     hud:yaw         0.76 ms  (sub)
     hud:cross       0.08 ms  (sub)
     disp:record     4.94 ms  (sub)
     disp:imshow     1.49 ms  (sub)
     disp:waitkey    8.14 ms  (sub)
[PROF 09:06:48]  41 frames   47.70 ms/frame  ->  21.0 FPS
   capture          11.44 ms   24.0%
   track            11.16 ms   23.4%
   ctrl+mav          1.11 ms    2.3%
   hud               8.71 ms   18.3%
   display          15.28 ms   32.0%
     detect          2.10 ms  (sub)
     tracker         8.29 ms  (sub)
     hud:overlay     1.93 ms  (sub)
     hud:setup       0.14 ms  (sub)
     hud:ladder      0.22 ms  (sub)
     hud:warp        3.56 ms  (sub)
     hud:arc         0.11 ms  (sub)
     hud:blend       1.72 ms  (sub)
     hud:yaw         0.82 ms  (sub)
     hud:cross       0.15 ms  (sub)
     disp:record     5.53 ms  (sub)
     disp:imshow     1.56 ms  (sub)
     disp:waitkey    8.10 ms  (sub)
[PROF 09:06:50]  38 frames   50.38 ms/frame  ->  19.8 FPS
   capture          10.98 ms   21.8%
   track            15.78 ms   31.3%
   ctrl+mav          1.12 ms    2.2%
   hud               8.16 ms   16.2%
   display          14.33 ms   28.4%
     detect          1.63 ms  (sub)
     tracker        13.21 ms  (sub)
     hud:overlay     1.86 ms  (sub)
     hud:setup       0.15 ms  (sub)
     hud:ladder      0.22 ms  (sub)
     hud:warp        3.45 ms  (sub)
     hud:arc         0.09 ms  (sub)
     hud:blend       1.55 ms  (sub)
     hud:yaw         0.71 ms  (sub)
     hud:cross       0.08 ms  (sub)
     disp:record     4.77 ms  (sub)
     disp:imshow     1.37 ms  (sub)
     disp:waitkey    8.05 ms  (sub)
[PROF 09:06:52]  37 frames   49.59 ms/frame  ->  20.2 FPS
   capture          10.20 ms   20.6%
   track            15.12 ms   30.5%
   ctrl+mav          1.12 ms    2.3%
   hud               8.41 ms   17.0%
   display          14.74 ms   29.7%
     detect          1.46 ms  (sub)
     tracker        12.85 ms  (sub)
     hud:overlay     1.76 ms  (sub)
     hud:setup       0.14 ms  (sub)
     hud:ladder      0.22 ms  (sub)
     hud:warp        3.70 ms  (sub)
     hud:arc         0.09 ms  (sub)
     hud:blend       1.62 ms  (sub)
     hud:yaw         0.74 ms  (sub)
     hud:cross       0.08 ms  (sub)
     disp:record     5.10 ms  (sub)
     disp:imshow     1.62 ms  (sub)
     disp:waitkey    7.94 ms  (sub)
[PROF 09:06:54]  36 frames   56.83 ms/frame  ->  17.6 FPS
   capture          12.81 ms   22.5%
   track            20.38 ms   35.9%
   ctrl+mav          1.31 ms    2.3%
   hud               8.26 ms   14.5%
   display          14.07 ms   24.8%
     detect          2.15 ms  (sub)
     tracker        17.36 ms  (sub)
     hud:overlay     1.82 ms  (sub)
     hud:setup       0.13 ms  (sub)
     hud:ladder      0.23 ms  (sub)
     hud:warp        3.46 ms  (sub)
     hud:arc         0.10 ms  (sub)
     hud:blend       1.71 ms  (sub)
     hud:yaw         0.67 ms  (sub)
     hud:cross       0.08 ms  (sub)
     disp:record     4.80 ms  (sub)
     disp:imshow     1.46 ms  (sub)
     disp:waitkey    7.69 ms  (sub)
[PROF 09:06:56]  34 frames   56.25 ms/frame  ->  17.8 FPS
   capture          11.64 ms   20.7%
   track            21.09 ms   37.5%
   ctrl+mav          1.22 ms    2.2%
   hud               8.04 ms   14.3%
   display          14.25 ms   25.3%
     detect          1.58 ms  (sub)
     tracker        18.62 ms  (sub)
     hud:overlay     1.83 ms  (sub)
     hud:setup       0.14 ms  (sub)
     hud:ladder      0.21 ms  (sub)
     hud:warp        3.17 ms  (sub)
     hud:arc         0.12 ms  (sub)
     hud:blend       1.75 ms  (sub)
     hud:yaw         0.69 ms  (sub)
     hud:cross       0.08 ms  (sub)
     disp:record     5.16 ms  (sub)
     disp:imshow     1.26 ms  (sub)
     disp:waitkey    7.74 ms  (sub)
[PROF 09:06:58]  39 frames   51.39 ms/frame  ->  19.5 FPS
   capture          12.32 ms   24.0%
   track             9.14 ms   17.8%
   ctrl+mav          4.24 ms    8.3%
   hud               8.76 ms   17.0%
   display          16.93 ms   32.9%
     detect          6.84 ms  (sub)
     tracker         1.50 ms  (sub)
     hud:overlay     1.67 ms  (sub)
     hud:setup       0.14 ms  (sub)
     hud:ladder      0.22 ms  (sub)
     hud:warp        3.99 ms  (sub)
     hud:arc         0.10 ms  (sub)
     hud:blend       1.75 ms  (sub)
     hud:yaw         0.73 ms  (sub)
     hud:cross       0.09 ms  (sub)
     disp:record     5.25 ms  (sub)
     disp:imshow     1.51 ms  (sub)
     disp:waitkey   10.08 ms  (sub)
[PROF 09:07:00]  44 frames   45.47 ms/frame  ->  22.0 FPS
   capture          12.11 ms   26.6%
   track             8.62 ms   19.0%
   ctrl+mav          0.87 ms    1.9%
   hud               8.35 ms   18.4%
   display          15.51 ms   34.1%
     detect          7.88 ms  (sub)
     tracker         0.00 ms  (sub)
     hud:overlay     1.50 ms  (sub)
     hud:setup       0.14 ms  (sub)
     hud:ladder      0.22 ms  (sub)
     hud:warp        3.91 ms  (sub)
     hud:arc         0.10 ms  (sub)
     hud:blend       1.67 ms  (sub)
     hud:yaw         0.66 ms  (sub)
     hud:cross       0.09 ms  (sub)
     disp:record     5.50 ms  (sub)
     disp:imshow     1.75 ms  (sub)
     disp:waitkey    8.18 ms  (sub)
[PROF 09:07:02]  42 frames   45.34 ms/frame  ->  22.1 FPS
   capture          11.81 ms   26.1%
   track             8.82 ms   19.4%
   ctrl+mav          0.88 ms    1.9%
   hud               8.32 ms   18.3%
   display          15.51 ms   34.2%
     detect          8.17 ms  (sub)
     tracker         0.00 ms  (sub)
     hud:overlay     1.55 ms  (sub)
     hud:setup       0.14 ms  (sub)
     hud:ladder      0.26 ms  (sub)
     hud:warp        3.59 ms  (sub)
     hud:arc         0.12 ms  (sub)
     hud:blend       1.79 ms  (sub)
     hud:yaw         0.72 ms  (sub)
     hud:cross       0.09 ms  (sub)
     disp:record     5.44 ms  (sub)
     disp:imshow     1.58 ms  (sub)
     disp:waitkey    8.39 ms  (sub)
[PROF 09:07:04]  44 frames   43.14 ms/frame  ->  23.2 FPS
   capture          10.79 ms   25.0%
   track             8.78 ms   20.4%
   ctrl+mav          0.90 ms    2.1%
   hud               8.04 ms   18.6%
   display          14.63 ms   33.9%
     detect          8.05 ms  (sub)
     tracker         0.00 ms  (sub)
     hud:overlay     1.41 ms  (sub)
     hud:setup       0.15 ms  (sub)
     hud:ladder      0.23 ms  (sub)
     hud:warp        3.70 ms  (sub)
     hud:arc         0.10 ms  (sub)
     hud:blend       1.62 ms  (sub)
     hud:yaw         0.69 ms  (sub)
     hud:cross       0.09 ms  (sub)
     disp:record     5.31 ms  (sub)
     disp:imshow     1.46 ms  (sub)
     disp:waitkey    7.74 ms  (sub)
[PROF 09:07:06]  41 frames   46.61 ms/frame  ->  21.5 FPS
   capture          12.31 ms   26.4%
   track             8.98 ms   19.3%
   ctrl+mav          0.85 ms    1.8%
   hud               9.06 ms   19.4%
   display          15.41 ms   33.1%
     detect          8.34 ms  (sub)
     tracker         0.00 ms  (sub)
     hud:overlay     1.56 ms  (sub)
     hud:setup       0.14 ms  (sub)
     hud:ladder      0.24 ms  (sub)
     hud:warp        4.23 ms  (sub)
     hud:arc         0.10 ms  (sub)
     hud:blend       1.81 ms  (sub)
     hud:yaw         0.73 ms  (sub)
     hud:cross       0.17 ms  (sub)
     disp:record     5.33 ms  (sub)
     disp:imshow     1.42 ms  (sub)
     disp:waitkey    8.58 ms  (sub)
[PROF 09:07:08]  42 frames   45.32 ms/frame  ->  22.1 FPS
   capture          12.02 ms   26.5%
   track             8.32 ms   18.4%
   ctrl+mav          0.92 ms    2.0%
   hud               8.68 ms   19.2%
   display          15.39 ms   34.0%
     detect          7.74 ms  (sub)
     tracker         0.00 ms  (sub)
     hud:overlay     1.49 ms  (sub)
     hud:setup       0.16 ms  (sub)
     hud:ladder      0.27 ms  (sub)
     hud:warp        4.04 ms  (sub)
     hud:arc         0.12 ms  (sub)
     hud:blend       1.74 ms  (sub)
     hud:yaw         0.71 ms  (sub)
     hud:cross       0.10 ms  (sub)
     disp:record     5.54 ms  (sub)
     disp:imshow     1.58 ms  (sub)
     disp:waitkey    8.18 ms  (sub)
[PROF 09:07:10]  46 frames   39.82 ms/frame  ->  25.1 FPS
   capture           9.26 ms   23.3%
   track             8.65 ms   21.7%
   ctrl+mav          2.95 ms    7.4%
   hud               8.92 ms   22.4%
   display          10.03 ms   25.2%
     detect          7.95 ms  (sub)
     tracker         0.00 ms  (sub)
     hud:overlay     1.58 ms  (sub)
     hud:setup       0.14 ms  (sub)
     hud:ladder      0.21 ms  (sub)
     hud:warp        4.30 ms  (sub)
     hud:arc         0.10 ms  (sub)
     hud:blend       1.78 ms  (sub)
     hud:yaw         0.67 ms  (sub)
     hud:cross       0.09 ms  (sub)
     disp:record     2.16 ms  (sub)
     disp:imshow     0.97 ms  (sub)
     disp:waitkey    6.84 ms  (sub)
[PROF 09:07:12]  50 frames   32.03 ms/frame  ->  31.2 FPS
   capture           8.66 ms   27.1%
   track             8.11 ms   25.3%
   ctrl+mav          0.67 ms    2.1%
   hud               8.36 ms   26.1%
   display           6.22 ms   19.4%
     detect          7.49 ms  (sub)
     tracker         0.00 ms  (sub)
     hud:overlay     1.57 ms  (sub)
     hud:setup       0.13 ms  (sub)
     hud:ladder      0.22 ms  (sub)
     hud:warp        3.71 ms  (sub)
     hud:arc         0.12 ms  (sub)
     hud:blend       1.78 ms  (sub)
     hud:yaw         0.68 ms  (sub)
     hud:cross       0.09 ms  (sub)
     disp:record     0.01 ms  (sub)
     disp:imshow     0.71 ms  (sub)
     disp:waitkey    5.46 ms  (sub)
[PROF 09:07:14]  54 frames   32.31 ms/frame  ->  30.9 FPS
   capture           8.27 ms   25.6%
   track             8.04 ms   24.9%
   ctrl+mav          0.66 ms    2.0%
   hud               8.84 ms   27.3%
   display           6.50 ms   20.1%
     detect          7.40 ms  (sub)
     tracker         0.00 ms  (sub)
     hud:overlay     1.66 ms  (sub)
     hud:setup       0.15 ms  (sub)
     hud:ladder      0.22 ms  (sub)
     hud:warp        4.09 ms  (sub)
     hud:arc         0.11 ms  (sub)
     hud:blend       1.73 ms  (sub)
     hud:yaw         0.72 ms  (sub)
     hud:cross       0.09 ms  (sub)
     disp:record     0.01 ms  (sub)
     disp:imshow     0.74 ms  (sub)
     disp:waitkey    5.71 ms  (sub)
[PROF 09:07:16]  53 frames   31.74 ms/frame  ->  31.5 FPS
   capture           8.22 ms   25.9%
   track             7.92 ms   24.9%
   ctrl+mav          0.69 ms    2.2%
   hud               8.65 ms   27.3%
   display           6.27 ms   19.7%
     detect          7.33 ms  (sub)
     tracker         0.00 ms  (sub)
     hud:overlay     1.54 ms  (sub)
     hud:setup       0.15 ms  (sub)
     hud:ladder      0.20 ms  (sub)
     hud:warp        4.06 ms  (sub)
     hud:arc         0.12 ms  (sub)
     hud:blend       1.72 ms  (sub)
     hud:yaw         0.71 ms  (sub)
     hud:cross       0.11 ms  (sub)
     disp:record     0.01 ms  (sub)
     disp:imshow     0.65 ms  (sub)
     disp:waitkey    5.56 ms  (sub)
[PROF 09:07:18]  54 frames   32.05 ms/frame  ->  31.2 FPS
   capture           8.23 ms   25.7%
   track             8.11 ms   25.3%
   ctrl+mav          0.72 ms    2.3%
   hud               8.67 ms   27.1%
   display           6.32 ms   19.7%
     detect          7.49 ms  (sub)
     tracker         0.00 ms  (sub)
     hud:overlay     1.50 ms  (sub)
     hud:setup       0.15 ms  (sub)
     hud:ladder      0.22 ms  (sub)
     hud:warp        3.97 ms  (sub)
     hud:arc         0.11 ms  (sub)
     hud:blend       1.82 ms  (sub)
     hud:yaw         0.72 ms  (sub)
     hud:cross       0.13 ms  (sub)
     disp:record     0.01 ms  (sub)
     disp:imshow     0.68 ms  (sub)
     disp:waitkey    5.58 ms  (sub)
[PROF 09:07:20]  53 frames   31.02 ms/frame  ->  32.2 FPS
   capture           8.18 ms   26.4%
   track             7.94 ms   25.6%
   ctrl+mav          0.63 ms    2.0%
   hud               8.20 ms   26.4%
   display           6.06 ms   19.5%
     detect          7.27 ms  (sub)
     tracker         0.00 ms  (sub)
     hud:overlay     1.58 ms  (sub)
     hud:setup       0.13 ms  (sub)
     hud:ladder      0.19 ms  (sub)
     hud:warp        3.55 ms  (sub)
     hud:arc         0.10 ms  (sub)
     hud:blend       1.77 ms  (sub)
     hud:yaw         0.73 ms  (sub)
     hud:cross       0.09 ms  (sub)
     disp:record     0.01 ms  (sub)
     disp:imshow     0.68 ms  (sub)
     disp:waitkey    5.32 ms  (sub)
[PROF 09:07:22]  54 frames   32.19 ms/frame  ->  31.1 FPS
   capture           8.49 ms   26.4%
   track             7.87 ms   24.4%
   ctrl+mav          0.68 ms    2.1%
   hud               8.59 ms   26.7%
   display           6.56 ms   20.4%
     detect          7.24 ms  (sub)
     tracker         0.00 ms  (sub)
     hud:overlay     1.62 ms  (sub)
     hud:setup       0.13 ms  (sub)
     hud:ladder      0.24 ms  (sub)
     hud:warp        3.78 ms  (sub)
     hud:arc         0.11 ms  (sub)
     hud:blend       1.81 ms  (sub)
     hud:yaw         0.75 ms  (sub)
     hud:cross       0.09 ms  (sub)
     disp:record     0.01 ms  (sub)
     disp:imshow     0.70 ms  (sub)
     disp:waitkey    5.74 ms  (sub)
[PROF 09:07:24]  58 frames   32.30 ms/frame  ->  31.0 FPS
   capture           8.70 ms   26.9%
   track             7.65 ms   23.7%
   ctrl+mav          0.73 ms    2.3%
   hud               8.65 ms   26.8%
   display           6.57 ms   20.3%
     detect          7.07 ms  (sub)
     tracker         0.00 ms  (sub)
     hud:overlay     1.62 ms  (sub)
     hud:setup       0.13 ms  (sub)
     hud:ladder      0.20 ms  (sub)
     hud:warp        3.77 ms  (sub)
     hud:arc         0.10 ms  (sub)
     hud:blend       1.83 ms  (sub)
     hud:yaw         0.84 ms  (sub)
     hud:cross       0.09 ms  (sub)
     disp:record     0.02 ms  (sub)
     disp:imshow     0.69 ms  (sub)
     disp:waitkey    5.81 ms  (sub)
[PROF 09:07:26]  51 frames   31.42 ms/frame  ->  31.8 FPS
   capture           8.35 ms   26.6%
   track             7.64 ms   24.3%
   ctrl+mav          0.63 ms    2.0%
   hud               8.59 ms   27.3%
   display           6.21 ms   19.8%
     detect          7.07 ms  (sub)
     tracker         0.00 ms  (sub)
     hud:overlay     1.55 ms  (sub)
     hud:setup       0.13 ms  (sub)
     hud:ladder      0.21 ms  (sub)
     hud:warp        3.97 ms  (sub)
     hud:arc         0.10 ms  (sub)
     hud:blend       1.78 ms  (sub)
     hud:yaw         0.69 ms  (sub)
     hud:cross       0.10 ms  (sub)
     disp:record     0.01 ms  (sub)
     disp:imshow     0.70 ms  (sub)
     disp:waitkey    5.45 ms  (sub)
[PROF 09:07:28]  52 frames   31.86 ms/frame  ->  31.4 FPS
   capture           7.70 ms   24.2%
   track             8.33 ms   26.2%
   ctrl+mav          0.63 ms    2.0%
   hud               9.06 ms   28.4%
   display           6.14 ms   19.3%
     detect          7.73 ms  (sub)
     tracker         0.00 ms  (sub)
     hud:overlay     1.53 ms  (sub)
     hud:setup       0.14 ms  (sub)
     hud:ladder      0.24 ms  (sub)
     hud:warp        4.27 ms  (sub)
     hud:arc         0.11 ms  (sub)
     hud:blend       1.87 ms  (sub)
     hud:yaw         0.72 ms  (sub)
     hud:cross       0.11 ms  (sub)
     disp:record     0.01 ms  (sub)
     disp:imshow     0.64 ms  (sub)
     disp:waitkey    5.43 ms  (sub)
[PROF 09:07:30]  51 frames   34.34 ms/frame  ->  29.1 FPS
   capture           8.58 ms   25.0%
   track             8.07 ms   23.5%
   ctrl+mav          0.75 ms    2.2%
   hud               8.76 ms   25.5%
   display           8.18 ms   23.8%
     detect          7.47 ms  (sub)
     tracker         0.00 ms  (sub)
     hud:overlay     1.58 ms  (sub)
     hud:setup       0.14 ms  (sub)
     hud:ladder      0.20 ms  (sub)
     hud:warp        4.05 ms  (sub)
     hud:arc         0.13 ms  (sub)
     hud:blend       1.81 ms  (sub)
     hud:yaw         0.71 ms  (sub)
     hud:cross       0.09 ms  (sub)
     disp:record     0.01 ms  (sub)
     disp:imshow     0.67 ms  (sub)
     disp:waitkey    7.46 ms  (sub)
[PROF 09:07:32]  54 frames   31.94 ms/frame  ->  31.3 FPS
   capture           8.58 ms   26.9%
   track             7.83 ms   24.5%
   ctrl+mav          0.68 ms    2.1%
   hud               8.61 ms   26.9%
   display           6.24 ms   19.5%
     detect          7.26 ms  (sub)
     tracker         0.00 ms  (sub)
     hud:overlay     1.60 ms  (sub)
     hud:setup       0.14 ms  (sub)
     hud:ladder      0.24 ms  (sub)
     hud:warp        3.95 ms  (sub)
     hud:arc         0.10 ms  (sub)
     hud:blend       1.74 ms  (sub)
     hud:yaw         0.69 ms  (sub)
     hud:cross       0.09 ms  (sub)
     disp:record     0.01 ms  (sub)
     disp:imshow     0.71 ms  (sub)
     disp:waitkey    5.48 ms  (sub)
[PROF 09:07:34]  52 frames   31.64 ms/frame  ->  31.6 FPS
   capture           8.40 ms   26.5%
   track             7.58 ms   24.0%
   ctrl+mav          0.67 ms    2.1%
   hud               8.38 ms   26.5%
   display           6.61 ms   20.9%
     detect          6.93 ms  (sub)
     tracker         0.00 ms  (sub)
     hud:overlay     1.59 ms  (sub)
     hud:setup       0.13 ms  (sub)
     hud:ladder      0.19 ms  (sub)
     hud:warp        3.75 ms  (sub)
     hud:arc         0.10 ms  (sub)
     hud:blend       1.78 ms  (sub)
     hud:yaw         0.69 ms  (sub)
     hud:cross       0.09 ms  (sub)
     disp:record     0.01 ms  (sub)
     disp:imshow     0.73 ms  (sub)
     disp:waitkey    5.82 ms  (sub)
[PROF 09:07:36]  51 frames   31.68 ms/frame  ->  31.6 FPS
   capture           8.57 ms   27.1%
   track             7.75 ms   24.5%
   ctrl+mav          0.63 ms    2.0%
   hud               8.42 ms   26.6%
   display           6.31 ms   19.9%
     detect          7.15 ms  (sub)
     tracker         0.00 ms  (sub)
     hud:overlay     1.56 ms  (sub)
     hud:setup       0.12 ms  (sub)
     hud:ladder      0.19 ms  (sub)
     hud:warp        3.80 ms  (sub)
     hud:arc         0.10 ms  (sub)
     hud:blend       1.83 ms  (sub)
     hud:yaw         0.67 ms  (sub)
     hud:cross       0.09 ms  (sub)
     disp:record     0.01 ms  (sub)
     disp:imshow     0.64 ms  (sub)
     disp:waitkey    5.60 ms  (sub)
[PROF 09:07:38]  49 frames   32.50 ms/frame  ->  30.8 FPS
   capture           8.22 ms   25.3%
   track             7.80 ms   24.0%
   ctrl+mav          0.67 ms    2.1%
   hud               9.16 ms   28.2%
   display           6.63 ms   20.4%
     detect          7.25 ms  (sub)
     tracker         0.00 ms  (sub)
     hud:overlay     1.68 ms  (sub)
     hud:setup       0.14 ms  (sub)
     hud:ladder      0.20 ms  (sub)
     hud:warp        4.38 ms  (sub)
     hud:arc         0.10 ms  (sub)
     hud:blend       1.80 ms  (sub)
     hud:yaw         0.70 ms  (sub)
     hud:cross       0.09 ms  (sub)
     disp:record     0.01 ms  (sub)
     disp:imshow     0.69 ms  (sub)
     disp:waitkey    5.89 ms  (sub)
[PROF 09:07:40]  52 frames   32.47 ms/frame  ->  30.8 FPS
   capture           8.26 ms   25.4%
   track             7.88 ms   24.3%
   ctrl+mav          0.70 ms    2.2%
   hud               9.09 ms   28.0%
   display           6.54 ms   20.1%
     detect          7.29 ms  (sub)
     tracker         0.00 ms  (sub)
     hud:overlay     1.63 ms  (sub)
     hud:setup       0.15 ms  (sub)
     hud:ladder      0.21 ms  (sub)
     hud:warp        4.18 ms  (sub)
     hud:arc         0.10 ms  (sub)
     hud:blend       1.95 ms  (sub)
     hud:yaw         0.71 ms  (sub)
     hud:cross       0.10 ms  (sub)
     disp:record     0.01 ms  (sub)
     disp:imshow     0.82 ms  (sub)
     disp:waitkey    5.66 ms  (sub)
[PROF 09:07:42]  57 frames   31.98 ms/frame  ->  31.3 FPS
   capture           8.24 ms   25.8%
   track             7.81 ms   24.4%
   ctrl+mav          0.69 ms    2.2%
   hud               8.88 ms   27.8%
   display           6.35 ms   19.9%
     detect          7.22 ms  (sub)
     tracker         0.00 ms  (sub)
     hud:overlay     1.56 ms  (sub)
     hud:setup       0.14 ms  (sub)
     hud:ladder      0.21 ms  (sub)
     hud:warp        4.14 ms  (sub)
     hud:arc         0.12 ms  (sub)
     hud:blend       1.85 ms  (sub)
     hud:yaw         0.71 ms  (sub)
     hud:cross       0.10 ms  (sub)
     disp:record     0.01 ms  (sub)
     disp:imshow     0.72 ms  (sub)
     disp:waitkey    5.57 ms  (sub)
[PROF 09:07:44]  51 frames   32.49 ms/frame  ->  30.8 FPS
   capture           8.89 ms   27.4%
   track             7.94 ms   24.4%
   ctrl+mav          0.72 ms    2.2%
   hud               8.66 ms   26.6%
   display           6.28 ms   19.3%
     detect          7.32 ms  (sub)
     tracker         0.00 ms  (sub)
     hud:overlay     1.60 ms  (sub)
     hud:setup       0.14 ms  (sub)
     hud:ladder      0.21 ms  (sub)
     hud:warp        3.96 ms  (sub)
     hud:arc         0.11 ms  (sub)
     hud:blend       1.75 ms  (sub)
     hud:yaw         0.73 ms  (sub)
     hud:cross       0.10 ms  (sub)
     disp:record     0.01 ms  (sub)
     disp:imshow     0.74 ms  (sub)
     disp:waitkey    5.48 ms  (sub)
