# pipeline profile — started 2026-07-22 08:32:01
[PROF 08:32:01]   1 frames   39.34 ms/frame  ->  25.4 FPS
   capture           2.43 ms    6.2%
   track            27.34 ms   69.5%
   ctrl+mav          0.42 ms    1.1%
   hud               3.30 ms    8.4%
   display           5.85 ms   14.9%
     detect          0.00 ms  (sub)
     tracker         0.00 ms  (sub)
[PROF 08:32:03]  54 frames   34.16 ms/frame  ->  29.3 FPS
   capture           3.51 ms   10.3%
   track            19.69 ms   57.6%
   ctrl+mav          0.61 ms    1.8%
   hud               3.79 ms   11.1%
   display           6.56 ms   19.2%
     detect          0.00 ms  (sub)
     tracker         0.00 ms  (sub)
[PROF 08:32:05]  57 frames   33.57 ms/frame  ->  29.8 FPS
   capture           3.56 ms   10.6%
   track            19.31 ms   57.5%
   ctrl+mav          0.52 ms    1.5%
   hud               3.65 ms   10.9%
   display           6.53 ms   19.4%
     detect          0.00 ms  (sub)
     tracker         0.00 ms  (sub)
[PROF 08:32:07]  51 frames   36.13 ms/frame  ->  27.7 FPS
   capture           3.61 ms   10.0%
   track            19.49 ms   53.9%
   ctrl+mav          2.82 ms    7.8%
   hud               3.61 ms   10.0%
   display           6.60 ms   18.3%
     detect          0.00 ms  (sub)
     tracker         0.00 ms  (sub)
[PROF 08:32:09]  56 frames   33.19 ms/frame  ->  30.1 FPS
   capture           3.77 ms   11.4%
   track            18.33 ms   55.2%
   ctrl+mav          0.56 ms    1.7%
   hud               3.60 ms   10.8%
   display           6.94 ms   20.9%
     detect          0.00 ms  (sub)
     tracker         0.00 ms  (sub)
[PROF 08:32:11]  59 frames   28.74 ms/frame  ->  34.8 FPS
   capture           3.37 ms   11.7%
   track            14.56 ms   50.7%
   ctrl+mav          0.50 ms    1.7%
   hud               3.78 ms   13.1%
   display           6.53 ms   22.7%
     detect          0.00 ms  (sub)
     tracker         0.00 ms  (sub)
[PROF 08:32:13]  59 frames   24.99 ms/frame  ->  40.0 FPS
   capture           3.37 ms   13.5%
   track             9.94 ms   39.8%
   ctrl+mav          0.41 ms    1.7%
   hud               4.03 ms   16.1%
   display           7.23 ms   28.9%
     detect          0.00 ms  (sub)
     tracker         0.00 ms  (sub)
[PROF 08:32:15]  58 frames   18.39 ms/frame  ->  54.4 FPS
   capture           3.53 ms   19.2%
   track             3.87 ms   21.0%
   ctrl+mav          0.31 ms    1.7%
   hud               4.07 ms   22.1%
   display           6.61 ms   36.0%
     detect          0.00 ms  (sub)
     tracker         0.00 ms  (sub)
[PROF 08:32:17]  58 frames   31.72 ms/frame  ->  31.5 FPS
   capture           3.80 ms   12.0%
   track            17.04 ms   53.7%
   ctrl+mav          0.54 ms    1.7%
   hud               3.83 ms   12.1%
   display           6.50 ms   20.5%
     detect          0.00 ms  (sub)
     tracker         0.00 ms  (sub)
[PROF 08:32:19]  54 frames   24.16 ms/frame  ->  41.4 FPS
   capture           3.46 ms   14.3%
   track             9.42 ms   39.0%
   ctrl+mav          0.43 ms    1.8%
   hud               4.19 ms   17.3%
   display           6.65 ms   27.5%
     detect          0.00 ms  (sub)
     tracker         0.00 ms  (sub)
[PROF 08:32:21]  53 frames   33.41 ms/frame  ->  29.9 FPS
   capture           3.82 ms   11.4%
   track            18.54 ms   55.5%
   ctrl+mav          0.59 ms    1.8%
   hud               3.93 ms   11.8%
   display           6.52 ms   19.5%
     detect          0.00 ms  (sub)
     tracker         0.00 ms  (sub)
[PROF 08:32:23]  50 frames   35.76 ms/frame  ->  28.0 FPS
   capture           3.84 ms   10.7%
   track            20.16 ms   56.4%
   ctrl+mav          0.65 ms    1.8%
   hud               4.03 ms   11.3%
   display           7.08 ms   19.8%
     detect          0.00 ms  (sub)
     tracker         0.00 ms  (sub)
[PROF 08:32:25]  48 frames   35.09 ms/frame  ->  28.5 FPS
   capture           4.12 ms   11.8%
   track            19.64 ms   56.0%
   ctrl+mav          0.55 ms    1.6%
   hud               3.92 ms   11.2%
   display           6.86 ms   19.6%
     detect          0.00 ms  (sub)
     tracker         0.00 ms  (sub)
[PROF 08:32:27]  45 frames   36.18 ms/frame  ->  27.6 FPS
   capture           3.92 ms   10.8%
   track            20.70 ms   57.2%
   ctrl+mav          0.63 ms    1.7%
   hud               4.20 ms   11.6%
   display           6.72 ms   18.6%
     detect          0.00 ms  (sub)
     tracker         0.00 ms  (sub)
[PROF 08:32:29]  48 frames   34.28 ms/frame  ->  29.2 FPS
   capture           3.82 ms   11.1%
   track            19.63 ms   57.3%
   ctrl+mav          0.52 ms    1.5%
   hud               3.88 ms   11.3%
   display           6.43 ms   18.8%
     detect          0.00 ms  (sub)
     tracker         0.00 ms  (sub)
[PROF 08:32:31]  46 frames   34.31 ms/frame  ->  29.1 FPS
   capture           3.66 ms   10.7%
   track            19.69 ms   57.4%
   ctrl+mav          0.57 ms    1.7%
   hud               3.74 ms   10.9%
   display           6.64 ms   19.4%
     detect          0.00 ms  (sub)
     tracker         0.00 ms  (sub)
[PROF 08:32:33]  54 frames   29.10 ms/frame  ->  34.4 FPS
   capture           3.81 ms   13.1%
   track            13.88 ms   47.7%
   ctrl+mav          0.52 ms    1.8%
   hud               4.35 ms   15.0%
   display           6.53 ms   22.5%
     detect          0.00 ms  (sub)
     tracker         0.00 ms  (sub)
[PROF 08:32:35]  53 frames   23.03 ms/frame  ->  43.4 FPS
   capture           3.60 ms   15.6%
   track             8.11 ms   35.2%
   ctrl+mav          0.45 ms    2.0%
   hud               4.24 ms   18.4%
   display           6.63 ms   28.8%
     detect          0.00 ms  (sub)
     tracker         0.00 ms  (sub)
[PROF 08:32:37]  49 frames   32.49 ms/frame  ->  30.8 FPS
   capture           3.74 ms   11.5%
   track            17.54 ms   54.0%
   ctrl+mav          0.54 ms    1.6%
   hud               3.92 ms   12.1%
   display           6.76 ms   20.8%
     detect          0.00 ms  (sub)
     tracker         0.00 ms  (sub)
[PROF 08:32:39]  56 frames   18.99 ms/frame  ->  52.7 FPS
   capture           4.29 ms   22.6%
   track             2.70 ms   14.2%
   ctrl+mav          0.48 ms    2.5%
   hud               4.96 ms   26.1%
   display           6.56 ms   34.6%
     detect          0.00 ms  (sub)
     tracker         0.00 ms  (sub)
[PROF 08:32:41]  54 frames   18.08 ms/frame  ->  55.3 FPS
   capture           3.66 ms   20.3%
   track             2.97 ms   16.4%
   ctrl+mav          0.31 ms    1.7%
   hud               4.52 ms   25.0%
   display           6.60 ms   36.5%
     detect          0.00 ms  (sub)
     tracker         0.00 ms  (sub)
[PROF 08:32:43]  49 frames   31.07 ms/frame  ->  32.2 FPS
   capture           3.93 ms   12.6%
   track            15.81 ms   50.9%
   ctrl+mav          0.48 ms    1.5%
   hud               4.12 ms   13.3%
   display           6.73 ms   21.7%
     detect          0.00 ms  (sub)
     tracker         0.00 ms  (sub)
[PROF 08:32:45]  51 frames   35.87 ms/frame  ->  27.9 FPS
   capture           3.78 ms   10.5%
   track            20.62 ms   57.5%
   ctrl+mav          0.59 ms    1.6%
   hud               3.88 ms   10.8%
   display           6.99 ms   19.5%
     detect          0.00 ms  (sub)
     tracker         0.00 ms  (sub)
[PROF 08:32:47]  49 frames   35.72 ms/frame  ->  28.0 FPS
   capture           3.69 ms   10.3%
   track            20.36 ms   57.0%
   ctrl+mav          0.60 ms    1.7%
   hud               4.06 ms   11.4%
   display           7.01 ms   19.6%
     detect          0.00 ms  (sub)
     tracker         0.00 ms  (sub)
[PROF 08:32:49]  51 frames   32.27 ms/frame  ->  31.0 FPS
   capture           3.91 ms   12.1%
   track            17.22 ms   53.3%
   ctrl+mav          0.55 ms    1.7%
   hud               3.84 ms   11.9%
   display           6.75 ms   20.9%
     detect          0.00 ms  (sub)
     tracker         0.00 ms  (sub)
[PROF 08:32:51]  51 frames   33.30 ms/frame  ->  30.0 FPS
   capture           3.90 ms   11.7%
   track            17.76 ms   53.4%
   ctrl+mav          0.54 ms    1.6%
   hud               4.21 ms   12.7%
   display           6.88 ms   20.7%
     detect          0.00 ms  (sub)
     tracker         0.00 ms  (sub)
[PROF 08:32:53]  46 frames   36.16 ms/frame  ->  27.7 FPS
   capture           3.72 ms   10.3%
   track            20.35 ms   56.3%
   ctrl+mav          0.70 ms    1.9%
   hud               4.29 ms   11.9%
   display           7.10 ms   19.6%
     detect          0.00 ms  (sub)
     tracker         0.00 ms  (sub)
[PROF 08:32:55]  47 frames   36.09 ms/frame  ->  27.7 FPS
   capture           3.98 ms   11.0%
   track            20.42 ms   56.6%
   ctrl+mav          0.57 ms    1.6%
   hud               4.38 ms   12.1%
   display           6.73 ms   18.7%
     detect          0.00 ms  (sub)
     tracker         0.00 ms  (sub)
[PROF 08:32:57]  51 frames   35.10 ms/frame  ->  28.5 FPS
   capture           4.34 ms   12.4%
   track            19.39 ms   55.2%
   ctrl+mav          0.57 ms    1.6%
   hud               3.93 ms   11.2%
   display           6.87 ms   19.6%
     detect          0.00 ms  (sub)
     tracker         0.00 ms  (sub)
[PROF 08:32:59]  49 frames   33.74 ms/frame  ->  29.6 FPS
   capture           4.07 ms   12.1%
   track            19.15 ms   56.8%
   ctrl+mav          0.55 ms    1.6%
   hud               3.72 ms   11.0%
   display           6.25 ms   18.5%
     detect          0.00 ms  (sub)
     tracker         0.00 ms  (sub)
[PROF 08:33:01]  50 frames   35.11 ms/frame  ->  28.5 FPS
   capture           3.75 ms   10.7%
   track            19.78 ms   56.3%
   ctrl+mav          0.56 ms    1.6%
   hud               4.13 ms   11.8%
   display           6.88 ms   19.6%
     detect          0.00 ms  (sub)
     tracker         0.00 ms  (sub)
[PROF 08:33:03]  51 frames   34.36 ms/frame  ->  29.1 FPS
   capture           3.76 ms   11.0%
   track            19.20 ms   55.9%
   ctrl+mav          0.59 ms    1.7%
   hud               4.08 ms   11.9%
   display           6.73 ms   19.6%
     detect          0.00 ms  (sub)
     tracker         0.00 ms  (sub)
[PROF 08:33:05]  52 frames   29.95 ms/frame  ->  33.4 FPS
   capture           3.51 ms   11.7%
   track            15.01 ms   50.1%
   ctrl+mav          0.55 ms    1.8%
   hud               4.05 ms   13.5%
   display           6.83 ms   22.8%
     detect          0.00 ms  (sub)
     tracker         0.00 ms  (sub)
[PROF 08:33:07]  51 frames   34.76 ms/frame  ->  28.8 FPS
   capture           3.74 ms   10.8%
   track            19.62 ms   56.5%
   ctrl+mav          0.77 ms    2.2%
   hud               4.00 ms   11.5%
   display           6.62 ms   19.0%
     detect          0.00 ms  (sub)
     tracker         0.00 ms  (sub)
[PROF 08:33:09]  50 frames   33.53 ms/frame  ->  29.8 FPS
   capture           3.77 ms   11.3%
   track            18.24 ms   54.4%
   ctrl+mav          0.58 ms    1.7%
   hud               4.08 ms   12.2%
   display           6.86 ms   20.4%
     detect          0.00 ms  (sub)
     tracker         0.00 ms  (sub)
[PROF 08:33:11]  45 frames   34.53 ms/frame  ->  29.0 FPS
   capture           4.07 ms   11.8%
   track            19.29 ms   55.9%
   ctrl+mav          0.56 ms    1.6%
   hud               3.96 ms   11.5%
   display           6.65 ms   19.2%
     detect          0.00 ms  (sub)
     tracker         0.00 ms  (sub)
[PROF 08:33:13]  49 frames   34.03 ms/frame  ->  29.4 FPS
   capture           3.97 ms   11.7%
   track            18.89 ms   55.5%
   ctrl+mav          0.56 ms    1.7%
   hud               3.87 ms   11.4%
   display           6.73 ms   19.8%
     detect          0.00 ms  (sub)
     tracker         0.00 ms  (sub)
[PROF 08:33:15]  54 frames   24.14 ms/frame  ->  41.4 FPS
   capture           4.01 ms   16.6%
   track             8.42 ms   34.9%
   ctrl+mav          0.47 ms    2.0%
   hud               4.42 ms   18.3%
   display           6.81 ms   28.2%
     detect          0.00 ms  (sub)
     tracker         0.00 ms  (sub)
[PROF 08:33:17]  52 frames   24.99 ms/frame  ->  40.0 FPS
   capture           4.52 ms   18.1%
   track             2.47 ms    9.9%
   ctrl+mav          1.26 ms    5.0%
   hud               4.45 ms   17.8%
   display          12.29 ms   49.2%
     detect          0.00 ms  (sub)
     tracker         0.00 ms  (sub)
[PROF 08:33:19]  54 frames   24.58 ms/frame  ->  40.7 FPS
   capture           4.57 ms   18.6%
   track             2.78 ms   11.3%
   ctrl+mav          0.64 ms    2.6%
   hud               4.54 ms   18.5%
   display          12.06 ms   49.0%
     detect          0.00 ms  (sub)
     tracker         0.00 ms  (sub)
[PROF 08:33:21]  56 frames   25.90 ms/frame  ->  38.6 FPS
   capture           4.82 ms   18.6%
   track             2.72 ms   10.5%
   ctrl+mav          0.54 ms    2.1%
   hud               4.86 ms   18.7%
   display          12.96 ms   50.0%
     detect          0.00 ms  (sub)
     tracker         0.00 ms  (sub)
[PROF 08:33:23]  53 frames   25.29 ms/frame  ->  39.5 FPS
   capture           4.60 ms   18.2%
   track             2.75 ms   10.9%
   ctrl+mav          0.59 ms    2.3%
   hud               4.58 ms   18.1%
   display          12.77 ms   50.5%
     detect          0.00 ms  (sub)
     tracker         0.00 ms  (sub)
[PROF 08:33:25]  59 frames   24.46 ms/frame  ->  40.9 FPS
   capture           4.21 ms   17.2%
   track             2.51 ms   10.3%
   ctrl+mav          0.51 ms    2.1%
   hud               4.44 ms   18.1%
   display          12.79 ms   52.3%
     detect          0.00 ms  (sub)
     tracker         0.00 ms  (sub)
[PROF 08:33:27]  54 frames   25.62 ms/frame  ->  39.0 FPS
   capture           4.52 ms   17.6%
   track             2.49 ms    9.7%
   ctrl+mav          0.51 ms    2.0%
   hud               4.71 ms   18.4%
   display          13.39 ms   52.3%
     detect          0.00 ms  (sub)
     tracker         0.00 ms  (sub)
[PROF 08:33:30]  56 frames   25.37 ms/frame  ->  39.4 FPS
   capture           4.50 ms   17.7%
   track             2.58 ms   10.2%
   ctrl+mav          0.57 ms    2.2%
   hud               4.65 ms   18.3%
   display          13.07 ms   51.5%
     detect          0.00 ms  (sub)
     tracker         0.00 ms  (sub)
[PROF 08:33:32]  55 frames   25.81 ms/frame  ->  38.7 FPS
   capture           4.47 ms   17.3%
   track             2.76 ms   10.7%
   ctrl+mav          0.55 ms    2.1%
   hud               4.90 ms   19.0%
   display          13.14 ms   50.9%
     detect          0.00 ms  (sub)
     tracker         0.00 ms  (sub)
[PROF 08:33:34]  53 frames   26.77 ms/frame  ->  37.4 FPS
   capture           4.38 ms   16.4%
   track             2.81 ms   10.5%
   ctrl+mav          0.60 ms    2.3%
   hud               4.96 ms   18.5%
   display          14.02 ms   52.4%
     detect          0.00 ms  (sub)
     tracker         0.00 ms  (sub)
[PROF 08:33:36]  56 frames   25.79 ms/frame  ->  38.8 FPS
   capture           4.98 ms   19.3%
   track             2.60 ms   10.1%
   ctrl+mav          0.74 ms    2.9%
   hud               4.59 ms   17.8%
   display          12.87 ms   49.9%
     detect          0.00 ms  (sub)
     tracker         0.00 ms  (sub)
[PROF 08:33:38]  55 frames   24.82 ms/frame  ->  40.3 FPS
   capture           4.45 ms   17.9%
   track             3.01 ms   12.1%
   ctrl+mav          0.57 ms    2.3%
   hud               4.50 ms   18.1%
   display          12.28 ms   49.5%
     detect          0.00 ms  (sub)
     tracker         0.00 ms  (sub)
[PROF 08:33:40]  57 frames   25.86 ms/frame  ->  38.7 FPS
   capture           4.07 ms   15.8%
   track             2.85 ms   11.0%
   ctrl+mav          0.64 ms    2.5%
   hud               4.70 ms   18.2%
   display          13.60 ms   52.6%
     detect          0.00 ms  (sub)
     tracker         0.00 ms  (sub)
[PROF 08:33:42]  59 frames   26.15 ms/frame  ->  38.2 FPS
   capture           4.84 ms   18.5%
   track             3.54 ms   13.5%
   ctrl+mav          0.68 ms    2.6%
   hud               4.73 ms   18.1%
   display          12.36 ms   47.3%
     detect          0.00 ms  (sub)
     tracker         0.00 ms  (sub)
[PROF 08:33:44]  52 frames   26.51 ms/frame  ->  37.7 FPS
   capture           5.21 ms   19.6%
   track             3.36 ms   12.7%
   ctrl+mav          0.65 ms    2.4%
   hud               4.93 ms   18.6%
   display          12.37 ms   46.6%
     detect          0.00 ms  (sub)
     tracker         0.00 ms  (sub)
[PROF 08:33:46]  58 frames   27.60 ms/frame  ->  36.2 FPS
   capture           4.51 ms   16.3%
   track             4.44 ms   16.1%
   ctrl+mav          0.60 ms    2.2%
   hud               4.85 ms   17.6%
   display          13.20 ms   47.8%
     detect          0.00 ms  (sub)
     tracker         0.00 ms  (sub)
[PROF 08:33:48]  51 frames   33.12 ms/frame  ->  30.2 FPS
   capture           5.12 ms   15.4%
   track            10.56 ms   31.9%
   ctrl+mav          0.55 ms    1.7%
   hud               4.29 ms   13.0%
   display          12.60 ms   38.0%
     detect          0.00 ms  (sub)
     tracker         0.00 ms  (sub)
[PROF 08:33:50]  15 frames  169.04 ms/frame  ->   5.9 FPS
   capture           4.17 ms    2.5%
   track           148.21 ms   87.7%
   ctrl+mav          1.34 ms    0.8%
   hud               4.10 ms    2.4%
   display          11.22 ms    6.6%
     detect          0.00 ms  (sub)
     tracker         0.00 ms  (sub)
