# pipeline profile — started 2026-07-22 08:53:21
[PROF 08:53:21]   1 frames   57.67 ms/frame  ->  17.3 FPS
   capture           3.12 ms    5.4%
   track             3.06 ms    5.3%
   ctrl+mav         41.03 ms   71.1%
   hud               4.34 ms    7.5%
   display           6.12 ms   10.6%
     detect          0.00 ms  (sub)
     tracker         0.00 ms  (sub)
[PROF 08:53:23]  54 frames   18.28 ms/frame  ->  54.7 FPS
   capture           4.15 ms   22.7%
   track             3.03 ms   16.6%
   ctrl+mav          0.43 ms    2.4%
   hud               4.14 ms   22.6%
   display           6.53 ms   35.7%
     detect          0.00 ms  (sub)
     tracker         0.00 ms  (sub)
[PROF 08:53:25]  57 frames   18.44 ms/frame  ->  54.2 FPS
   capture           3.83 ms   20.8%
   track             3.30 ms   17.9%
   ctrl+mav          0.40 ms    2.2%
   hud               3.93 ms   21.3%
   display           6.99 ms   37.9%
     detect          0.00 ms  (sub)
     tracker         0.00 ms  (sub)
[PROF 08:53:27]  57 frames   17.89 ms/frame  ->  55.9 FPS
   capture           3.71 ms   20.7%
   track             3.09 ms   17.3%
   ctrl+mav          0.33 ms    1.8%
   hud               4.10 ms   22.9%
   display           6.66 ms   37.2%
     detect          0.00 ms  (sub)
     tracker         0.00 ms  (sub)
[PROF 08:53:29]  59 frames   19.19 ms/frame  ->  52.1 FPS
   capture           3.75 ms   19.5%
   track             3.68 ms   19.2%
   ctrl+mav          0.35 ms    1.8%
   hud               4.60 ms   24.0%
   display           6.80 ms   35.5%
     detect          0.00 ms  (sub)
     tracker         0.00 ms  (sub)
[PROF 08:53:31]  58 frames   22.44 ms/frame  ->  44.6 FPS
   capture           3.49 ms   15.6%
   track             7.97 ms   35.5%
   ctrl+mav          0.35 ms    1.6%
   hud               4.06 ms   18.1%
   display           6.56 ms   29.2%
     detect          0.00 ms  (sub)
     tracker         0.00 ms  (sub)
[PROF 08:53:33]  57 frames   20.86 ms/frame  ->  47.9 FPS
   capture           3.64 ms   17.4%
   track             5.77 ms   27.7%
   ctrl+mav          0.40 ms    1.9%
   hud               4.35 ms   20.8%
   display           6.70 ms   32.1%
     detect          0.00 ms  (sub)
     tracker         0.00 ms  (sub)
[PROF 08:53:35]  51 frames   34.96 ms/frame  ->  28.6 FPS
   capture           3.66 ms   10.5%
   track            19.88 ms   56.9%
   ctrl+mav          0.55 ms    1.6%
   hud               3.90 ms   11.2%
   display           6.97 ms   19.9%
     detect          0.00 ms  (sub)
     tracker         0.00 ms  (sub)
[PROF 08:53:37]  55 frames   35.06 ms/frame  ->  28.5 FPS
   capture           3.69 ms   10.5%
   track            20.04 ms   57.2%
   ctrl+mav          0.60 ms    1.7%
   hud               3.85 ms   11.0%
   display           6.88 ms   19.6%
     detect          0.00 ms  (sub)
     tracker         0.00 ms  (sub)
[PROF 08:53:39]  47 frames   34.26 ms/frame  ->  29.2 FPS
   capture           3.94 ms   11.5%
   track            19.18 ms   56.0%
   ctrl+mav          0.55 ms    1.6%
   hud               4.12 ms   12.0%
   display           6.47 ms   18.9%
     detect          0.00 ms  (sub)
     tracker         0.00 ms  (sub)
[PROF 08:53:42]  52 frames   34.69 ms/frame  ->  28.8 FPS
   capture           3.58 ms   10.3%
   track            19.76 ms   57.0%
   ctrl+mav          0.57 ms    1.7%
   hud               3.82 ms   11.0%
   display           6.96 ms   20.1%
     detect          0.00 ms  (sub)
     tracker         0.00 ms  (sub)
[PROF 08:53:44]  49 frames   35.37 ms/frame  ->  28.3 FPS
   capture           3.57 ms   10.1%
   track            20.30 ms   57.4%
   ctrl+mav          0.61 ms    1.7%
   hud               3.99 ms   11.3%
   display           6.90 ms   19.5%
     detect          0.00 ms  (sub)
     tracker         0.00 ms  (sub)
[PROF 08:53:46]  49 frames   33.47 ms/frame  ->  29.9 FPS
   capture           3.60 ms   10.8%
   track            18.89 ms   56.4%
   ctrl+mav          0.57 ms    1.7%
   hud               3.88 ms   11.6%
   display           6.53 ms   19.5%
     detect          0.00 ms  (sub)
     tracker         0.00 ms  (sub)
[PROF 08:53:48]  50 frames   33.54 ms/frame  ->  29.8 FPS
   capture           4.13 ms   12.3%
   track            18.63 ms   55.5%
   ctrl+mav          0.53 ms    1.6%
   hud               3.67 ms   10.9%
   display           6.59 ms   19.6%
     detect          0.00 ms  (sub)
     tracker         0.00 ms  (sub)
[PROF 08:53:50]  47 frames   34.66 ms/frame  ->  28.8 FPS
   capture           4.04 ms   11.7%
   track            19.36 ms   55.9%
   ctrl+mav          0.55 ms    1.6%
   hud               4.07 ms   11.7%
   display           6.63 ms   19.1%
     detect          0.00 ms  (sub)
     tracker         0.00 ms  (sub)
[PROF 08:53:52]  53 frames   34.60 ms/frame  ->  28.9 FPS
   capture           3.96 ms   11.5%
   track            19.41 ms   56.1%
   ctrl+mav          0.62 ms    1.8%
   hud               4.08 ms   11.8%
   display           6.53 ms   18.9%
     detect          0.00 ms  (sub)
     tracker         0.00 ms  (sub)
[PROF 08:53:54]  47 frames   34.64 ms/frame  ->  28.9 FPS
   capture           4.12 ms   11.9%
   track            19.69 ms   56.8%
   ctrl+mav          0.52 ms    1.5%
   hud               3.76 ms   10.9%
   display           6.55 ms   18.9%
     detect          0.00 ms  (sub)
     tracker         0.00 ms  (sub)
[PROF 08:53:56]  49 frames   34.44 ms/frame  ->  29.0 FPS
   capture           4.09 ms   11.9%
   track            19.45 ms   56.5%
   ctrl+mav          0.56 ms    1.6%
   hud               4.00 ms   11.6%
   display           6.35 ms   18.4%
     detect          0.00 ms  (sub)
     tracker         0.00 ms  (sub)
[PROF 08:53:58]  53 frames   33.50 ms/frame  ->  29.9 FPS
   capture           3.73 ms   11.1%
   track            18.76 ms   56.0%
   ctrl+mav          0.58 ms    1.7%
   hud               3.93 ms   11.7%
   display           6.50 ms   19.4%
     detect          0.00 ms  (sub)
     tracker         0.00 ms  (sub)
[PROF 08:54:00]  51 frames   33.97 ms/frame  ->  29.4 FPS
   capture           3.81 ms   11.2%
   track            18.94 ms   55.8%
   ctrl+mav          0.52 ms    1.5%
   hud               3.82 ms   11.3%
   display           6.87 ms   20.2%
     detect          0.00 ms  (sub)
     tracker         0.00 ms  (sub)
[PROF 08:54:02]  52 frames   34.29 ms/frame  ->  29.2 FPS
   capture           3.88 ms   11.3%
   track            19.13 ms   55.8%
   ctrl+mav          0.57 ms    1.7%
   hud               3.92 ms   11.4%
   display           6.79 ms   19.8%
     detect          0.00 ms  (sub)
     tracker         0.00 ms  (sub)
[PROF 08:54:04]  52 frames   22.08 ms/frame  ->  45.3 FPS
   capture           3.47 ms   15.7%
   track             7.23 ms   32.7%
   ctrl+mav          0.39 ms    1.8%
   hud               4.41 ms   20.0%
   display           6.59 ms   29.8%
     detect          0.00 ms  (sub)
     tracker         0.00 ms  (sub)
[PROF 08:54:06]  50 frames   34.46 ms/frame  ->  29.0 FPS
   capture           3.66 ms   10.6%
   track            19.87 ms   57.7%
   ctrl+mav          0.58 ms    1.7%
   hud               3.69 ms   10.7%
   display           6.65 ms   19.3%
     detect          0.00 ms  (sub)
     tracker         0.00 ms  (sub)
[PROF 08:54:08]  57 frames   24.97 ms/frame  ->  40.0 FPS
   capture           3.95 ms   15.8%
   track             9.72 ms   38.9%
   ctrl+mav          0.46 ms    1.8%
   hud               4.03 ms   16.2%
   display           6.80 ms   27.2%
     detect          0.00 ms  (sub)
     tracker         0.00 ms  (sub)
[PROF 08:54:10]  54 frames   18.52 ms/frame  ->  54.0 FPS
   capture           3.75 ms   20.3%
   track             3.22 ms   17.4%
   ctrl+mav          0.42 ms    2.3%
   hud               4.23 ms   22.8%
   display           6.90 ms   37.3%
     detect          0.00 ms  (sub)
     tracker         0.00 ms  (sub)
[PROF 08:54:12]  55 frames   18.19 ms/frame  ->  55.0 FPS
   capture           3.66 ms   20.1%
   track             3.10 ms   17.1%
   ctrl+mav          0.34 ms    1.9%
   hud               4.11 ms   22.6%
   display           6.98 ms   38.4%
     detect          0.00 ms  (sub)
     tracker         0.00 ms  (sub)
[PROF 08:54:14]  57 frames   18.66 ms/frame  ->  53.6 FPS
   capture           3.75 ms   20.1%
   track             3.34 ms   17.9%
   ctrl+mav          0.41 ms    2.2%
   hud               4.31 ms   23.1%
   display           6.85 ms   36.7%
     detect          0.00 ms  (sub)
     tracker         0.00 ms  (sub)
[PROF 08:54:16]  52 frames   24.89 ms/frame  ->  40.2 FPS
   capture           3.64 ms   14.6%
   track             9.82 ms   39.4%
   ctrl+mav          0.49 ms    2.0%
   hud               4.00 ms   16.1%
   display           6.94 ms   27.9%
     detect          0.00 ms  (sub)
     tracker         0.00 ms  (sub)
[PROF 08:54:18]  51 frames   33.32 ms/frame  ->  30.0 FPS
   capture           3.41 ms   10.2%
   track            19.32 ms   58.0%
   ctrl+mav          0.62 ms    1.9%
   hud               3.69 ms   11.1%
   display           6.29 ms   18.9%
     detect          0.00 ms  (sub)
     tracker         0.00 ms  (sub)
[PROF 08:54:20]  51 frames   33.64 ms/frame  ->  29.7 FPS
   capture           3.95 ms   11.7%
   track            18.81 ms   55.9%
   ctrl+mav          0.53 ms    1.6%
   hud               3.75 ms   11.1%
   display           6.60 ms   19.6%
     detect          0.00 ms  (sub)
     tracker         0.00 ms  (sub)
[PROF 08:54:22]  51 frames   33.62 ms/frame  ->  29.7 FPS
   capture           4.01 ms   11.9%
   track            18.69 ms   55.6%
   ctrl+mav          0.51 ms    1.5%
   hud               3.77 ms   11.2%
   display           6.64 ms   19.7%
     detect          0.00 ms  (sub)
     tracker         0.00 ms  (sub)
[PROF 08:54:24]  52 frames   25.57 ms/frame  ->  39.1 FPS
   capture           3.80 ms   14.9%
   track            10.96 ms   42.9%
   ctrl+mav          0.44 ms    1.7%
   hud               3.92 ms   15.3%
   display           6.44 ms   25.2%
     detect          0.00 ms  (sub)
     tracker         0.00 ms  (sub)
[PROF 08:54:26]  59 frames   17.82 ms/frame  ->  56.1 FPS
   capture           3.67 ms   20.6%
   track             2.88 ms   16.2%
   ctrl+mav          0.41 ms    2.3%
   hud               4.17 ms   23.4%
   display           6.70 ms   37.6%
     detect          0.00 ms  (sub)
     tracker         0.00 ms  (sub)
[PROF 08:54:28]  58 frames   18.30 ms/frame  ->  54.6 FPS
   capture           3.64 ms   19.9%
   track             3.00 ms   16.4%
   ctrl+mav          0.34 ms    1.9%
   hud               4.31 ms   23.5%
   display           7.01 ms   38.3%
     detect          0.00 ms  (sub)
     tracker         0.00 ms  (sub)
[PROF 08:54:30]  61 frames   17.74 ms/frame  ->  56.4 FPS
   capture           3.51 ms   19.8%
   track             2.66 ms   15.0%
   ctrl+mav          0.30 ms    1.7%
   hud               4.48 ms   25.3%
   display           6.79 ms   38.3%
     detect          0.00 ms  (sub)
     tracker         0.00 ms  (sub)
[PROF 08:54:32]  57 frames   18.58 ms/frame  ->  53.8 FPS
   capture           3.61 ms   19.4%
   track             2.99 ms   16.1%
   ctrl+mav          0.41 ms    2.2%
   hud               4.46 ms   24.0%
   display           7.12 ms   38.3%
     detect          0.00 ms  (sub)
     tracker         0.00 ms  (sub)
[PROF 08:54:34]  55 frames   18.68 ms/frame  ->  53.5 FPS
   capture           3.69 ms   19.8%
   track             3.20 ms   17.1%
   ctrl+mav          0.34 ms    1.8%
   hud               4.14 ms   22.1%
   display           7.32 ms   39.2%
     detect          0.00 ms  (sub)
     tracker         0.00 ms  (sub)
[PROF 08:54:36]  56 frames   19.00 ms/frame  ->  52.6 FPS
   capture           4.14 ms   21.8%
   track             3.42 ms   18.0%
   ctrl+mav          0.43 ms    2.3%
   hud               4.05 ms   21.3%
   display           6.96 ms   36.6%
     detect          0.00 ms  (sub)
     tracker         0.00 ms  (sub)
[PROF 08:54:38]  61 frames   17.64 ms/frame  ->  56.7 FPS
   capture           3.61 ms   20.4%
   track             2.73 ms   15.5%
   ctrl+mav          0.36 ms    2.1%
   hud               4.19 ms   23.7%
   display           6.75 ms   38.3%
     detect          0.00 ms  (sub)
     tracker         0.00 ms  (sub)
[PROF 08:54:40]  57 frames   17.89 ms/frame  ->  55.9 FPS
   capture           3.69 ms   20.6%
   track             2.47 ms   13.8%
   ctrl+mav          0.32 ms    1.8%
   hud               4.45 ms   24.9%
   display           6.97 ms   38.9%
     detect          0.00 ms  (sub)
     tracker         0.00 ms  (sub)
[PROF 08:54:42]  49 frames   28.15 ms/frame  ->  35.5 FPS
   capture           4.28 ms   15.2%
   track             3.11 ms   11.1%
   ctrl+mav          1.36 ms    4.8%
   hud               4.44 ms   15.8%
   display          14.96 ms   53.1%
     detect          0.00 ms  (sub)
     tracker         0.00 ms  (sub)
[PROF 08:54:44]  57 frames   25.47 ms/frame  ->  39.3 FPS
   capture           4.72 ms   18.6%
   track             3.02 ms   11.9%
   ctrl+mav          0.57 ms    2.2%
   hud               4.47 ms   17.6%
   display          12.68 ms   49.8%
     detect          0.00 ms  (sub)
     tracker         0.00 ms  (sub)
[PROF 08:54:46]  57 frames   25.32 ms/frame  ->  39.5 FPS
   capture           4.75 ms   18.7%
   track             2.56 ms   10.1%
   ctrl+mav          0.62 ms    2.4%
   hud               4.61 ms   18.2%
   display          12.78 ms   50.5%
     detect          0.00 ms  (sub)
     tracker         0.00 ms  (sub)
[PROF 08:54:48]  55 frames   26.49 ms/frame  ->  37.8 FPS
   capture           4.74 ms   17.9%
   track             2.80 ms   10.6%
   ctrl+mav          0.71 ms    2.7%
   hud               5.06 ms   19.1%
   display          13.17 ms   49.7%
     detect          0.00 ms  (sub)
     tracker         0.00 ms  (sub)
[PROF 08:54:50]  53 frames   25.67 ms/frame  ->  38.9 FPS
   capture           4.74 ms   18.5%
   track             3.07 ms   12.0%
   ctrl+mav          0.59 ms    2.3%
   hud               4.39 ms   17.1%
   display          12.89 ms   50.2%
     detect          0.00 ms  (sub)
     tracker         0.00 ms  (sub)
[PROF 08:54:52]  56 frames   25.62 ms/frame  ->  39.0 FPS
   capture           4.77 ms   18.6%
   track             3.06 ms   12.0%
   ctrl+mav          0.61 ms    2.4%
   hud               4.67 ms   18.2%
   display          12.51 ms   48.8%
     detect          0.00 ms  (sub)
     tracker         0.00 ms  (sub)
[PROF 08:54:54]  55 frames   24.72 ms/frame  ->  40.5 FPS
   capture           4.91 ms   19.9%
   track             2.98 ms   12.1%
   ctrl+mav          0.56 ms    2.3%
   hud               4.31 ms   17.5%
   display          11.95 ms   48.3%
     detect          0.00 ms  (sub)
     tracker         0.00 ms  (sub)
[PROF 08:54:56]  55 frames   24.96 ms/frame  ->  40.1 FPS
   capture           4.67 ms   18.7%
   track             3.49 ms   14.0%
   ctrl+mav          0.67 ms    2.7%
   hud               4.24 ms   17.0%
   display          11.89 ms   47.6%
     detect          0.00 ms  (sub)
     tracker         0.00 ms  (sub)
[PROF 08:54:58]  52 frames   25.93 ms/frame  ->  38.6 FPS
   capture           5.09 ms   19.6%
   track             3.54 ms   13.7%
   ctrl+mav          0.62 ms    2.4%
   hud               4.43 ms   17.1%
   display          12.25 ms   47.2%
     detect          0.00 ms  (sub)
     tracker         0.00 ms  (sub)
[PROF 08:55:00]  56 frames   27.24 ms/frame  ->  36.7 FPS
   capture           4.93 ms   18.1%
   track             5.38 ms   19.7%
   ctrl+mav          0.56 ms    2.1%
   hud               4.57 ms   16.8%
   display          11.80 ms   43.3%
     detect          0.00 ms  (sub)
     tracker         0.00 ms  (sub)
[PROF 08:55:02]  42 frames   44.61 ms/frame  ->  22.4 FPS
   capture           4.68 ms   10.5%
   track            22.53 ms   50.5%
   ctrl+mav          0.70 ms    1.6%
   hud               4.39 ms    9.8%
   display          12.30 ms   27.6%
     detect          0.00 ms  (sub)
     tracker         0.00 ms  (sub)
[PROF 08:55:04]   4 frames  512.89 ms/frame  ->   1.9 FPS
   capture           4.42 ms    0.9%
   track           489.79 ms   95.5%
   ctrl+mav          3.02 ms    0.6%
   hud               4.34 ms    0.8%
   display          11.32 ms    2.2%
     detect          0.00 ms  (sub)
     tracker         0.00 ms  (sub)
[PROF 08:55:06]  41 frames   44.04 ms/frame  ->  22.7 FPS
   capture           5.04 ms   11.4%
   track            19.25 ms   43.7%
   ctrl+mav          4.16 ms    9.4%
   hud               4.11 ms    9.3%
   display          11.48 ms   26.1%
     detect          0.00 ms  (sub)
     tracker         0.00 ms  (sub)
