# pipeline profile — started 2026-07-22 08:41:43
[PROF 08:41:43]   1 frames   31.34 ms/frame  ->  31.9 FPS
   capture           3.09 ms    9.9%
   track            19.65 ms   62.7%
   ctrl+mav          0.28 ms    0.9%
   hud               4.08 ms   13.0%
   display           4.24 ms   13.5%
     detect          0.00 ms  (sub)
     tracker         0.00 ms  (sub)
[PROF 08:41:45]  56 frames   33.38 ms/frame  ->  30.0 FPS
   capture           3.47 ms   10.4%
   track            18.99 ms   56.9%
   ctrl+mav          0.59 ms    1.8%
   hud               3.51 ms   10.5%
   display           6.82 ms   20.4%
     detect          0.00 ms  (sub)
     tracker         0.00 ms  (sub)
[PROF 08:41:47]  53 frames   33.35 ms/frame  ->  30.0 FPS
   capture           3.49 ms   10.5%
   track            19.32 ms   58.0%
   ctrl+mav          0.50 ms    1.5%
   hud               3.53 ms   10.6%
   display           6.50 ms   19.5%
     detect          0.00 ms  (sub)
     tracker         0.00 ms  (sub)
[PROF 08:41:49]  42 frames   37.41 ms/frame  ->  26.7 FPS
   capture           4.24 ms   11.3%
   track            19.80 ms   52.9%
   ctrl+mav          3.17 ms    8.5%
   hud               3.68 ms    9.8%
   display           6.51 ms   17.4%
     detect          0.00 ms  (sub)
     tracker         0.00 ms  (sub)
[PROF 08:41:51]  50 frames   33.26 ms/frame  ->  30.1 FPS
   capture           4.03 ms   12.1%
   track            18.08 ms   54.4%
   ctrl+mav          0.52 ms    1.6%
   hud               3.88 ms   11.7%
   display           6.74 ms   20.3%
     detect          0.00 ms  (sub)
     tracker         0.00 ms  (sub)
[PROF 08:41:53]  51 frames   33.79 ms/frame  ->  29.6 FPS
   capture           3.94 ms   11.6%
   track            19.06 ms   56.4%
   ctrl+mav          0.60 ms    1.8%
   hud               3.68 ms   10.9%
   display           6.51 ms   19.3%
     detect          0.00 ms  (sub)
     tracker         0.00 ms  (sub)
[PROF 08:41:55]  59 frames   25.20 ms/frame  ->  39.7 FPS
   capture           3.87 ms   15.4%
   track            10.23 ms   40.6%
   ctrl+mav          0.48 ms    1.9%
   hud               3.85 ms   15.3%
   display           6.78 ms   26.9%
     detect          0.00 ms  (sub)
     tracker         0.00 ms  (sub)
[PROF 08:41:57]  61 frames   16.84 ms/frame  ->  59.4 FPS
   capture           3.53 ms   21.0%
   track             2.44 ms   14.5%
   ctrl+mav          0.29 ms    1.7%
   hud               3.90 ms   23.1%
   display           6.68 ms   39.7%
     detect          0.00 ms  (sub)
     tracker         0.00 ms  (sub)
[PROF 08:41:59]  57 frames   26.51 ms/frame  ->  37.7 FPS
   capture           3.62 ms   13.6%
   track            11.48 ms   43.3%
   ctrl+mav          0.59 ms    2.2%
   hud               4.14 ms   15.6%
   display           6.68 ms   25.2%
     detect          0.00 ms  (sub)
     tracker         0.00 ms  (sub)
[PROF 08:42:01]  58 frames   34.18 ms/frame  ->  29.3 FPS
   capture           3.72 ms   10.9%
   track            19.51 ms   57.1%
   ctrl+mav          0.61 ms    1.8%
   hud               3.79 ms   11.1%
   display           6.54 ms   19.1%
     detect          0.00 ms  (sub)
     tracker         0.00 ms  (sub)
[PROF 08:42:03]  53 frames   33.55 ms/frame  ->  29.8 FPS
   capture           3.59 ms   10.7%
   track            19.03 ms   56.7%
   ctrl+mav          0.63 ms    1.9%
   hud               3.75 ms   11.2%
   display           6.55 ms   19.5%
     detect          0.00 ms  (sub)
     tracker         0.00 ms  (sub)
[PROF 08:42:05]  52 frames   35.17 ms/frame  ->  28.4 FPS
   capture           3.69 ms   10.5%
   track            19.79 ms   56.3%
   ctrl+mav          0.56 ms    1.6%
   hud               4.06 ms   11.5%
   display           7.07 ms   20.1%
     detect          0.00 ms  (sub)
     tracker         0.00 ms  (sub)
[PROF 08:42:07]  55 frames   33.26 ms/frame  ->  30.1 FPS
   capture           3.52 ms   10.6%
   track            19.12 ms   57.5%
   ctrl+mav          0.58 ms    1.8%
   hud               3.66 ms   11.0%
   display           6.37 ms   19.2%
     detect          0.00 ms  (sub)
     tracker         0.00 ms  (sub)
[PROF 08:42:09]  52 frames   33.63 ms/frame  ->  29.7 FPS
   capture           3.70 ms   11.0%
   track            19.30 ms   57.4%
   ctrl+mav          0.52 ms    1.5%
   hud               3.53 ms   10.5%
   display           6.58 ms   19.6%
     detect          0.00 ms  (sub)
     tracker         0.00 ms  (sub)
[PROF 08:42:11]  48 frames   34.24 ms/frame  ->  29.2 FPS
   capture           4.04 ms   11.8%
   track            19.31 ms   56.4%
   ctrl+mav          0.55 ms    1.6%
   hud               3.55 ms   10.4%
   display           6.79 ms   19.8%
     detect          0.00 ms  (sub)
     tracker         0.00 ms  (sub)
[PROF 08:42:13]  55 frames   25.70 ms/frame  ->  38.9 FPS
   capture           3.87 ms   15.1%
   track            10.80 ms   42.0%
   ctrl+mav          0.42 ms    1.6%
   hud               3.87 ms   15.1%
   display           6.73 ms   26.2%
     detect          0.00 ms  (sub)
     tracker         0.00 ms  (sub)
[PROF 08:42:15]  58 frames   18.53 ms/frame  ->  54.0 FPS
   capture           3.78 ms   20.4%
   track             2.91 ms   15.7%
   ctrl+mav          0.45 ms    2.4%
   hud               4.22 ms   22.8%
   display           7.18 ms   38.7%
     detect          0.00 ms  (sub)
     tracker         0.00 ms  (sub)
[PROF 08:42:17]  59 frames   23.96 ms/frame  ->  41.7 FPS
   capture           3.30 ms   13.8%
   track             9.84 ms   41.1%
   ctrl+mav          0.38 ms    1.6%
   hud               3.87 ms   16.2%
   display           6.56 ms   27.4%
     detect          0.00 ms  (sub)
     tracker         0.00 ms  (sub)
[PROF 08:42:19]  58 frames   20.54 ms/frame  ->  48.7 FPS
   capture           3.69 ms   18.0%
   track             5.61 ms   27.3%
   ctrl+mav          0.42 ms    2.1%
   hud               4.14 ms   20.2%
   display           6.68 ms   32.5%
     detect          0.00 ms  (sub)
     tracker         0.00 ms  (sub)
[PROF 08:42:21]  49 frames   35.26 ms/frame  ->  28.4 FPS
   capture           4.50 ms   12.8%
   track            19.79 ms   56.1%
   ctrl+mav          0.61 ms    1.7%
   hud               4.00 ms   11.3%
   display           6.36 ms   18.0%
     detect          0.00 ms  (sub)
     tracker         0.00 ms  (sub)
[PROF 08:42:23]  51 frames   35.09 ms/frame  ->  28.5 FPS
   capture           4.21 ms   12.0%
   track            19.67 ms   56.1%
   ctrl+mav          0.69 ms    2.0%
   hud               3.92 ms   11.2%
   display           6.60 ms   18.8%
     detect          0.00 ms  (sub)
     tracker         0.00 ms  (sub)
[PROF 08:42:25]  51 frames   35.17 ms/frame  ->  28.4 FPS
   capture           4.05 ms   11.5%
   track            19.60 ms   55.7%
   ctrl+mav          0.60 ms    1.7%
   hud               3.99 ms   11.4%
   display           6.93 ms   19.7%
     detect          0.00 ms  (sub)
     tracker         0.00 ms  (sub)
[PROF 08:42:27]  48 frames   35.30 ms/frame  ->  28.3 FPS
   capture           3.74 ms   10.6%
   track            20.37 ms   57.7%
   ctrl+mav          0.67 ms    1.9%
   hud               3.84 ms   10.9%
   display           6.68 ms   18.9%
     detect          0.00 ms  (sub)
     tracker         0.00 ms  (sub)
[PROF 08:42:29]  46 frames   35.95 ms/frame  ->  27.8 FPS
   capture           3.75 ms   10.4%
   track            20.48 ms   57.0%
   ctrl+mav          0.58 ms    1.6%
   hud               4.15 ms   11.5%
   display           6.99 ms   19.4%
     detect          0.00 ms  (sub)
     tracker         0.00 ms  (sub)
[PROF 08:42:31]  51 frames   35.06 ms/frame  ->  28.5 FPS
   capture           3.72 ms   10.6%
   track            19.71 ms   56.2%
   ctrl+mav          0.64 ms    1.8%
   hud               4.20 ms   12.0%
   display           6.79 ms   19.4%
     detect          0.00 ms  (sub)
     tracker         0.00 ms  (sub)
[PROF 08:42:33]  48 frames   36.78 ms/frame  ->  27.2 FPS
   capture           3.62 ms    9.8%
   track            21.28 ms   57.8%
   ctrl+mav          0.67 ms    1.8%
   hud               4.04 ms   11.0%
   display           7.17 ms   19.5%
     detect          0.00 ms  (sub)
     tracker         0.00 ms  (sub)
[PROF 08:42:35]  52 frames   23.79 ms/frame  ->  42.0 FPS
   capture           3.51 ms   14.7%
   track             8.40 ms   35.3%
   ctrl+mav          0.50 ms    2.1%
   hud               4.31 ms   18.1%
   display           7.08 ms   29.8%
     detect          0.00 ms  (sub)
     tracker         0.00 ms  (sub)
[PROF 08:42:38]  51 frames   26.25 ms/frame  ->  38.1 FPS
   capture           3.81 ms   14.5%
   track            10.57 ms   40.3%
   ctrl+mav          0.54 ms    2.1%
   hud               4.10 ms   15.6%
   display           7.23 ms   27.5%
     detect          0.00 ms  (sub)
     tracker         0.00 ms  (sub)
[PROF 08:42:40]  57 frames   17.42 ms/frame  ->  57.4 FPS
   capture           3.58 ms   20.5%
   track             2.80 ms   16.1%
   ctrl+mav          0.34 ms    2.0%
   hud               4.17 ms   24.0%
   display           6.53 ms   37.5%
     detect          0.00 ms  (sub)
     tracker         0.00 ms  (sub)
[PROF 08:42:42]  55 frames   19.23 ms/frame  ->  52.0 FPS
   capture           3.53 ms   18.4%
   track             4.83 ms   25.1%
   ctrl+mav          0.34 ms    1.7%
   hud               3.95 ms   20.6%
   display           6.59 ms   34.2%
     detect          0.00 ms  (sub)
     tracker         0.00 ms  (sub)
[PROF 08:42:44]  55 frames   26.89 ms/frame  ->  37.2 FPS
   capture           3.69 ms   13.7%
   track            11.92 ms   44.3%
   ctrl+mav          0.50 ms    1.9%
   hud               4.08 ms   15.2%
   display           6.69 ms   24.9%
     detect          0.00 ms  (sub)
     tracker         0.00 ms  (sub)
[PROF 08:42:46]  51 frames   35.81 ms/frame  ->  27.9 FPS
   capture           3.89 ms   10.9%
   track            19.50 ms   54.4%
   ctrl+mav          0.56 ms    1.6%
   hud               4.68 ms   13.1%
   display           7.19 ms   20.1%
     detect          0.00 ms  (sub)
     tracker         0.00 ms  (sub)
[PROF 08:42:48]  49 frames   35.28 ms/frame  ->  28.3 FPS
   capture           3.51 ms    9.9%
   track            20.29 ms   57.5%
   ctrl+mav          0.57 ms    1.6%
   hud               3.89 ms   11.0%
   display           7.03 ms   19.9%
     detect          0.00 ms  (sub)
     tracker         0.00 ms  (sub)
[PROF 08:42:50]  51 frames   34.21 ms/frame  ->  29.2 FPS
   capture           3.68 ms   10.7%
   track            19.57 ms   57.2%
   ctrl+mav          0.54 ms    1.6%
   hud               3.73 ms   10.9%
   display           6.69 ms   19.5%
     detect          0.00 ms  (sub)
     tracker         0.00 ms  (sub)
[PROF 08:42:52]  51 frames   34.49 ms/frame  ->  29.0 FPS
   capture           3.85 ms   11.2%
   track            19.35 ms   56.1%
   ctrl+mav          0.58 ms    1.7%
   hud               3.86 ms   11.2%
   display           6.86 ms   19.9%
     detect          0.00 ms  (sub)
     tracker         0.00 ms  (sub)
[PROF 08:42:54]  54 frames   34.68 ms/frame  ->  28.8 FPS
   capture           4.17 ms   12.0%
   track            19.50 ms   56.2%
   ctrl+mav          0.58 ms    1.7%
   hud               3.59 ms   10.3%
   display           6.84 ms   19.7%
     detect          0.00 ms  (sub)
     tracker         0.00 ms  (sub)
[PROF 08:42:56]  46 frames   35.81 ms/frame  ->  27.9 FPS
   capture           4.07 ms   11.4%
   track            20.48 ms   57.2%
   ctrl+mav          0.61 ms    1.7%
   hud               3.84 ms   10.7%
   display           6.81 ms   19.0%
     detect          0.00 ms  (sub)
     tracker         0.00 ms  (sub)
[PROF 08:42:58]  52 frames   34.75 ms/frame  ->  28.8 FPS
   capture           3.78 ms   10.9%
   track            19.79 ms   57.0%
   ctrl+mav          0.58 ms    1.7%
   hud               3.88 ms   11.2%
   display           6.72 ms   19.3%
     detect          0.00 ms  (sub)
     tracker         0.00 ms  (sub)
[PROF 08:43:00]  49 frames   34.59 ms/frame  ->  28.9 FPS
   capture           4.21 ms   12.2%
   track            19.48 ms   56.3%
   ctrl+mav          0.58 ms    1.7%
   hud               3.83 ms   11.1%
   display           6.49 ms   18.8%
     detect          0.00 ms  (sub)
     tracker         0.00 ms  (sub)
[PROF 08:43:02]  45 frames   34.82 ms/frame  ->  28.7 FPS
   capture           3.96 ms   11.4%
   track            19.75 ms   56.7%
   ctrl+mav          0.55 ms    1.6%
   hud               3.79 ms   10.9%
   display           6.78 ms   19.5%
     detect          0.00 ms  (sub)
     tracker         0.00 ms  (sub)
[PROF 08:43:04]  44 frames   35.70 ms/frame  ->  28.0 FPS
   capture           3.87 ms   10.8%
   track            20.44 ms   57.3%
   ctrl+mav          0.55 ms    1.5%
   hud               3.97 ms   11.1%
   display           6.87 ms   19.2%
     detect          0.00 ms  (sub)
     tracker         0.00 ms  (sub)
[PROF 08:43:06]  49 frames   36.24 ms/frame  ->  27.6 FPS
   capture           3.83 ms   10.6%
   track            20.81 ms   57.4%
   ctrl+mav          0.58 ms    1.6%
   hud               3.93 ms   10.8%
   display           7.09 ms   19.6%
     detect          0.00 ms  (sub)
     tracker         0.00 ms  (sub)
[PROF 08:43:08]  47 frames   35.63 ms/frame  ->  28.1 FPS
   capture           3.70 ms   10.4%
   track            20.60 ms   57.8%
   ctrl+mav          0.56 ms    1.6%
   hud               3.89 ms   10.9%
   display           6.88 ms   19.3%
     detect          0.00 ms  (sub)
     tracker         0.00 ms  (sub)
[PROF 08:43:10]  49 frames   34.33 ms/frame  ->  29.1 FPS
   capture           3.84 ms   11.2%
   track            19.54 ms   56.9%
   ctrl+mav          0.56 ms    1.6%
   hud               3.75 ms   10.9%
   display           6.65 ms   19.4%
     detect          0.00 ms  (sub)
     tracker         0.00 ms  (sub)
[PROF 08:43:12]  52 frames   33.29 ms/frame  ->  30.0 FPS
   capture           3.60 ms   10.8%
   track            19.03 ms   57.2%
   ctrl+mav          0.49 ms    1.5%
   hud               3.68 ms   11.1%
   display           6.48 ms   19.5%
     detect          0.00 ms  (sub)
     tracker         0.00 ms  (sub)
[PROF 08:43:14]  50 frames   34.42 ms/frame  ->  29.1 FPS
   capture           3.86 ms   11.2%
   track            19.46 ms   56.6%
   ctrl+mav          0.54 ms    1.6%
   hud               3.70 ms   10.7%
   display           6.86 ms   19.9%
     detect          0.00 ms  (sub)
     tracker         0.00 ms  (sub)
[PROF 08:43:16]  58 frames   19.15 ms/frame  ->  52.2 FPS
   capture           3.34 ms   17.4%
   track             4.05 ms   21.2%
   ctrl+mav          0.39 ms    2.1%
   hud               4.38 ms   22.9%
   display           6.98 ms   36.5%
     detect          0.00 ms  (sub)
     tracker         0.00 ms  (sub)
[PROF 08:43:18]  53 frames   29.36 ms/frame  ->  34.1 FPS
   capture           4.20 ms   14.3%
   track             2.87 ms    9.8%
   ctrl+mav          1.25 ms    4.2%
   hud               4.77 ms   16.3%
   display          16.27 ms   55.4%
     detect          0.00 ms  (sub)
     tracker         0.00 ms  (sub)
[PROF 08:43:20]  59 frames   24.61 ms/frame  ->  40.6 FPS
   capture           4.05 ms   16.5%
   track             2.69 ms   10.9%
   ctrl+mav          0.52 ms    2.1%
   hud               4.42 ms   18.0%
   display          12.94 ms   52.6%
     detect          0.00 ms  (sub)
     tracker         0.00 ms  (sub)
[PROF 08:43:22]  57 frames   25.31 ms/frame  ->  39.5 FPS
   capture           4.40 ms   17.4%
   track             2.81 ms   11.1%
   ctrl+mav          0.66 ms    2.6%
   hud               4.23 ms   16.7%
   display          13.21 ms   52.2%
     detect          0.00 ms  (sub)
     tracker         0.00 ms  (sub)
[PROF 08:43:24]  57 frames   26.02 ms/frame  ->  38.4 FPS
   capture           4.63 ms   17.8%
   track             2.98 ms   11.4%
   ctrl+mav          0.63 ms    2.4%
   hud               4.59 ms   17.6%
   display          13.19 ms   50.7%
     detect          0.00 ms  (sub)
     tracker         0.00 ms  (sub)
[PROF 08:43:26]  55 frames   24.71 ms/frame  ->  40.5 FPS
   capture           4.00 ms   16.2%
   track             2.60 ms   10.5%
   ctrl+mav          0.55 ms    2.2%
   hud               4.58 ms   18.6%
   display          12.98 ms   52.5%
     detect          0.00 ms  (sub)
     tracker         0.00 ms  (sub)
[PROF 08:43:28]  58 frames   24.25 ms/frame  ->  41.2 FPS
   capture           4.10 ms   16.9%
   track             2.51 ms   10.4%
   ctrl+mav          0.59 ms    2.4%
   hud               4.08 ms   16.8%
   display          12.97 ms   53.5%
     detect          0.00 ms  (sub)
     tracker         0.00 ms  (sub)
[PROF 08:43:30]  56 frames   25.33 ms/frame  ->  39.5 FPS
   capture           4.45 ms   17.6%
   track             2.64 ms   10.4%
   ctrl+mav          0.64 ms    2.5%
   hud               4.68 ms   18.5%
   display          12.92 ms   51.0%
     detect          0.00 ms  (sub)
     tracker         0.00 ms  (sub)
[PROF 08:43:32]  59 frames   25.59 ms/frame  ->  39.1 FPS
   capture           4.83 ms   18.9%
   track             2.63 ms   10.3%
   ctrl+mav          0.62 ms    2.4%
   hud               4.28 ms   16.7%
   display          13.23 ms   51.7%
     detect          0.00 ms  (sub)
     tracker         0.00 ms  (sub)
[PROF 08:43:34]  54 frames   24.17 ms/frame  ->  41.4 FPS
   capture           4.25 ms   17.6%
   track             2.68 ms   11.1%
   ctrl+mav          0.57 ms    2.4%
   hud               4.23 ms   17.5%
   display          12.43 ms   51.4%
     detect          0.00 ms  (sub)
     tracker         0.00 ms  (sub)
[PROF 08:43:36]  56 frames   25.09 ms/frame  ->  39.9 FPS
   capture           4.60 ms   18.3%
   track             2.68 ms   10.7%
   ctrl+mav          0.61 ms    2.4%
   hud               4.22 ms   16.8%
   display          12.98 ms   51.7%
     detect          0.00 ms  (sub)
     tracker         0.00 ms  (sub)
[PROF 08:43:38]  54 frames   25.03 ms/frame  ->  40.0 FPS
   capture           4.18 ms   16.7%
   track             2.82 ms   11.3%
   ctrl+mav          0.53 ms    2.1%
   hud               4.45 ms   17.8%
   display          13.05 ms   52.1%
     detect          0.00 ms  (sub)
     tracker         0.00 ms  (sub)
[PROF 08:43:40]  54 frames   25.78 ms/frame  ->  38.8 FPS
   capture           4.25 ms   16.5%
   track             3.24 ms   12.6%
   ctrl+mav          0.59 ms    2.3%
   hud               4.89 ms   19.0%
   display          12.82 ms   49.7%
     detect          0.00 ms  (sub)
     tracker         0.00 ms  (sub)
[PROF 08:43:42]  54 frames   26.61 ms/frame  ->  37.6 FPS
   capture           5.04 ms   18.9%
   track             3.31 ms   12.5%
   ctrl+mav          0.60 ms    2.3%
   hud               4.35 ms   16.4%
   display          13.30 ms   50.0%
     detect          0.00 ms  (sub)
     tracker         0.00 ms  (sub)
[PROF 08:43:44]  59 frames   25.70 ms/frame  ->  38.9 FPS
   capture           4.20 ms   16.4%
   track             3.17 ms   12.3%
   ctrl+mav          0.55 ms    2.1%
   hud               4.52 ms   17.6%
   display          13.26 ms   51.6%
     detect          0.00 ms  (sub)
     tracker         0.00 ms  (sub)
[PROF 08:43:46]  54 frames   26.94 ms/frame  ->  37.1 FPS
   capture           4.08 ms   15.1%
   track             3.81 ms   14.2%
   ctrl+mav          0.64 ms    2.4%
   hud               4.44 ms   16.5%
   display          13.97 ms   51.8%
     detect          0.00 ms  (sub)
     tracker         0.00 ms  (sub)
[PROF 08:43:48]  57 frames   27.00 ms/frame  ->  37.0 FPS
   capture           4.77 ms   17.7%
   track             4.34 ms   16.1%
   ctrl+mav          0.58 ms    2.1%
   hud               4.43 ms   16.4%
   display          12.88 ms   47.7%
     detect          0.00 ms  (sub)
     tracker         0.00 ms  (sub)
[PROF 08:43:50]  57 frames   29.36 ms/frame  ->  34.1 FPS
   capture           4.77 ms   16.3%
   track             7.41 ms   25.2%
   ctrl+mav          0.56 ms    1.9%
   hud               3.98 ms   13.6%
   display          12.63 ms   43.0%
     detect          0.00 ms  (sub)
     tracker         0.00 ms  (sub)
[PROF 08:43:53]  32 frames   72.24 ms/frame  ->  13.8 FPS
   capture           4.75 ms    6.6%
   track            50.06 ms   69.3%
   ctrl+mav          0.93 ms    1.3%
   hud               4.18 ms    5.8%
   display          12.32 ms   17.0%
     detect          0.00 ms  (sub)
     tracker         0.00 ms  (sub)
[PROF 08:43:55]  14 frames  140.83 ms/frame  ->   7.1 FPS
   capture           4.53 ms    3.2%
   track           119.66 ms   85.0%
   ctrl+mav          1.12 ms    0.8%
   hud               3.76 ms    2.7%
   display          11.76 ms    8.3%
     detect          0.00 ms  (sub)
     tracker         0.00 ms  (sub)
