# pipeline profile — started 2026-07-22 09:12:51
[PROF 09:12:51]   1 frames   72.05 ms/frame  ->  13.9 FPS
   capture           2.27 ms    3.2%
   track            18.27 ms   25.4%
   ctrl+mav         42.27 ms   58.7%
   hud               3.71 ms    5.1%
   display           5.52 ms    7.7%
     detect          0.00 ms  (sub)
     tracker         0.00 ms  (sub)
[PROF 09:12:53]  49 frames   33.10 ms/frame  ->  30.2 FPS
   capture           4.01 ms   12.1%
   track            18.21 ms   55.0%
   ctrl+mav          0.55 ms    1.7%
   hud               3.70 ms   11.2%
   display           6.65 ms   20.1%
     detect          0.00 ms  (sub)
     tracker         0.00 ms  (sub)
[PROF 09:12:55]  58 frames   18.16 ms/frame  ->  55.1 FPS
   capture           3.78 ms   20.8%
   track             3.32 ms   18.3%
   ctrl+mav          0.35 ms    1.9%
   hud               3.98 ms   21.9%
   display           6.73 ms   37.0%
     detect          0.00 ms  (sub)
     tracker         0.00 ms  (sub)
[PROF 09:12:57]  59 frames   17.00 ms/frame  ->  58.8 FPS
   capture           3.79 ms   22.3%
   track             2.34 ms   13.8%
   ctrl+mav          0.40 ms    2.3%
   hud               3.87 ms   22.8%
   display           6.61 ms   38.9%
     detect          0.00 ms  (sub)
     tracker         0.00 ms  (sub)
[PROF 09:12:59]  59 frames   18.17 ms/frame  ->  55.0 FPS
   capture           3.56 ms   19.6%
   track             3.25 ms   17.9%
   ctrl+mav          0.40 ms    2.2%
   hud               4.37 ms   24.1%
   display           6.60 ms   36.3%
     detect          0.00 ms  (sub)
     tracker         0.00 ms  (sub)
[PROF 09:13:01]  59 frames   25.02 ms/frame  ->  40.0 FPS
   capture           3.62 ms   14.5%
   track            10.23 ms   40.9%
   ctrl+mav          0.45 ms    1.8%
   hud               4.12 ms   16.5%
   display           6.59 ms   26.3%
     detect          0.00 ms  (sub)
     tracker         0.00 ms  (sub)
[PROF 09:13:04]  57 frames   19.68 ms/frame  ->  50.8 FPS
   capture           4.14 ms   21.0%
   track             4.29 ms   21.8%
   ctrl+mav          0.34 ms    1.7%
   hud               4.30 ms   21.9%
   display           6.61 ms   33.6%
     detect          0.00 ms  (sub)
     tracker         0.00 ms  (sub)
[PROF 09:13:06]  52 frames   34.17 ms/frame  ->  29.3 FPS
   capture           4.16 ms   12.2%
   track            19.07 ms   55.8%
   ctrl+mav          0.56 ms    1.6%
   hud               3.86 ms   11.3%
   display           6.51 ms   19.1%
     detect          0.00 ms  (sub)
     tracker         0.00 ms  (sub)
[PROF 09:13:08]  51 frames   36.25 ms/frame  ->  27.6 FPS
   capture           4.06 ms   11.2%
   track            20.75 ms   57.3%
   ctrl+mav          0.62 ms    1.7%
   hud               3.95 ms   10.9%
   display           6.86 ms   18.9%
     detect          0.00 ms  (sub)
     tracker         0.00 ms  (sub)
[PROF 09:13:10]  50 frames   35.64 ms/frame  ->  28.1 FPS
   capture           3.94 ms   11.1%
   track            20.54 ms   57.6%
   ctrl+mav          0.59 ms    1.7%
   hud               3.93 ms   11.0%
   display           6.63 ms   18.6%
     detect          0.00 ms  (sub)
     tracker         0.00 ms  (sub)
[PROF 09:13:12]  51 frames   34.20 ms/frame  ->  29.2 FPS
   capture           3.87 ms   11.3%
   track            19.22 ms   56.2%
   ctrl+mav          0.59 ms    1.7%
   hud               4.13 ms   12.1%
   display           6.39 ms   18.7%
     detect          0.00 ms  (sub)
     tracker         0.00 ms  (sub)
[PROF 09:13:14]  47 frames   35.40 ms/frame  ->  28.3 FPS
   capture           4.28 ms   12.1%
   track            19.90 ms   56.2%
   ctrl+mav          0.63 ms    1.8%
   hud               3.91 ms   11.0%
   display           6.68 ms   18.9%
     detect          0.00 ms  (sub)
     tracker         0.00 ms  (sub)
[PROF 09:13:16]  47 frames   36.85 ms/frame  ->  27.1 FPS
   capture           4.53 ms   12.3%
   track            20.90 ms   56.7%
   ctrl+mav          0.62 ms    1.7%
   hud               4.12 ms   11.2%
   display           6.67 ms   18.1%
     detect          0.00 ms  (sub)
     tracker         0.00 ms  (sub)
[PROF 09:13:18]  47 frames   35.96 ms/frame  ->  27.8 FPS
   capture           4.27 ms   11.9%
   track            20.16 ms   56.1%
   ctrl+mav          0.58 ms    1.6%
   hud               4.09 ms   11.4%
   display           6.87 ms   19.1%
     detect          0.00 ms  (sub)
     tracker         0.00 ms  (sub)
[PROF 09:13:20]  43 frames   35.66 ms/frame  ->  28.0 FPS
   capture           4.15 ms   11.6%
   track            20.57 ms   57.7%
   ctrl+mav          0.50 ms    1.4%
   hud               3.84 ms   10.8%
   display           6.60 ms   18.5%
     detect          0.00 ms  (sub)
     tracker         0.00 ms  (sub)
[PROF 09:13:22]  49 frames   36.01 ms/frame  ->  27.8 FPS
   capture           3.97 ms   11.0%
   track            20.46 ms   56.8%
   ctrl+mav          0.66 ms    1.8%
   hud               4.27 ms   11.9%
   display           6.64 ms   18.5%
     detect          0.00 ms  (sub)
     tracker         0.00 ms  (sub)
[PROF 09:13:24]  48 frames   34.93 ms/frame  ->  28.6 FPS
   capture           3.97 ms   11.4%
   track            19.77 ms   56.6%
   ctrl+mav          0.57 ms    1.6%
   hud               3.92 ms   11.2%
   display           6.71 ms   19.2%
     detect          0.00 ms  (sub)
     tracker         0.00 ms  (sub)
[PROF 09:13:26]  48 frames   35.19 ms/frame  ->  28.4 FPS
   capture           3.77 ms   10.7%
   track            20.10 ms   57.1%
   ctrl+mav          0.57 ms    1.6%
   hud               4.07 ms   11.6%
   display           6.68 ms   19.0%
     detect          0.00 ms  (sub)
     tracker         0.00 ms  (sub)
[PROF 09:13:28]  51 frames   34.64 ms/frame  ->  28.9 FPS
   capture           3.88 ms   11.2%
   track            19.79 ms   57.1%
   ctrl+mav          0.58 ms    1.7%
   hud               3.95 ms   11.4%
   display           6.44 ms   18.6%
     detect          0.00 ms  (sub)
     tracker         0.00 ms  (sub)
[PROF 09:13:30]  50 frames   33.99 ms/frame  ->  29.4 FPS
   capture           4.00 ms   11.8%
   track            19.01 ms   55.9%
   ctrl+mav          0.54 ms    1.6%
   hud               3.89 ms   11.5%
   display           6.54 ms   19.2%
     detect          0.00 ms  (sub)
     tracker         0.00 ms  (sub)
[PROF 09:13:32]  50 frames   32.26 ms/frame  ->  31.0 FPS
   capture           3.90 ms   12.1%
   track            17.41 ms   54.0%
   ctrl+mav          0.49 ms    1.5%
   hud               3.85 ms   11.9%
   display           6.62 ms   20.5%
     detect          0.00 ms  (sub)
     tracker         0.00 ms  (sub)
[PROF 09:13:34]  53 frames   30.43 ms/frame  ->  32.9 FPS
   capture           4.16 ms   13.7%
   track            14.80 ms   48.6%
   ctrl+mav          0.50 ms    1.6%
   hud               4.24 ms   13.9%
   display           6.72 ms   22.1%
     detect          0.00 ms  (sub)
     tracker         0.00 ms  (sub)
[PROF 09:13:36]  48 frames   29.11 ms/frame  ->  34.4 FPS
   capture           3.93 ms   13.5%
   track            14.02 ms   48.2%
   ctrl+mav          0.59 ms    2.0%
   hud               4.04 ms   13.9%
   display           6.53 ms   22.4%
     detect          0.00 ms  (sub)
     tracker         0.00 ms  (sub)
[PROF 09:13:38]  54 frames   19.80 ms/frame  ->  50.5 FPS
   capture           4.13 ms   20.8%
   track             3.16 ms   16.0%
   ctrl+mav          0.37 ms    1.9%
   hud               5.11 ms   25.8%
   display           7.04 ms   35.5%
     detect          0.00 ms  (sub)
     tracker         0.00 ms  (sub)
[PROF 09:13:40]  57 frames   18.97 ms/frame  ->  52.7 FPS
   capture           4.05 ms   21.3%
   track             3.26 ms   17.2%
   ctrl+mav          0.35 ms    1.8%
   hud               4.60 ms   24.3%
   display           6.71 ms   35.4%
     detect          0.00 ms  (sub)
     tracker         0.00 ms  (sub)
[PROF 09:13:42]  59 frames   19.34 ms/frame  ->  51.7 FPS
   capture           4.26 ms   22.0%
   track             3.51 ms   18.2%
   ctrl+mav          0.38 ms    2.0%
   hud               4.50 ms   23.3%
   display           6.68 ms   34.5%
     detect          0.00 ms  (sub)
     tracker         0.00 ms  (sub)
[PROF 09:13:44]  58 frames   20.44 ms/frame  ->  48.9 FPS
   capture           4.00 ms   19.5%
   track             3.93 ms   19.2%
   ctrl+mav          0.45 ms    2.2%
   hud               5.30 ms   25.9%
   display           6.77 ms   33.1%
     detect          0.00 ms  (sub)
     tracker         0.00 ms  (sub)
[PROF 09:13:46]  48 frames   36.19 ms/frame  ->  27.6 FPS
   capture           4.10 ms   11.3%
   track            20.55 ms   56.8%
   ctrl+mav          0.58 ms    1.6%
   hud               4.25 ms   11.7%
   display           6.70 ms   18.5%
     detect          0.00 ms  (sub)
     tracker         0.00 ms  (sub)
[PROF 09:13:48]  48 frames   37.32 ms/frame  ->  26.8 FPS
   capture           4.29 ms   11.5%
   track            20.94 ms   56.1%
   ctrl+mav          0.61 ms    1.6%
   hud               4.40 ms   11.8%
   display           7.08 ms   19.0%
     detect          0.00 ms  (sub)
     tracker         0.00 ms  (sub)
[PROF 09:13:50]  47 frames   38.38 ms/frame  ->  26.1 FPS
   capture           4.02 ms   10.5%
   track            22.28 ms   58.0%
   ctrl+mav          0.65 ms    1.7%
   hud               4.39 ms   11.4%
   display           7.03 ms   18.3%
     detect          0.00 ms  (sub)
     tracker         0.00 ms  (sub)
[PROF 09:13:52]  40 frames   38.13 ms/frame  ->  26.2 FPS
   capture           4.49 ms   11.8%
   track            22.11 ms   58.0%
   ctrl+mav          0.60 ms    1.6%
   hud               4.08 ms   10.7%
   display           6.84 ms   17.9%
     detect          0.00 ms  (sub)
     tracker         0.00 ms  (sub)
[PROF 09:13:54]  52 frames   25.58 ms/frame  ->  39.1 FPS
   capture           4.49 ms   17.5%
   track             8.41 ms   32.9%
   ctrl+mav          0.47 ms    1.8%
   hud               5.17 ms   20.2%
   display           7.05 ms   27.5%
     detect          0.00 ms  (sub)
     tracker         0.00 ms  (sub)
[PROF 09:13:56]  55 frames   22.77 ms/frame  ->  43.9 FPS
   capture           4.32 ms   19.0%
   track             6.66 ms   29.3%
   ctrl+mav          0.49 ms    2.2%
   hud               4.42 ms   19.4%
   display           6.88 ms   30.2%
     detect          0.00 ms  (sub)
     tracker         0.00 ms  (sub)
[PROF 09:13:58]  57 frames   19.15 ms/frame  ->  52.2 FPS
   capture           4.16 ms   21.7%
   track             2.64 ms   13.8%
   ctrl+mav          0.39 ms    2.1%
   hud               4.91 ms   25.7%
   display           7.05 ms   36.8%
     detect          0.00 ms  (sub)
     tracker         0.00 ms  (sub)
[PROF 09:14:00]  59 frames   20.25 ms/frame  ->  49.4 FPS
   capture           4.51 ms   22.3%
   track             3.11 ms   15.4%
   ctrl+mav          0.39 ms    1.9%
   hud               5.20 ms   25.7%
   display           7.04 ms   34.7%
     detect          0.00 ms  (sub)
     tracker         0.00 ms  (sub)
[PROF 09:14:02]  56 frames   19.86 ms/frame  ->  50.3 FPS
   capture           4.25 ms   21.4%
   track             2.92 ms   14.7%
   ctrl+mav          0.35 ms    1.8%
   hud               5.09 ms   25.6%
   display           7.25 ms   36.5%
     detect          0.00 ms  (sub)
     tracker         0.00 ms  (sub)
[PROF 09:14:04]  57 frames   19.85 ms/frame  ->  50.4 FPS
   capture           4.53 ms   22.8%
   track             3.30 ms   16.6%
   ctrl+mav          0.48 ms    2.4%
   hud               4.76 ms   24.0%
   display           6.79 ms   34.2%
     detect          0.00 ms  (sub)
     tracker         0.00 ms  (sub)
[PROF 09:14:06]  51 frames   23.46 ms/frame  ->  42.6 FPS
   capture           4.40 ms   18.8%
   track             3.17 ms   13.5%
   ctrl+mav          1.82 ms    7.7%
   hud               4.93 ms   21.0%
   display           9.15 ms   39.0%
     detect          0.00 ms  (sub)
     tracker         0.00 ms  (sub)
[PROF 09:14:08]  55 frames   28.58 ms/frame  ->  35.0 FPS
   capture           5.88 ms   20.6%
   track             3.32 ms   11.6%
   ctrl+mav          0.74 ms    2.6%
   hud               5.03 ms   17.6%
   display          13.61 ms   47.6%
     detect          0.00 ms  (sub)
     tracker         0.00 ms  (sub)
[PROF 09:14:10]  57 frames   26.48 ms/frame  ->  37.8 FPS
   capture           5.24 ms   19.8%
   track             2.90 ms   11.0%
   ctrl+mav          0.58 ms    2.2%
   hud               5.13 ms   19.4%
   display          12.62 ms   47.7%
     detect          0.00 ms  (sub)
     tracker         0.00 ms  (sub)
[PROF 09:14:12]  54 frames   28.57 ms/frame  ->  35.0 FPS
   capture           5.13 ms   17.9%
   track             3.13 ms   10.9%
   ctrl+mav          0.75 ms    2.6%
   hud               6.10 ms   21.4%
   display          13.47 ms   47.1%
     detect          0.00 ms  (sub)
     tracker         0.00 ms  (sub)
[PROF 09:14:14]  55 frames   26.07 ms/frame  ->  38.4 FPS
   capture           5.05 ms   19.4%
   track             2.87 ms   11.0%
   ctrl+mav          0.61 ms    2.3%
   hud               4.91 ms   18.8%
   display          12.64 ms   48.5%
     detect          0.00 ms  (sub)
     tracker         0.00 ms  (sub)
[PROF 09:14:16]  50 frames   27.89 ms/frame  ->  35.8 FPS
   capture           5.68 ms   20.4%
   track             2.95 ms   10.6%
   ctrl+mav          0.67 ms    2.4%
   hud               5.24 ms   18.8%
   display          13.36 ms   47.9%
     detect          0.00 ms  (sub)
     tracker         0.00 ms  (sub)
[PROF 09:14:18]  47 frames   29.60 ms/frame  ->  33.8 FPS
   capture           6.24 ms   21.1%
   track             3.13 ms   10.6%
   ctrl+mav          0.76 ms    2.6%
   hud               5.85 ms   19.8%
   display          13.63 ms   46.0%
     detect          0.00 ms  (sub)
     tracker         0.00 ms  (sub)
[PROF 09:14:20]  53 frames   27.50 ms/frame  ->  36.4 FPS
   capture           5.10 ms   18.5%
   track             2.96 ms   10.8%
   ctrl+mav          0.60 ms    2.2%
   hud               5.16 ms   18.7%
   display          13.69 ms   49.8%
     detect          0.00 ms  (sub)
     tracker         0.00 ms  (sub)
[PROF 09:14:22]  55 frames   28.52 ms/frame  ->  35.1 FPS
   capture           5.79 ms   20.3%
   track             3.41 ms   11.9%
   ctrl+mav          0.79 ms    2.8%
   hud               4.98 ms   17.5%
   display          13.56 ms   47.5%
     detect          0.00 ms  (sub)
     tracker         0.00 ms  (sub)
[PROF 09:14:24]  54 frames   28.40 ms/frame  ->  35.2 FPS
   capture           5.41 ms   19.0%
   track             3.51 ms   12.4%
   ctrl+mav          0.72 ms    2.5%
   hud               5.58 ms   19.6%
   display          13.18 ms   46.4%
     detect          0.00 ms  (sub)
     tracker         0.00 ms  (sub)
[PROF 09:14:26]  53 frames   28.72 ms/frame  ->  34.8 FPS
   capture           5.73 ms   19.9%
   track             4.32 ms   15.0%
   ctrl+mav          0.80 ms    2.8%
   hud               5.28 ms   18.4%
   display          12.59 ms   43.8%
     detect          0.00 ms  (sub)
     tracker         0.00 ms  (sub)
[PROF 09:14:28]  50 frames   32.50 ms/frame  ->  30.8 FPS
   capture           5.44 ms   16.7%
   track             8.01 ms   24.6%
   ctrl+mav          0.72 ms    2.2%
   hud               5.23 ms   16.1%
   display          13.10 ms   40.3%
     detect          0.00 ms  (sub)
     tracker         0.00 ms  (sub)
[PROF 09:14:31]  24 frames  125.27 ms/frame  ->   8.0 FPS
   capture           5.45 ms    4.3%
   track           102.22 ms   81.6%
   ctrl+mav          1.16 ms    0.9%
   hud               4.62 ms    3.7%
   display          11.83 ms    9.4%
     detect          0.00 ms  (sub)
     tracker         0.00 ms  (sub)
[PROF 09:14:34]  39 frames   47.28 ms/frame  ->  21.2 FPS
   capture           5.24 ms   11.1%
   track            20.66 ms   43.7%
   ctrl+mav          4.49 ms    9.5%
   hud               4.30 ms    9.1%
   display          12.59 ms   26.6%
     detect          0.00 ms  (sub)
     tracker         0.00 ms  (sub)
